2026-08-06 06:58:35.413 - INFO: draw = 1
2026-08-06 06:58:35.413 - INFO: offset (startIndex) = 0
2026-08-06 06:58:35.414 - INFO: limit (length) = 10
2026-08-06 06:58:35.414 - INFO: sortBy = KD_DIST ASC
2026-08-06 06:58:35.414 - INFO: searchValue = 
2026-08-06 06:58:35.414 - INFO: vbln_usulan = 
2026-08-06 06:58:35.414 - INFO: vkd_bank = 
2026-08-06 06:58:35.414 - INFO: vkd_dist = 
2026-08-06 06:59:27.529 - INFO: draw = 1
2026-08-06 06:59:27.532 - INFO: offset (startIndex) = 0
2026-08-06 06:59:27.532 - INFO: limit (length) = 10
2026-08-06 06:59:27.532 - INFO: sortBy = KD_DIST ASC
2026-08-06 06:59:27.533 - INFO: searchValue = 
2026-08-06 06:59:27.533 - INFO: vbln_usulan = 
2026-08-06 06:59:27.533 - INFO: vkd_bank = 
2026-08-06 06:59:27.533 - INFO: vkd_dist = 
2026-08-06 12:56:48.662 - INFO: draw = 2
2026-08-06 12:56:48.662 - INFO: offset (startIndex) = 0
2026-08-06 12:56:48.662 - INFO: limit (length) = 10
2026-08-06 12:56:48.662 - INFO: sortBy = KD_DIST ASC
2026-08-06 12:56:48.663 - INFO: searchValue = 
2026-08-06 12:56:48.663 - INFO: vbln_usulan = 202608
2026-08-06 12:56:48.664 - INFO: vkd_bank = 200
2026-08-06 12:56:48.664 - INFO: vkd_dist = 22
2026-08-06 12:58:00.045 - INFO: draw = 3
2026-08-06 12:58:00.045 - INFO: offset (startIndex) = 10
2026-08-06 12:58:00.045 - INFO: limit (length) = 10
2026-08-06 12:58:00.045 - INFO: sortBy = KD_DIST ASC
2026-08-06 12:58:00.046 - INFO: searchValue = 
2026-08-06 12:58:00.046 - INFO: vbln_usulan = 202608
2026-08-06 12:58:00.046 - INFO: vkd_bank = 200
2026-08-06 12:58:00.046 - INFO: vkd_dist = 22
