2026-08-01 14:05:37.298 - INFO: draw = 1
2026-08-01 14:05:37.300 - INFO: offset (startIndex) = 0
2026-08-01 14:05:37.300 - INFO: limit (length) = 10
2026-08-01 14:05:37.300 - INFO: sortBy = KD_DIST ASC
2026-08-01 14:05:37.300 - INFO: searchValue = 
2026-08-01 14:05:37.300 - INFO: vbln_usulan = 
2026-08-01 14:05:37.300 - INFO: vkd_bank = 
2026-08-01 14:05:37.300 - INFO: vkd_dist = 
2026-08-01 14:07:06.162 - INFO: draw = 1
2026-08-01 14:07:06.163 - INFO: offset (startIndex) = 0
2026-08-01 14:07:06.164 - INFO: limit (length) = 10
2026-08-01 14:07:06.164 - INFO: sortBy = KD_DIST ASC
2026-08-01 14:07:06.164 - INFO: searchValue = 
2026-08-01 14:07:06.164 - INFO: vbln_usulan = 
2026-08-01 14:07:06.164 - INFO: vkd_bank = 
2026-08-01 14:07:06.165 - INFO: vkd_dist = 
2026-08-01 19:32:54.609 - INFO: draw = 1
2026-08-01 19:32:54.609 - INFO: offset (startIndex) = 0
2026-08-01 19:32:54.609 - INFO: limit (length) = 10
2026-08-01 19:32:54.609 - INFO: sortBy = KD_DIST ASC
2026-08-01 19:32:54.609 - INFO: searchValue = 
2026-08-01 19:32:54.609 - INFO: vbln_usulan = 
2026-08-01 19:32:54.610 - INFO: vkd_bank = 
2026-08-01 19:32:54.610 - INFO: vkd_dist = 
