2026-08-13 06:45:10.226 - INFO: draw = 1
2026-08-13 06:45:10.227 - INFO: offset (startIndex) = 0
2026-08-13 06:45:10.227 - INFO: limit (length) = 10
2026-08-13 06:45:10.227 - INFO: sortBy = KD_DIST ASC
2026-08-13 06:45:10.227 - INFO: searchValue = 
2026-08-13 06:45:10.227 - INFO: vbln_usulan = 
2026-08-13 06:45:10.227 - INFO: vkd_bank = 
2026-08-13 06:45:10.227 - INFO: vkd_dist = 
2026-08-13 06:45:10.228 - INFO: vket_pending = 
2026-08-13 06:52:30.513 - INFO: draw = 1
2026-08-13 06:52:30.513 - INFO: offset (startIndex) = 0
2026-08-13 06:52:30.516 - INFO: limit (length) = 10
2026-08-13 06:52:30.516 - INFO: sortBy = KD_DIST ASC
2026-08-13 06:52:30.516 - INFO: searchValue = 
2026-08-13 06:52:30.516 - INFO: vbln_usulan = 
2026-08-13 06:52:30.517 - INFO: vkd_bank = 
2026-08-13 06:52:30.517 - INFO: vkd_dist = 
2026-08-13 06:52:30.517 - INFO: vket_pending = 
2026-08-13 06:53:37.482 - INFO: draw = 2
2026-08-13 06:53:37.482 - INFO: offset (startIndex) = 0
2026-08-13 06:53:37.482 - INFO: limit (length) = 10
2026-08-13 06:53:37.482 - INFO: sortBy = KD_DIST ASC
2026-08-13 06:53:37.482 - INFO: searchValue = 
2026-08-13 06:53:37.482 - INFO: vbln_usulan = 202608
2026-08-13 06:53:37.482 - INFO: vkd_bank = 200
2026-08-13 06:53:37.482 - INFO: vkd_dist = 14
2026-08-13 06:53:37.482 - INFO: vket_pending = PENDING
2026-08-13 06:53:56.564 - INFO: draw = 1
2026-08-13 06:53:56.564 - INFO: offset (startIndex) = 0
2026-08-13 06:53:56.564 - INFO: limit (length) = 10
2026-08-13 06:53:56.564 - INFO: sortBy = KD_DIST ASC
2026-08-13 06:53:56.564 - INFO: searchValue = 
2026-08-13 06:53:56.564 - INFO: vbln_usulan = 
2026-08-13 06:53:56.564 - INFO: vkd_bank = 
2026-08-13 06:53:56.564 - INFO: vkd_dist = 
2026-08-13 06:54:15.209 - INFO: draw = 1
2026-08-13 06:54:15.209 - INFO: offset (startIndex) = 0
2026-08-13 06:54:15.209 - INFO: limit (length) = 10
2026-08-13 06:54:15.209 - INFO: sortBy = KD_DIST ASC
2026-08-13 06:54:15.209 - INFO: searchValue = 
2026-08-13 06:54:15.209 - INFO: vbln_usulan = 
2026-08-13 06:54:15.209 - INFO: vkd_bank = 
2026-08-13 06:54:15.209 - INFO: vkd_dist = 
2026-08-13 06:54:50.169 - INFO: draw = 2
2026-08-13 06:54:50.170 - INFO: offset (startIndex) = 0
2026-08-13 06:54:50.170 - INFO: limit (length) = 10
2026-08-13 06:54:50.170 - INFO: sortBy = KD_DIST ASC
2026-08-13 06:54:50.170 - INFO: searchValue = 
2026-08-13 06:54:50.170 - INFO: vbln_usulan = 202608
2026-08-13 06:54:50.171 - INFO: vkd_bank = 200
2026-08-13 06:54:50.171 - INFO: vkd_dist = 31
2026-08-13 06:56:07.508 - INFO: draw = 1
2026-08-13 06:56:07.508 - INFO: offset (startIndex) = 0
2026-08-13 06:56:07.508 - INFO: limit (length) = 10
2026-08-13 06:56:07.508 - INFO: sortBy = KD_DIST ASC
2026-08-13 06:56:07.508 - INFO: searchValue = 
2026-08-13 06:56:07.508 - INFO: vbln_usulan = 
2026-08-13 06:56:07.508 - INFO: vkd_bank = 
2026-08-13 06:56:07.508 - INFO: vkd_dist = 
2026-08-13 06:56:15.924 - INFO: draw = 2
2026-08-13 06:56:15.925 - INFO: offset (startIndex) = 0
2026-08-13 06:56:15.925 - INFO: limit (length) = 10
2026-08-13 06:56:15.925 - INFO: sortBy = KD_DIST ASC
2026-08-13 06:56:15.925 - INFO: searchValue = 
2026-08-13 06:56:15.925 - INFO: vbln_usulan = 202608
2026-08-13 06:56:15.925 - INFO: vkd_bank = 200
2026-08-13 06:56:15.925 - INFO: vkd_dist = 51
2026-08-13 06:56:23.422 - INFO: draw = 3
2026-08-13 06:56:23.422 - INFO: offset (startIndex) = 0
2026-08-13 06:56:23.422 - INFO: limit (length) = 10
2026-08-13 06:56:23.422 - INFO: sortBy = KD_DIST ASC
2026-08-13 06:56:23.422 - INFO: searchValue = 
2026-08-13 06:56:23.422 - INFO: vbln_usulan = 202608
2026-08-13 06:56:23.422 - INFO: vkd_bank = 111
2026-08-13 06:56:23.422 - INFO: vkd_dist = 56
2026-08-13 06:57:45.468 - INFO: draw = 1
2026-08-13 06:57:45.468 - INFO: offset (startIndex) = 0
2026-08-13 06:57:45.468 - INFO: limit (length) = 10
2026-08-13 06:57:45.468 - INFO: sortBy = KD_DIST ASC
2026-08-13 06:57:45.469 - INFO: searchValue = 
2026-08-13 06:57:45.469 - INFO: vbln_usulan = 
2026-08-13 06:57:45.469 - INFO: vkd_bank = 
2026-08-13 06:57:45.469 - INFO: vkd_dist = 
2026-08-13 06:57:55.651 - INFO: draw = 2
2026-08-13 06:57:55.651 - INFO: offset (startIndex) = 0
2026-08-13 06:57:55.651 - INFO: limit (length) = 10
2026-08-13 06:57:55.651 - INFO: sortBy = KD_DIST ASC
2026-08-13 06:57:55.651 - INFO: searchValue = 
2026-08-13 06:57:55.651 - INFO: vbln_usulan = 202608
2026-08-13 06:57:55.651 - INFO: vkd_bank = 111
2026-08-13 06:57:55.651 - INFO: vkd_dist = 54
2026-08-13 07:25:53.008 - INFO: draw = 1
2026-08-13 07:25:53.008 - INFO: offset (startIndex) = 0
2026-08-13 07:25:53.008 - INFO: limit (length) = 10
2026-08-13 07:25:53.008 - INFO: sortBy = KD_DIST ASC
2026-08-13 07:25:53.008 - INFO: searchValue = 
2026-08-13 07:25:53.008 - INFO: vbln_usulan = 
2026-08-13 07:25:53.008 - INFO: vkd_bank = 
2026-08-13 07:25:53.008 - INFO: vkd_dist = 
2026-08-13 07:26:02.198 - INFO: draw = 2
2026-08-13 07:26:02.198 - INFO: offset (startIndex) = 0
2026-08-13 07:26:02.198 - INFO: limit (length) = 10
2026-08-13 07:26:02.198 - INFO: sortBy = KD_DIST ASC
2026-08-13 07:26:02.198 - INFO: searchValue = 
2026-08-13 07:26:02.198 - INFO: vbln_usulan = 202608
2026-08-13 07:26:02.198 - INFO: vkd_bank = 200
2026-08-13 07:26:02.199 - INFO: vkd_dist = 31
2026-08-13 10:21:51.632 - INFO: draw = 1
2026-08-13 10:21:51.633 - INFO: offset (startIndex) = 0
2026-08-13 10:21:51.633 - INFO: limit (length) = 10
2026-08-13 10:21:51.633 - INFO: sortBy = KD_DIST ASC
2026-08-13 10:21:51.633 - INFO: searchValue = 
2026-08-13 10:21:51.633 - INFO: vbln_usulan = 
2026-08-13 10:21:51.633 - INFO: vkd_bank = 
2026-08-13 10:21:51.633 - INFO: vkd_dist = 
2026-08-13 10:27:14.145 - INFO: draw = 2
2026-08-13 10:27:14.146 - INFO: offset (startIndex) = 0
2026-08-13 10:27:14.146 - INFO: limit (length) = 10
2026-08-13 10:27:14.146 - INFO: sortBy = KD_DIST ASC
2026-08-13 10:27:14.146 - INFO: searchValue = 
2026-08-13 10:27:14.146 - INFO: vbln_usulan = 202608
2026-08-13 10:27:14.147 - INFO: vkd_bank = 111
2026-08-13 10:27:14.147 - INFO: vkd_dist = 56
2026-08-13 10:33:23.123 - INFO: draw = 1
2026-08-13 10:33:23.123 - INFO: offset (startIndex) = 0
2026-08-13 10:33:23.123 - INFO: limit (length) = 10
2026-08-13 10:33:23.123 - INFO: sortBy = KD_DIST ASC
2026-08-13 10:33:23.123 - INFO: searchValue = 
2026-08-13 10:33:23.123 - INFO: vbln_usulan = 
2026-08-13 10:33:23.123 - INFO: vkd_bank = 
2026-08-13 10:33:23.123 - INFO: vkd_dist = 
2026-08-13 10:33:23.123 - INFO: vket_pending = 
2026-08-13 10:35:05.314 - INFO: draw = 1
2026-08-13 10:35:05.314 - INFO: offset (startIndex) = 0
2026-08-13 10:35:05.314 - INFO: limit (length) = 10
2026-08-13 10:35:05.314 - INFO: sortBy = KD_DIST ASC
2026-08-13 10:35:05.314 - INFO: searchValue = 
2026-08-13 10:35:05.314 - INFO: vbln_usulan = 
2026-08-13 10:35:05.314 - INFO: vkd_bank = 
2026-08-13 10:35:05.314 - INFO: vkd_dist = 
2026-08-13 10:50:02.896 - INFO: draw = 2
2026-08-13 10:50:02.896 - INFO: offset (startIndex) = 0
2026-08-13 10:50:02.896 - INFO: limit (length) = 10
2026-08-13 10:50:02.896 - INFO: sortBy = KD_DIST ASC
2026-08-13 10:50:02.896 - INFO: searchValue = 
2026-08-13 10:50:02.896 - INFO: vbln_usulan = 202608
2026-08-13 10:50:02.896 - INFO: vkd_bank = 111
2026-08-13 10:50:02.896 - INFO: vkd_dist = 56
2026-08-13 13:02:05.822 - INFO: draw = 1
2026-08-13 13:02:05.824 - INFO: offset (startIndex) = 0
2026-08-13 13:02:05.824 - INFO: limit (length) = 10
2026-08-13 13:02:05.824 - INFO: sortBy = KD_DIST ASC
2026-08-13 13:02:05.824 - INFO: searchValue = 
2026-08-13 13:02:05.824 - INFO: vbln_usulan = 
2026-08-13 13:02:05.824 - INFO: vkd_bank = 
2026-08-13 13:02:05.824 - INFO: vkd_dist = 
2026-08-13 13:02:05.824 - INFO: vket_pending = 
2026-08-13 13:03:44.426 - INFO: draw = 1
2026-08-13 13:03:44.426 - INFO: offset (startIndex) = 0
2026-08-13 13:03:44.426 - INFO: limit (length) = 10
2026-08-13 13:03:44.426 - INFO: sortBy = KD_DIST ASC
2026-08-13 13:03:44.427 - INFO: searchValue = 
2026-08-13 13:03:44.427 - INFO: vbln_usulan = 
2026-08-13 13:03:44.427 - INFO: vkd_bank = 
2026-08-13 13:03:44.427 - INFO: vkd_dist = 
2026-08-13 13:04:16.507 - INFO: draw = 1
2026-08-13 13:04:16.507 - INFO: offset (startIndex) = 0
2026-08-13 13:04:16.508 - INFO: limit (length) = 10
2026-08-13 13:04:16.508 - INFO: sortBy = KD_DIST ASC
2026-08-13 13:04:16.508 - INFO: searchValue = 
2026-08-13 13:04:16.508 - INFO: vbln_usulan = 
2026-08-13 13:04:16.508 - INFO: vkd_bank = 
2026-08-13 13:04:16.508 - INFO: vkd_dist = 
2026-08-13 13:04:16.508 - INFO: vket_pending = 
2026-08-13 13:04:17.280 - INFO: draw = 1
2026-08-13 13:04:17.280 - INFO: offset (startIndex) = 0
2026-08-13 13:04:17.280 - INFO: limit (length) = 10
2026-08-13 13:04:17.283 - INFO: sortBy = KD_DIST ASC
2026-08-13 13:04:17.283 - INFO: searchValue = 
2026-08-13 13:04:17.283 - INFO: vbln_usulan = 
2026-08-13 13:04:17.283 - INFO: vkd_bank = 
2026-08-13 13:04:17.283 - INFO: vkd_dist = 
2026-08-13 13:12:05.530 - INFO: draw = 1
2026-08-13 13:12:05.530 - INFO: offset (startIndex) = 0
2026-08-13 13:12:05.530 - INFO: limit (length) = 10
2026-08-13 13:12:05.530 - INFO: sortBy = KD_DIST ASC
2026-08-13 13:12:05.530 - INFO: searchValue = 
2026-08-13 13:12:05.530 - INFO: vbln_usulan = 
2026-08-13 13:12:05.530 - INFO: vkd_bank = 
2026-08-13 13:12:05.530 - INFO: vkd_dist = 
2026-08-13 13:12:27.382 - INFO: draw = 1
2026-08-13 13:12:27.382 - INFO: offset (startIndex) = 0
2026-08-13 13:12:27.382 - INFO: limit (length) = 10
2026-08-13 13:12:27.382 - INFO: sortBy = KD_DIST ASC
2026-08-13 13:12:27.382 - INFO: searchValue = 
2026-08-13 13:12:27.382 - INFO: vbln_usulan = 
2026-08-13 13:12:27.382 - INFO: vkd_bank = 
2026-08-13 13:12:27.382 - INFO: vkd_dist = 
2026-08-13 13:14:27.314 - INFO: draw = 1
2026-08-13 13:14:27.314 - INFO: offset (startIndex) = 0
2026-08-13 13:14:27.314 - INFO: limit (length) = 10
2026-08-13 13:14:27.314 - INFO: sortBy = KD_DIST ASC
2026-08-13 13:14:27.314 - INFO: searchValue = 
2026-08-13 13:14:27.314 - INFO: vbln_usulan = 
2026-08-13 13:14:27.314 - INFO: vkd_bank = 
2026-08-13 13:14:27.314 - INFO: vkd_dist = 
2026-08-13 13:14:27.314 - INFO: vket_pending = 
2026-08-13 13:16:15.702 - INFO: draw = 1
2026-08-13 13:16:15.702 - INFO: offset (startIndex) = 0
2026-08-13 13:16:15.702 - INFO: limit (length) = 10
2026-08-13 13:16:15.702 - INFO: sortBy = KD_DIST ASC
2026-08-13 13:16:15.702 - INFO: searchValue = 
2026-08-13 13:16:15.702 - INFO: vbln_usulan = 
2026-08-13 13:16:15.702 - INFO: vkd_bank = 
2026-08-13 13:16:15.702 - INFO: vkd_dist = 
2026-08-13 13:19:26.456 - INFO: draw = 1
2026-08-13 13:19:26.456 - INFO: offset (startIndex) = 0
2026-08-13 13:19:26.458 - INFO: limit (length) = 10
2026-08-13 13:19:26.458 - INFO: sortBy = KD_DIST ASC
2026-08-13 13:19:26.458 - INFO: searchValue = 
2026-08-13 13:19:26.458 - INFO: vbln_usulan = 
2026-08-13 13:19:26.458 - INFO: vkd_bank = 
2026-08-13 13:19:26.458 - INFO: vkd_dist = 
2026-08-13 13:19:52.668 - INFO: draw = 1
2026-08-13 13:19:52.670 - INFO: offset (startIndex) = 0
2026-08-13 13:19:52.670 - INFO: limit (length) = 10
2026-08-13 13:19:52.670 - INFO: sortBy = KD_DIST ASC
2026-08-13 13:19:52.670 - INFO: searchValue = 
2026-08-13 13:19:52.670 - INFO: vbln_usulan = 
2026-08-13 13:19:52.670 - INFO: vkd_bank = 
2026-08-13 13:19:52.670 - INFO: vkd_dist = 
2026-08-13 13:19:52.670 - INFO: vket_pending = 
2026-08-13 13:20:28.772 - INFO: draw = 1
2026-08-13 13:20:28.772 - INFO: offset (startIndex) = 0
2026-08-13 13:20:28.772 - INFO: limit (length) = 10
2026-08-13 13:20:28.772 - INFO: sortBy = KD_DIST ASC
2026-08-13 13:20:28.772 - INFO: searchValue = 
2026-08-13 13:20:28.772 - INFO: vbln_usulan = 
2026-08-13 13:20:28.772 - INFO: vkd_bank = 
2026-08-13 13:20:28.772 - INFO: vkd_dist = 
2026-08-13 13:24:05.049 - INFO: draw = 1
2026-08-13 13:24:05.049 - INFO: offset (startIndex) = 0
2026-08-13 13:24:05.050 - INFO: limit (length) = 10
2026-08-13 13:24:05.050 - INFO: sortBy = KD_DIST ASC
2026-08-13 13:24:05.050 - INFO: searchValue = 
2026-08-13 13:24:05.050 - INFO: vbln_usulan = 
2026-08-13 13:24:05.050 - INFO: vkd_bank = 
2026-08-13 13:24:05.050 - INFO: vkd_dist = 
2026-08-13 13:26:48.787 - INFO: draw = 1
2026-08-13 13:26:48.787 - INFO: offset (startIndex) = 0
2026-08-13 13:26:48.788 - INFO: limit (length) = 10
2026-08-13 13:26:48.788 - INFO: sortBy = KD_DIST ASC
2026-08-13 13:26:48.788 - INFO: searchValue = 
2026-08-13 13:26:48.788 - INFO: vbln_usulan = 
2026-08-13 13:26:48.788 - INFO: vkd_bank = 
2026-08-13 13:26:48.789 - INFO: vkd_dist = 
2026-08-13 14:15:57.584 - INFO: draw = 1
2026-08-13 14:15:57.584 - INFO: offset (startIndex) = 0
2026-08-13 14:15:57.585 - INFO: limit (length) = 10
2026-08-13 14:15:57.585 - INFO: sortBy = KD_DIST ASC
2026-08-13 14:15:57.585 - INFO: searchValue = 
2026-08-13 14:15:57.585 - INFO: vbln_usulan = 
2026-08-13 14:15:57.585 - INFO: vkd_bank = 
2026-08-13 14:15:57.585 - INFO: vkd_dist = 
2026-08-13 14:16:32.499 - INFO: draw = 1
2026-08-13 14:16:32.499 - INFO: offset (startIndex) = 0
2026-08-13 14:16:32.499 - INFO: limit (length) = 10
2026-08-13 14:16:32.499 - INFO: sortBy = KD_DIST ASC
2026-08-13 14:16:32.499 - INFO: searchValue = 
2026-08-13 14:16:32.499 - INFO: vbln_usulan = 
2026-08-13 14:16:32.499 - INFO: vkd_bank = 
2026-08-13 14:16:32.499 - INFO: vkd_dist = 
2026-08-13 14:16:32.499 - INFO: vket_pending = 
2026-08-13 14:18:38.010 - INFO: draw = 1
2026-08-13 14:18:38.011 - INFO: offset (startIndex) = 0
2026-08-13 14:18:38.011 - INFO: limit (length) = 10
2026-08-13 14:18:38.011 - INFO: sortBy = KD_DIST ASC
2026-08-13 14:18:38.011 - INFO: searchValue = 
2026-08-13 14:18:38.011 - INFO: vbln_usulan = 
2026-08-13 14:18:38.011 - INFO: vkd_bank = 
2026-08-13 14:18:38.011 - INFO: vkd_dist = 
2026-08-13 14:24:40.822 - INFO: draw = 1
2026-08-13 14:24:40.822 - INFO: offset (startIndex) = 0
2026-08-13 14:24:40.822 - INFO: limit (length) = 10
2026-08-13 14:24:40.822 - INFO: sortBy = KD_DIST ASC
2026-08-13 14:24:40.822 - INFO: searchValue = 
2026-08-13 14:24:40.822 - INFO: vbln_usulan = 
2026-08-13 14:24:40.822 - INFO: vkd_bank = 
2026-08-13 14:24:40.822 - INFO: vkd_dist = 
2026-08-13 14:26:39.904 - INFO: draw = 1
2026-08-13 14:26:39.907 - INFO: offset (startIndex) = 0
2026-08-13 14:26:39.907 - INFO: limit (length) = 10
2026-08-13 14:26:39.907 - INFO: sortBy = KD_DIST ASC
2026-08-13 14:26:39.907 - INFO: searchValue = 
2026-08-13 14:26:39.907 - INFO: vbln_usulan = 
2026-08-13 14:26:39.908 - INFO: vkd_bank = 
2026-08-13 14:26:39.908 - INFO: vkd_dist = 
2026-08-13 14:26:39.908 - INFO: vket_pending = 
2026-08-13 14:30:06.048 - INFO: draw = 1
2026-08-13 14:30:06.049 - INFO: offset (startIndex) = 0
2026-08-13 14:30:06.049 - INFO: limit (length) = 10
2026-08-13 14:30:06.049 - INFO: sortBy = KD_DIST ASC
2026-08-13 14:30:06.049 - INFO: searchValue = 
2026-08-13 14:30:06.049 - INFO: vbln_usulan = 
2026-08-13 14:30:06.049 - INFO: vkd_bank = 
2026-08-13 14:30:06.049 - INFO: vkd_dist = 
2026-08-13 14:30:30.194 - INFO: draw = 1
2026-08-13 14:30:30.194 - INFO: offset (startIndex) = 0
2026-08-13 14:30:30.194 - INFO: limit (length) = 10
2026-08-13 14:30:30.194 - INFO: sortBy = KD_DIST ASC
2026-08-13 14:30:30.194 - INFO: searchValue = 
2026-08-13 14:30:30.194 - INFO: vbln_usulan = 
2026-08-13 14:30:30.194 - INFO: vkd_bank = 
2026-08-13 14:30:30.194 - INFO: vkd_dist = 
2026-08-13 14:33:47.763 - INFO: draw = 1
2026-08-13 14:33:47.763 - INFO: offset (startIndex) = 0
2026-08-13 14:33:47.763 - INFO: limit (length) = 10
2026-08-13 14:33:47.763 - INFO: sortBy = KD_DIST ASC
2026-08-13 14:33:47.763 - INFO: searchValue = 
2026-08-13 14:33:47.763 - INFO: vbln_usulan = 
2026-08-13 14:33:47.763 - INFO: vkd_bank = 
2026-08-13 14:33:47.763 - INFO: vkd_dist = 
2026-08-13 14:34:34.730 - INFO: draw = 1
2026-08-13 14:34:34.730 - INFO: offset (startIndex) = 0
2026-08-13 14:34:34.730 - INFO: limit (length) = 10
2026-08-13 14:34:34.730 - INFO: sortBy = KD_DIST ASC
2026-08-13 14:34:34.730 - INFO: searchValue = 
2026-08-13 14:34:34.730 - INFO: vbln_usulan = 
2026-08-13 14:34:34.730 - INFO: vkd_bank = 
2026-08-13 14:34:34.730 - INFO: vkd_dist = 
2026-08-13 14:36:28.657 - INFO: draw = 1
2026-08-13 14:36:28.658 - INFO: offset (startIndex) = 0
2026-08-13 14:36:28.658 - INFO: limit (length) = 10
2026-08-13 14:36:28.658 - INFO: sortBy = KD_DIST ASC
2026-08-13 14:36:28.658 - INFO: searchValue = 
2026-08-13 14:36:28.658 - INFO: vbln_usulan = 
2026-08-13 14:36:28.658 - INFO: vkd_bank = 
2026-08-13 14:36:28.658 - INFO: vkd_dist = 
2026-08-13 14:37:29.024 - INFO: draw = 1
2026-08-13 14:37:29.024 - INFO: offset (startIndex) = 0
2026-08-13 14:37:29.025 - INFO: limit (length) = 10
2026-08-13 14:37:29.025 - INFO: sortBy = KD_DIST ASC
2026-08-13 14:37:29.025 - INFO: searchValue = 
2026-08-13 14:37:29.025 - INFO: vbln_usulan = 
2026-08-13 14:37:29.025 - INFO: vkd_bank = 
2026-08-13 14:37:29.026 - INFO: vkd_dist = 
2026-08-13 14:39:38.637 - INFO: draw = 1
2026-08-13 14:39:38.638 - INFO: offset (startIndex) = 0
2026-08-13 14:39:38.638 - INFO: limit (length) = 10
2026-08-13 14:39:38.638 - INFO: sortBy = KD_DIST ASC
2026-08-13 14:39:38.638 - INFO: searchValue = 
2026-08-13 14:39:38.638 - INFO: vbln_usulan = 
2026-08-13 14:39:38.639 - INFO: vkd_bank = 
2026-08-13 14:39:38.639 - INFO: vkd_dist = 
2026-08-13 14:43:40.795 - INFO: draw = 1
2026-08-13 14:43:40.795 - INFO: offset (startIndex) = 0
2026-08-13 14:43:40.795 - INFO: limit (length) = 10
2026-08-13 14:43:40.795 - INFO: sortBy = KD_DIST ASC
2026-08-13 14:43:40.795 - INFO: searchValue = 
2026-08-13 14:43:40.795 - INFO: vbln_usulan = 
2026-08-13 14:43:40.795 - INFO: vkd_bank = 
2026-08-13 14:43:40.795 - INFO: vkd_dist = 
2026-08-13 14:47:46.382 - INFO: draw = 1
2026-08-13 14:47:46.382 - INFO: offset (startIndex) = 0
2026-08-13 14:47:46.382 - INFO: limit (length) = 10
2026-08-13 14:47:46.382 - INFO: sortBy = KD_DIST ASC
2026-08-13 14:47:46.382 - INFO: searchValue = 
2026-08-13 14:47:46.382 - INFO: vbln_usulan = 
2026-08-13 14:47:46.382 - INFO: vkd_bank = 
2026-08-13 14:47:46.382 - INFO: vkd_dist = 
2026-08-13 14:48:07.224 - INFO: draw = 1
2026-08-13 14:48:07.225 - INFO: offset (startIndex) = 0
2026-08-13 14:48:07.225 - INFO: limit (length) = 10
2026-08-13 14:48:07.225 - INFO: sortBy = KD_DIST ASC
2026-08-13 14:48:07.225 - INFO: searchValue = 
2026-08-13 14:48:07.225 - INFO: vbln_usulan = 
2026-08-13 14:48:07.226 - INFO: vkd_bank = 
2026-08-13 14:48:07.226 - INFO: vkd_dist = 
2026-08-13 14:48:07.226 - INFO: vket_pending = 
2026-08-13 14:50:47.953 - INFO: draw = 1
2026-08-13 14:50:47.954 - INFO: offset (startIndex) = 0
2026-08-13 14:50:47.955 - INFO: limit (length) = 10
2026-08-13 14:50:47.955 - INFO: sortBy = KD_DIST ASC
2026-08-13 14:50:47.955 - INFO: searchValue = 
2026-08-13 14:50:47.955 - INFO: vbln_usulan = 
2026-08-13 14:50:47.955 - INFO: vkd_bank = 
2026-08-13 14:50:47.955 - INFO: vkd_dist = 
2026-08-13 14:50:47.955 - INFO: vket_pending = 
2026-08-13 14:52:45.331 - INFO: ? Memanggil service.getMasterBank()...
2026-08-13 14:52:45.799 - INFO: ? Berhasil ambil data bank. Jumlah data: 3
2026-08-13 14:52:45.906 - INFO: ? Berhasil ambil data UNITUPI, jumlah data: 28
