2026-07-27 06:41:08.607 - INFO: draw = 1
2026-07-27 06:41:08.607 - INFO: offset (startIndex) = 0
2026-07-27 06:41:08.607 - INFO: limit (length) = 10
2026-07-27 06:41:08.607 - INFO: sortBy = KD_DIST ASC
2026-07-27 06:41:08.607 - INFO: searchValue = 
2026-07-27 06:41:08.607 - INFO: vbln_usulan = 
2026-07-27 06:41:08.607 - INFO: vkd_bank = 
2026-07-27 06:41:08.607 - INFO: vkd_dist = 
2026-07-27 07:03:11.117 - INFO: draw = 1
2026-07-27 07:03:11.117 - INFO: offset (startIndex) = 0
2026-07-27 07:03:11.117 - INFO: limit (length) = 10
2026-07-27 07:03:11.118 - INFO: sortBy = KD_DIST ASC
2026-07-27 07:03:11.118 - INFO: searchValue = 
2026-07-27 07:03:11.118 - INFO: vbln_usulan = 
2026-07-27 07:03:11.118 - INFO: vkd_bank = 
2026-07-27 07:03:11.118 - INFO: vkd_dist = 
2026-07-27 07:18:43.839 - INFO: draw = 1
2026-07-27 07:18:43.840 - INFO: offset (startIndex) = 0
2026-07-27 07:18:43.841 - INFO: limit (length) = 10
2026-07-27 07:18:43.841 - INFO: sortBy = KD_DIST ASC
2026-07-27 07:18:43.841 - INFO: searchValue = 
2026-07-27 07:18:43.841 - INFO: vbln_usulan = 
2026-07-27 07:18:43.841 - INFO: vkd_bank = 
2026-07-27 07:18:43.841 - INFO: vkd_dist = 
2026-07-27 07:20:36.696 - INFO: draw = 2
2026-07-27 07:20:36.697 - INFO: offset (startIndex) = 0
2026-07-27 07:20:36.697 - INFO: limit (length) = 10
2026-07-27 07:20:36.697 - INFO: sortBy = KD_DIST ASC
2026-07-27 07:20:36.697 - INFO: searchValue = 
2026-07-27 07:20:36.698 - INFO: vbln_usulan = 202607
2026-07-27 07:20:36.698 - INFO: vkd_bank = 111
2026-07-27 07:20:36.698 - INFO: vkd_dist = 00
2026-07-27 07:21:58.773 - INFO: draw = 1
2026-07-27 07:21:58.775 - INFO: offset (startIndex) = 0
2026-07-27 07:21:58.775 - INFO: limit (length) = 10
2026-07-27 07:21:58.775 - INFO: sortBy = KD_DIST ASC
2026-07-27 07:21:58.775 - INFO: searchValue = 
2026-07-27 07:21:58.775 - INFO: vbln_usulan = 
2026-07-27 07:21:58.775 - INFO: vkd_bank = 
2026-07-27 07:21:58.775 - INFO: vkd_dist = 
2026-07-27 07:22:17.917 - INFO: draw = 2
2026-07-27 07:22:17.917 - INFO: offset (startIndex) = 0
2026-07-27 07:22:17.917 - INFO: limit (length) = 10
2026-07-27 07:22:17.917 - INFO: sortBy = KD_DIST ASC
2026-07-27 07:22:17.917 - INFO: searchValue = 
2026-07-27 07:22:17.917 - INFO: vbln_usulan = 202607
2026-07-27 07:22:17.917 - INFO: vkd_bank = 200
2026-07-27 07:22:17.918 - INFO: vkd_dist = 11
2026-07-27 07:31:05.041 - INFO: draw = 3
2026-07-27 07:31:05.041 - INFO: offset (startIndex) = 0
2026-07-27 07:31:05.041 - INFO: limit (length) = 10
2026-07-27 07:31:05.041 - INFO: sortBy = KD_DIST ASC
2026-07-27 07:31:05.041 - INFO: searchValue = 
2026-07-27 07:31:05.041 - INFO: vbln_usulan = 202607
2026-07-27 07:31:05.041 - INFO: vkd_bank = 200
2026-07-27 07:31:05.041 - INFO: vkd_dist = 11
2026-07-27 07:31:18.586 - INFO: draw = 1
2026-07-27 07:31:18.587 - INFO: offset (startIndex) = 0
2026-07-27 07:31:18.587 - INFO: limit (length) = 10
2026-07-27 07:31:18.587 - INFO: sortBy = KD_DIST ASC
2026-07-27 07:31:18.587 - INFO: searchValue = 
2026-07-27 07:31:18.587 - INFO: vbln_usulan = 
2026-07-27 07:31:18.587 - INFO: vkd_bank = 
2026-07-27 07:31:18.587 - INFO: vkd_dist = 
2026-07-27 07:31:56.773 - INFO: draw = 2
2026-07-27 07:31:56.773 - INFO: offset (startIndex) = 0
2026-07-27 07:31:56.773 - INFO: limit (length) = 10
2026-07-27 07:31:56.773 - INFO: sortBy = KD_DIST ASC
2026-07-27 07:31:56.773 - INFO: searchValue = 
2026-07-27 07:31:56.773 - INFO: vbln_usulan = 202607
2026-07-27 07:31:56.773 - INFO: vkd_bank = 111
2026-07-27 07:31:56.773 - INFO: vkd_dist = 00
2026-07-27 07:41:29.685 - INFO: draw = 1
2026-07-27 07:41:29.686 - INFO: offset (startIndex) = 0
2026-07-27 07:41:29.686 - INFO: limit (length) = 10
2026-07-27 07:41:29.686 - INFO: sortBy = KD_DIST ASC
2026-07-27 07:41:29.686 - INFO: searchValue = 
2026-07-27 07:41:29.686 - INFO: vbln_usulan = 
2026-07-27 07:41:29.687 - INFO: vkd_bank = 
2026-07-27 07:41:29.687 - INFO: vkd_dist = 
2026-07-27 07:41:51.820 - INFO: draw = 2
2026-07-27 07:41:51.821 - INFO: offset (startIndex) = 0
2026-07-27 07:41:51.822 - INFO: limit (length) = 10
2026-07-27 07:41:51.822 - INFO: sortBy = KD_DIST ASC
2026-07-27 07:41:51.822 - INFO: searchValue = 
2026-07-27 07:41:51.822 - INFO: vbln_usulan = 202607
2026-07-27 07:41:51.822 - INFO: vkd_bank = 111
2026-07-27 07:41:51.822 - INFO: vkd_dist = 00
2026-07-27 08:02:11.406 - INFO: draw = 1
2026-07-27 08:02:11.406 - INFO: offset (startIndex) = 0
2026-07-27 08:02:11.406 - INFO: limit (length) = 10
2026-07-27 08:02:11.406 - INFO: sortBy = KD_DIST ASC
2026-07-27 08:02:11.406 - INFO: searchValue = 
2026-07-27 08:02:11.406 - INFO: vbln_usulan = 
2026-07-27 08:02:11.406 - INFO: vkd_bank = 
2026-07-27 08:02:11.409 - INFO: vkd_dist = 
2026-07-27 08:02:35.553 - INFO: draw = 2
2026-07-27 08:02:35.556 - INFO: offset (startIndex) = 0
2026-07-27 08:02:35.556 - INFO: limit (length) = 10
2026-07-27 08:02:35.556 - INFO: sortBy = KD_DIST ASC
2026-07-27 08:02:35.556 - INFO: searchValue = 
2026-07-27 08:02:35.556 - INFO: vbln_usulan = 202607
2026-07-27 08:02:35.557 - INFO: vkd_bank = 111
2026-07-27 08:02:35.557 - INFO: vkd_dist = 00
2026-07-27 08:31:13.776 - INFO: draw = 1
2026-07-27 08:31:13.776 - INFO: offset (startIndex) = 0
2026-07-27 08:31:13.776 - INFO: limit (length) = 10
2026-07-27 08:31:13.776 - INFO: sortBy = KD_DIST ASC
2026-07-27 08:31:13.776 - INFO: searchValue = 
2026-07-27 08:31:13.776 - INFO: vbln_usulan = 
2026-07-27 08:31:13.776 - INFO: vkd_bank = 
2026-07-27 08:31:13.777 - INFO: vkd_dist = 
2026-07-27 08:31:37.326 - INFO: draw = 2
2026-07-27 08:31:37.326 - INFO: offset (startIndex) = 0
2026-07-27 08:31:37.326 - INFO: limit (length) = 10
2026-07-27 08:31:37.326 - INFO: sortBy = KD_DIST ASC
2026-07-27 08:31:37.326 - INFO: searchValue = 
2026-07-27 08:31:37.326 - INFO: vbln_usulan = 202607
2026-07-27 08:31:37.328 - INFO: vkd_bank = 111
2026-07-27 08:31:37.328 - INFO: vkd_dist = 00
2026-07-27 08:31:47.112 - INFO: draw = 3
2026-07-27 08:31:47.113 - INFO: offset (startIndex) = 0
2026-07-27 08:31:47.113 - INFO: limit (length) = 10
2026-07-27 08:31:47.113 - INFO: sortBy = KD_DIST ASC
2026-07-27 08:31:47.113 - INFO: searchValue = 
2026-07-27 08:31:47.113 - INFO: vbln_usulan = 202607
2026-07-27 08:31:47.114 - INFO: vkd_bank = 111
2026-07-27 08:31:47.114 - INFO: vkd_dist = 00
2026-07-27 08:31:57.754 - INFO: draw = 4
2026-07-27 08:31:57.754 - INFO: offset (startIndex) = 0
2026-07-27 08:31:57.755 - INFO: limit (length) = 10
2026-07-27 08:31:57.755 - INFO: sortBy = KD_DIST ASC
2026-07-27 08:31:57.755 - INFO: searchValue = 
2026-07-27 08:31:57.755 - INFO: vbln_usulan = 202607
2026-07-27 08:31:57.755 - INFO: vkd_bank = 111
2026-07-27 08:31:57.755 - INFO: vkd_dist = 00
2026-07-27 09:59:38.116 - INFO: draw = 1
2026-07-27 09:59:38.117 - INFO: offset (startIndex) = 0
2026-07-27 09:59:38.117 - INFO: limit (length) = 10
2026-07-27 09:59:38.117 - INFO: sortBy = KD_DIST ASC
2026-07-27 09:59:38.117 - INFO: searchValue = 
2026-07-27 09:59:38.117 - INFO: vbln_usulan = 
2026-07-27 09:59:38.117 - INFO: vkd_bank = 
2026-07-27 09:59:38.117 - INFO: vkd_dist = 
2026-07-27 10:00:02.783 - INFO: draw = 2
2026-07-27 10:00:02.784 - INFO: offset (startIndex) = 0
2026-07-27 10:00:02.785 - INFO: limit (length) = 10
2026-07-27 10:00:02.785 - INFO: sortBy = KD_DIST ASC
2026-07-27 10:00:02.785 - INFO: searchValue = 
2026-07-27 10:00:02.785 - INFO: vbln_usulan = 202607
2026-07-27 10:00:02.785 - INFO: vkd_bank = 111
2026-07-27 10:00:02.785 - INFO: vkd_dist = 00
2026-07-27 10:00:45.184 - INFO: draw = 3
2026-07-27 10:00:45.184 - INFO: offset (startIndex) = 0
2026-07-27 10:00:45.185 - INFO: limit (length) = 10
2026-07-27 10:00:45.185 - INFO: sortBy = KD_DIST ASC
2026-07-27 10:00:45.185 - INFO: searchValue = 
2026-07-27 10:00:45.186 - INFO: vbln_usulan = 202607
2026-07-27 10:00:45.186 - INFO: vkd_bank = 111
2026-07-27 10:00:45.186 - INFO: vkd_dist = 00
2026-07-27 10:19:06.169 - INFO: draw = 1
2026-07-27 10:19:06.169 - INFO: offset (startIndex) = 0
2026-07-27 10:19:06.169 - INFO: limit (length) = 10
2026-07-27 10:19:06.169 - INFO: sortBy = KD_DIST ASC
2026-07-27 10:19:06.170 - INFO: searchValue = 
2026-07-27 10:19:06.170 - INFO: vbln_usulan = 
2026-07-27 10:19:06.170 - INFO: vkd_bank = 
2026-07-27 10:19:06.170 - INFO: vkd_dist = 
2026-07-27 10:19:29.989 - INFO: draw = 2
2026-07-27 10:19:29.989 - INFO: offset (startIndex) = 0
2026-07-27 10:19:29.989 - INFO: limit (length) = 10
2026-07-27 10:19:29.989 - INFO: sortBy = KD_DIST ASC
2026-07-27 10:19:29.989 - INFO: searchValue = 
2026-07-27 10:19:29.989 - INFO: vbln_usulan = 202607
2026-07-27 10:19:29.989 - INFO: vkd_bank = 111
2026-07-27 10:19:29.990 - INFO: vkd_dist = 00
2026-07-27 10:57:14.894 - INFO: draw = 1
2026-07-27 10:57:14.895 - INFO: offset (startIndex) = 0
2026-07-27 10:57:14.895 - INFO: limit (length) = 10
2026-07-27 10:57:14.895 - INFO: sortBy = KD_DIST ASC
2026-07-27 10:57:14.895 - INFO: searchValue = 
2026-07-27 10:57:14.895 - INFO: vbln_usulan = 
2026-07-27 10:57:14.895 - INFO: vkd_bank = 
2026-07-27 10:57:14.895 - INFO: vkd_dist = 
2026-07-27 10:57:37.672 - INFO: draw = 2
2026-07-27 10:57:37.673 - INFO: offset (startIndex) = 0
2026-07-27 10:57:37.673 - INFO: limit (length) = 10
2026-07-27 10:57:37.673 - INFO: sortBy = KD_DIST ASC
2026-07-27 10:57:37.673 - INFO: searchValue = 
2026-07-27 10:57:37.673 - INFO: vbln_usulan = 202607
2026-07-27 10:57:37.673 - INFO: vkd_bank = 111
2026-07-27 10:57:37.673 - INFO: vkd_dist = 00
2026-07-27 13:08:15.617 - INFO: draw = 1
2026-07-27 13:08:15.618 - INFO: offset (startIndex) = 0
2026-07-27 13:08:15.618 - INFO: limit (length) = 10
2026-07-27 13:08:15.618 - INFO: sortBy = KD_DIST ASC
2026-07-27 13:08:15.618 - INFO: searchValue = 
2026-07-27 13:08:15.618 - INFO: vbln_usulan = 
2026-07-27 13:08:15.618 - INFO: vkd_bank = 
2026-07-27 13:08:15.618 - INFO: vkd_dist = 
2026-07-27 13:08:47.389 - INFO: draw = 2
2026-07-27 13:08:47.389 - INFO: offset (startIndex) = 0
2026-07-27 13:08:47.389 - INFO: limit (length) = 10
2026-07-27 13:08:47.389 - INFO: sortBy = KD_DIST ASC
2026-07-27 13:08:47.389 - INFO: searchValue = 
2026-07-27 13:08:47.389 - INFO: vbln_usulan = 202607
2026-07-27 13:08:47.389 - INFO: vkd_bank = 111
2026-07-27 13:08:47.389 - INFO: vkd_dist = 00
2026-07-27 13:08:55.696 - INFO: draw = 3
2026-07-27 13:08:55.696 - INFO: offset (startIndex) = 10
2026-07-27 13:08:55.696 - INFO: limit (length) = 10
2026-07-27 13:08:55.696 - INFO: sortBy = KD_DIST ASC
2026-07-27 13:08:55.696 - INFO: searchValue = 
2026-07-27 13:08:55.696 - INFO: vbln_usulan = 202607
2026-07-27 13:08:55.696 - INFO: vkd_bank = 111
2026-07-27 13:08:55.696 - INFO: vkd_dist = 00
2026-07-27 13:09:22.288 - INFO: draw = 1
2026-07-27 13:09:22.288 - INFO: offset (startIndex) = 0
2026-07-27 13:09:22.288 - INFO: limit (length) = 10
2026-07-27 13:09:22.288 - INFO: sortBy = KD_DIST ASC
2026-07-27 13:09:22.288 - INFO: searchValue = 
2026-07-27 13:09:22.288 - INFO: vbln_usulan = 
2026-07-27 13:09:22.289 - INFO: vkd_bank = 
2026-07-27 13:09:22.289 - INFO: vkd_dist = 
2026-07-27 13:35:46.795 - INFO: draw = 1
2026-07-27 13:35:46.795 - INFO: offset (startIndex) = 0
2026-07-27 13:35:46.795 - INFO: limit (length) = 10
2026-07-27 13:35:46.795 - INFO: sortBy = KD_DIST ASC
2026-07-27 13:35:46.796 - INFO: searchValue = 
2026-07-27 13:35:46.796 - INFO: vbln_usulan = 
2026-07-27 13:35:46.796 - INFO: vkd_bank = 
2026-07-27 13:35:46.796 - INFO: vkd_dist = 
2026-07-27 13:35:55.296 - INFO: draw = 2
2026-07-27 13:35:55.297 - INFO: offset (startIndex) = 0
2026-07-27 13:35:55.297 - INFO: limit (length) = 10
2026-07-27 13:35:55.297 - INFO: sortBy = KD_DIST ASC
2026-07-27 13:35:55.297 - INFO: searchValue = 
2026-07-27 13:35:55.297 - INFO: vbln_usulan = 202607
2026-07-27 13:35:55.297 - INFO: vkd_bank = 111
2026-07-27 13:35:55.298 - INFO: vkd_dist = 00
2026-07-27 13:36:18.153 - INFO: draw = 3
2026-07-27 13:36:18.153 - INFO: offset (startIndex) = 0
2026-07-27 13:36:18.153 - INFO: limit (length) = 10
2026-07-27 13:36:18.153 - INFO: sortBy = KD_DIST ASC
2026-07-27 13:36:18.155 - INFO: searchValue = 
2026-07-27 13:36:18.155 - INFO: vbln_usulan = 202607
2026-07-27 13:36:18.155 - INFO: vkd_bank = 200
2026-07-27 13:36:18.155 - INFO: vkd_dist = 13
2026-07-27 13:36:34.475 - INFO: draw = 1
2026-07-27 13:36:34.476 - INFO: offset (startIndex) = 0
2026-07-27 13:36:34.477 - INFO: limit (length) = 10
2026-07-27 13:36:34.477 - INFO: sortBy = KD_DIST ASC
2026-07-27 13:36:34.477 - INFO: searchValue = 
2026-07-27 13:36:34.477 - INFO: vbln_usulan = 
2026-07-27 13:36:34.477 - INFO: vkd_bank = 
2026-07-27 13:36:34.477 - INFO: vkd_dist = 
2026-07-27 13:36:57.332 - INFO: draw = 2
2026-07-27 13:36:57.332 - INFO: offset (startIndex) = 0
2026-07-27 13:36:57.332 - INFO: limit (length) = 10
2026-07-27 13:36:57.332 - INFO: sortBy = KD_DIST ASC
2026-07-27 13:36:57.332 - INFO: searchValue = 
2026-07-27 13:36:57.332 - INFO: vbln_usulan = 202607
2026-07-27 13:36:57.332 - INFO: vkd_bank = 111
2026-07-27 13:36:57.332 - INFO: vkd_dist = 00
2026-07-27 13:37:02.166 - INFO: draw = 1
2026-07-27 13:37:02.166 - INFO: offset (startIndex) = 0
2026-07-27 13:37:02.166 - INFO: limit (length) = 1000
2026-07-27 13:37:02.166 - INFO: sortBy = KD_DIST asc
2026-07-27 13:37:02.166 - INFO: searchValue = 
2026-07-27 13:37:02.166 - INFO: vbln_usulan = 202607
2026-07-27 13:37:02.166 - INFO: vkd_bank = 111
2026-07-27 13:37:02.166 - INFO: vkd_dist = 00
2026-07-27 13:37:39.981 - INFO: draw = 1
2026-07-27 13:37:39.981 - INFO: offset (startIndex) = 0
2026-07-27 13:37:39.981 - INFO: limit (length) = 10
2026-07-27 13:37:39.981 - INFO: sortBy = KD_DIST ASC
2026-07-27 13:37:39.981 - INFO: searchValue = 
2026-07-27 13:37:39.981 - INFO: vbln_usulan = 
2026-07-27 13:37:39.981 - INFO: vkd_bank = 
2026-07-27 13:37:39.981 - INFO: vkd_dist = 
2026-07-27 13:37:49.172 - INFO: draw = 2
2026-07-27 13:37:49.172 - INFO: offset (startIndex) = 0
2026-07-27 13:37:49.172 - INFO: limit (length) = 10
2026-07-27 13:37:49.172 - INFO: sortBy = KD_DIST ASC
2026-07-27 13:37:49.172 - INFO: searchValue = 
2026-07-27 13:37:49.172 - INFO: vbln_usulan = 202607
2026-07-27 13:37:49.172 - INFO: vkd_bank = 200
2026-07-27 13:37:49.172 - INFO: vkd_dist = 11
2026-07-27 13:37:54.534 - INFO: draw = 1
2026-07-27 13:37:54.540 - INFO: offset (startIndex) = 0
2026-07-27 13:37:54.540 - INFO: limit (length) = 1000
2026-07-27 13:37:54.540 - INFO: sortBy = KD_DIST asc
2026-07-27 13:37:54.540 - INFO: searchValue = 
2026-07-27 13:37:54.540 - INFO: vbln_usulan = 202607
2026-07-27 13:37:54.540 - INFO: vkd_bank = 200
2026-07-27 13:37:54.540 - INFO: vkd_dist = 11
2026-07-27 13:39:27.254 - INFO: draw = 1
2026-07-27 13:39:27.254 - INFO: offset (startIndex) = 0
2026-07-27 13:39:27.254 - INFO: limit (length) = 10
2026-07-27 13:39:27.254 - INFO: sortBy = KD_DIST ASC
2026-07-27 13:39:27.255 - INFO: searchValue = 
2026-07-27 13:39:27.255 - INFO: vbln_usulan = 
2026-07-27 13:39:27.255 - INFO: vkd_bank = 
2026-07-27 13:39:27.255 - INFO: vkd_dist = 
2026-07-27 13:44:20.073 - INFO: draw = 1
2026-07-27 13:44:20.074 - INFO: offset (startIndex) = 0
2026-07-27 13:44:20.074 - INFO: limit (length) = 10
2026-07-27 13:44:20.074 - INFO: sortBy = KD_DIST ASC
2026-07-27 13:44:20.074 - INFO: searchValue = 
2026-07-27 13:44:20.074 - INFO: vbln_usulan = 
2026-07-27 13:44:20.074 - INFO: vkd_bank = 
2026-07-27 13:44:20.074 - INFO: vkd_dist = 
2026-07-27 13:45:18.951 - INFO: draw = 2
2026-07-27 13:45:18.953 - INFO: offset (startIndex) = 0
2026-07-27 13:45:18.953 - INFO: limit (length) = 10
2026-07-27 13:45:18.953 - INFO: sortBy = KD_DIST ASC
2026-07-27 13:45:18.954 - INFO: searchValue = 
2026-07-27 13:45:18.954 - INFO: vbln_usulan = 202607
2026-07-27 13:45:18.954 - INFO: vkd_bank = 111
2026-07-27 13:45:18.954 - INFO: vkd_dist = 00
2026-07-27 13:45:24.772 - INFO: draw = 1
2026-07-27 13:45:24.772 - INFO: offset (startIndex) = 0
2026-07-27 13:45:24.777 - INFO: limit (length) = 1000
2026-07-27 13:45:24.777 - INFO: sortBy = KD_DIST asc
2026-07-27 13:45:24.777 - INFO: searchValue = 
2026-07-27 13:45:24.777 - INFO: vbln_usulan = 202607
2026-07-27 13:45:24.777 - INFO: vkd_bank = 111
2026-07-27 13:45:24.777 - INFO: vkd_dist = 00
2026-07-27 13:53:51.274 - INFO: draw = 1
2026-07-27 13:53:51.274 - INFO: offset (startIndex) = 0
2026-07-27 13:53:51.274 - INFO: limit (length) = 10
2026-07-27 13:53:51.274 - INFO: sortBy = KD_DIST ASC
2026-07-27 13:53:51.274 - INFO: searchValue = 
2026-07-27 13:53:51.275 - INFO: vbln_usulan = 
2026-07-27 13:53:51.275 - INFO: vkd_bank = 
2026-07-27 13:53:51.275 - INFO: vkd_dist = 
2026-07-27 13:55:28.269 - INFO: draw = 1
2026-07-27 13:55:28.272 - INFO: offset (startIndex) = 0
2026-07-27 13:55:28.273 - INFO: limit (length) = 10
2026-07-27 13:55:28.273 - INFO: sortBy = KD_DIST ASC
2026-07-27 13:55:28.273 - INFO: searchValue = 
2026-07-27 13:55:28.273 - INFO: vbln_usulan = 
2026-07-27 13:55:28.273 - INFO: vkd_bank = 
2026-07-27 13:55:28.273 - INFO: vkd_dist = 
2026-07-27 13:55:46.261 - INFO: draw = 2
2026-07-27 13:55:46.261 - INFO: offset (startIndex) = 0
2026-07-27 13:55:46.261 - INFO: limit (length) = 10
2026-07-27 13:55:46.261 - INFO: sortBy = KD_DIST ASC
2026-07-27 13:55:46.261 - INFO: searchValue = 
2026-07-27 13:55:46.262 - INFO: vbln_usulan = 202607
2026-07-27 13:55:46.262 - INFO: vkd_bank = 200
2026-07-27 13:55:46.262 - INFO: vkd_dist = 11
2026-07-27 13:55:57.346 - INFO: draw = 1
2026-07-27 13:55:57.346 - INFO: offset (startIndex) = 0
2026-07-27 13:55:57.346 - INFO: limit (length) = 1000
2026-07-27 13:55:57.346 - INFO: sortBy = KD_DIST asc
2026-07-27 13:55:57.346 - INFO: searchValue = 
2026-07-27 13:55:57.346 - INFO: vbln_usulan = 202607
2026-07-27 13:55:57.346 - INFO: vkd_bank = 200
2026-07-27 13:55:57.346 - INFO: vkd_dist = 11
2026-07-27 13:56:21.046 - INFO: draw = 1
2026-07-27 13:56:21.047 - INFO: offset (startIndex) = 0
2026-07-27 13:56:21.049 - INFO: limit (length) = 10
2026-07-27 13:56:21.049 - INFO: sortBy = KD_DIST ASC
2026-07-27 13:56:21.049 - INFO: searchValue = 
2026-07-27 13:56:21.049 - INFO: vbln_usulan = 
2026-07-27 13:56:21.049 - INFO: vkd_bank = 
2026-07-27 13:56:21.049 - INFO: vkd_dist = 
2026-07-27 13:56:43.006 - INFO: draw = 2
2026-07-27 13:56:43.006 - INFO: offset (startIndex) = 0
2026-07-27 13:56:43.006 - INFO: limit (length) = 10
2026-07-27 13:56:43.006 - INFO: sortBy = KD_DIST ASC
2026-07-27 13:56:43.006 - INFO: searchValue = 
2026-07-27 13:56:43.006 - INFO: vbln_usulan = 202607
2026-07-27 13:56:43.006 - INFO: vkd_bank = 111
2026-07-27 13:56:43.006 - INFO: vkd_dist = 00
2026-07-27 13:56:52.982 - INFO: draw = 1
2026-07-27 13:56:52.982 - INFO: offset (startIndex) = 0
2026-07-27 13:56:52.983 - INFO: limit (length) = 1000
2026-07-27 13:56:52.983 - INFO: sortBy = KD_DIST asc
2026-07-27 13:56:52.983 - INFO: searchValue = 
2026-07-27 13:56:52.983 - INFO: vbln_usulan = 202607
2026-07-27 13:56:52.983 - INFO: vkd_bank = 111
2026-07-27 13:56:52.983 - INFO: vkd_dist = 00
2026-07-27 14:04:19.645 - INFO: draw = 1
2026-07-27 14:04:19.645 - INFO: offset (startIndex) = 0
2026-07-27 14:04:19.645 - INFO: limit (length) = 10
2026-07-27 14:04:19.645 - INFO: sortBy = KD_DIST ASC
2026-07-27 14:04:19.645 - INFO: searchValue = 
2026-07-27 14:04:19.645 - INFO: vbln_usulan = 
2026-07-27 14:04:19.645 - INFO: vkd_bank = 
2026-07-27 14:04:19.645 - INFO: vkd_dist = 
2026-07-27 14:04:45.361 - INFO: draw = 2
2026-07-27 14:04:45.361 - INFO: offset (startIndex) = 0
2026-07-27 14:04:45.361 - INFO: limit (length) = 10
2026-07-27 14:04:45.361 - INFO: sortBy = KD_DIST ASC
2026-07-27 14:04:45.361 - INFO: searchValue = 
2026-07-27 14:04:45.361 - INFO: vbln_usulan = 202607
2026-07-27 14:04:45.361 - INFO: vkd_bank = 111
2026-07-27 14:04:45.361 - INFO: vkd_dist = 00
2026-07-27 14:04:52.999 - INFO: draw = 1
2026-07-27 14:04:52.999 - INFO: offset (startIndex) = 0
2026-07-27 14:04:52.999 - INFO: limit (length) = 1000
2026-07-27 14:04:52.999 - INFO: sortBy = KD_DIST ASC
2026-07-27 14:04:52.999 - INFO: searchValue = null
2026-07-27 14:04:52.999 - INFO: vbln_usulan = 202607
2026-07-27 14:04:53.000 - INFO: vkd_bank = 111
2026-07-27 14:04:53.000 - INFO: vkd_dist = 00
2026-07-27 14:06:47.073 - INFO: draw = 3
2026-07-27 14:06:47.073 - INFO: offset (startIndex) = 0
2026-07-27 14:06:47.073 - INFO: limit (length) = 10
2026-07-27 14:06:47.073 - INFO: sortBy = KD_DIST ASC
2026-07-27 14:06:47.073 - INFO: searchValue = 
2026-07-27 14:06:47.074 - INFO: vbln_usulan = 202607
2026-07-27 14:06:47.074 - INFO: vkd_bank = 200
2026-07-27 14:06:47.074 - INFO: vkd_dist = 11
2026-07-27 14:06:53.385 - INFO: draw = 1
2026-07-27 14:06:53.385 - INFO: offset (startIndex) = 0
2026-07-27 14:06:53.385 - INFO: limit (length) = 1000
2026-07-27 14:06:53.385 - INFO: sortBy = KD_DIST ASC
2026-07-27 14:06:53.385 - INFO: searchValue = null
2026-07-27 14:06:53.385 - INFO: vbln_usulan = 202607
2026-07-27 14:06:53.385 - INFO: vkd_bank = 200
2026-07-27 14:06:53.385 - INFO: vkd_dist = 11
2026-07-27 14:09:43.544 - INFO: draw = 1
2026-07-27 14:09:43.544 - INFO: offset (startIndex) = 0
2026-07-27 14:09:43.544 - INFO: limit (length) = 10
2026-07-27 14:09:43.544 - INFO: sortBy = KD_DIST ASC
2026-07-27 14:09:43.544 - INFO: searchValue = 
2026-07-27 14:09:43.544 - INFO: vbln_usulan = 
2026-07-27 14:09:43.544 - INFO: vkd_bank = 
2026-07-27 14:09:43.545 - INFO: vkd_dist = 
2026-07-27 14:10:37.979 - INFO: draw = 2
2026-07-27 14:10:37.980 - INFO: offset (startIndex) = 0
2026-07-27 14:10:37.980 - INFO: limit (length) = 10
2026-07-27 14:10:37.980 - INFO: sortBy = KD_DIST ASC
2026-07-27 14:10:37.980 - INFO: searchValue = 
2026-07-27 14:10:37.980 - INFO: vbln_usulan = 202607
2026-07-27 14:10:37.980 - INFO: vkd_bank = 200
2026-07-27 14:10:37.980 - INFO: vkd_dist = 53
2026-07-27 14:41:43.274 - INFO: draw = 1
2026-07-27 14:41:43.274 - INFO: offset (startIndex) = 0
2026-07-27 14:41:43.274 - INFO: limit (length) = 10
2026-07-27 14:41:43.274 - INFO: sortBy = KD_DIST ASC
2026-07-27 14:41:43.274 - INFO: searchValue = 
2026-07-27 14:41:43.274 - INFO: vbln_usulan = 
2026-07-27 14:41:43.274 - INFO: vkd_bank = 
2026-07-27 14:41:43.274 - INFO: vkd_dist = 
2026-07-27 14:42:06.682 - INFO: draw = 2
2026-07-27 14:42:06.685 - INFO: offset (startIndex) = 0
2026-07-27 14:42:06.686 - INFO: limit (length) = 10
2026-07-27 14:42:06.686 - INFO: sortBy = KD_DIST ASC
2026-07-27 14:42:06.686 - INFO: searchValue = 
2026-07-27 14:42:06.686 - INFO: vbln_usulan = 202607
2026-07-27 14:42:06.686 - INFO: vkd_bank = 200
2026-07-27 14:42:06.687 - INFO: vkd_dist = 17
2026-07-27 14:42:47.053 - INFO: draw = 1
2026-07-27 14:42:47.053 - INFO: offset (startIndex) = 0
2026-07-27 14:42:47.053 - INFO: limit (length) = 10
2026-07-27 14:42:47.054 - INFO: sortBy = KD_DIST ASC
2026-07-27 14:42:47.055 - INFO: searchValue = 
2026-07-27 14:42:47.055 - INFO: vbln_usulan = 
2026-07-27 14:42:47.055 - INFO: vkd_bank = 
2026-07-27 14:42:47.055 - INFO: vkd_dist = 
2026-07-27 14:42:58.558 - INFO: draw = 2
2026-07-27 14:42:58.558 - INFO: offset (startIndex) = 0
2026-07-27 14:42:58.558 - INFO: limit (length) = 10
2026-07-27 14:42:58.558 - INFO: sortBy = KD_DIST ASC
2026-07-27 14:42:58.558 - INFO: searchValue = 
2026-07-27 14:42:58.558 - INFO: vbln_usulan = 202607
2026-07-27 14:42:58.558 - INFO: vkd_bank = 200
2026-07-27 14:42:58.558 - INFO: vkd_dist = 16
2026-07-27 14:43:10.853 - INFO: draw = 3
2026-07-27 14:43:10.854 - INFO: offset (startIndex) = 0
2026-07-27 14:43:10.854 - INFO: limit (length) = 10
2026-07-27 14:43:10.854 - INFO: sortBy = KD_DIST ASC
2026-07-27 14:43:10.854 - INFO: searchValue = 
2026-07-27 14:43:10.854 - INFO: vbln_usulan = 202607
2026-07-27 14:43:10.854 - INFO: vkd_bank = 200
2026-07-27 14:43:10.855 - INFO: vkd_dist = 16
2026-07-27 14:43:57.802 - INFO: draw = 4
2026-07-27 14:43:57.802 - INFO: offset (startIndex) = 0
2026-07-27 14:43:57.802 - INFO: limit (length) = 10
2026-07-27 14:43:57.803 - INFO: sortBy = KD_DIST ASC
2026-07-27 14:43:57.803 - INFO: searchValue = 
2026-07-27 14:43:57.803 - INFO: vbln_usulan = 202607
2026-07-27 14:43:57.803 - INFO: vkd_bank = 200
2026-07-27 14:43:57.803 - INFO: vkd_dist = 16
2026-07-27 14:44:12.221 - INFO: draw = 1
2026-07-27 14:44:12.221 - INFO: offset (startIndex) = 0
2026-07-27 14:44:12.221 - INFO: limit (length) = 1000
2026-07-27 14:44:12.221 - INFO: sortBy = KD_DIST asc
2026-07-27 14:44:12.221 - INFO: searchValue = 
2026-07-27 14:44:12.221 - INFO: vbln_usulan = 202607
2026-07-27 14:44:12.221 - INFO: vkd_bank = 200
2026-07-27 14:44:12.221 - INFO: vkd_dist = 16
2026-07-27 14:45:05.653 - INFO: draw = 1
2026-07-27 14:45:05.653 - INFO: offset (startIndex) = 0
2026-07-27 14:45:05.653 - INFO: limit (length) = 10
2026-07-27 14:45:05.653 - INFO: sortBy = KD_DIST ASC
2026-07-27 14:45:05.653 - INFO: searchValue = 
2026-07-27 14:45:05.653 - INFO: vbln_usulan = 
2026-07-27 14:45:05.653 - INFO: vkd_bank = 
2026-07-27 14:45:05.654 - INFO: vkd_dist = 
2026-07-27 14:48:08.076 - INFO: draw = 2
2026-07-27 14:48:08.076 - INFO: offset (startIndex) = 0
2026-07-27 14:48:08.076 - INFO: limit (length) = 10
2026-07-27 14:48:08.076 - INFO: sortBy = KD_DIST ASC
2026-07-27 14:48:08.076 - INFO: searchValue = 
2026-07-27 14:48:08.076 - INFO: vbln_usulan = 202607
2026-07-27 14:48:08.076 - INFO: vkd_bank = 200
2026-07-27 14:48:08.076 - INFO: vkd_dist = 55
2026-07-27 14:48:17.044 - INFO: draw = 1
2026-07-27 14:48:17.044 - INFO: offset (startIndex) = 0
2026-07-27 14:48:17.044 - INFO: limit (length) = 1000
2026-07-27 14:48:17.044 - INFO: sortBy = KD_DIST asc
2026-07-27 14:48:17.044 - INFO: searchValue = 
2026-07-27 14:48:17.044 - INFO: vbln_usulan = 202607
2026-07-27 14:48:17.044 - INFO: vkd_bank = 200
2026-07-27 14:48:17.044 - INFO: vkd_dist = 55
2026-07-27 14:48:59.184 - INFO: draw = 3
2026-07-27 14:48:59.184 - INFO: offset (startIndex) = 0
2026-07-27 14:48:59.184 - INFO: limit (length) = 10
2026-07-27 14:48:59.184 - INFO: sortBy = KD_DIST ASC
2026-07-27 14:48:59.184 - INFO: searchValue = 
2026-07-27 14:48:59.185 - INFO: vbln_usulan = 202607
2026-07-27 14:48:59.185 - INFO: vkd_bank = 200
2026-07-27 14:48:59.185 - INFO: vkd_dist = 55
2026-07-27 14:51:15.821 - INFO: draw = 1
2026-07-27 14:51:15.821 - INFO: offset (startIndex) = 0
2026-07-27 14:51:15.822 - INFO: limit (length) = 10
2026-07-27 14:51:15.822 - INFO: sortBy = KD_DIST ASC
2026-07-27 14:51:15.822 - INFO: searchValue = 
2026-07-27 14:51:15.822 - INFO: vbln_usulan = 
2026-07-27 14:51:15.822 - INFO: vkd_bank = 
2026-07-27 14:51:15.822 - INFO: vkd_dist = 
2026-07-27 14:51:32.376 - INFO: draw = 2
2026-07-27 14:51:32.376 - INFO: offset (startIndex) = 0
2026-07-27 14:51:32.376 - INFO: limit (length) = 10
2026-07-27 14:51:32.376 - INFO: sortBy = KD_DIST ASC
2026-07-27 14:51:32.376 - INFO: searchValue = 
2026-07-27 14:51:32.376 - INFO: vbln_usulan = 202607
2026-07-27 14:51:32.376 - INFO: vkd_bank = 200
2026-07-27 14:51:32.376 - INFO: vkd_dist = 55
2026-07-27 15:55:23.163 - INFO: draw = 1
2026-07-27 15:55:23.164 - INFO: offset (startIndex) = 0
2026-07-27 15:55:23.164 - INFO: limit (length) = 10
2026-07-27 15:55:23.164 - INFO: sortBy = KD_DIST ASC
2026-07-27 15:55:23.164 - INFO: searchValue = 
2026-07-27 15:55:23.164 - INFO: vbln_usulan = 
2026-07-27 15:55:23.164 - INFO: vkd_bank = 
2026-07-27 15:55:23.164 - INFO: vkd_dist = 
2026-07-27 15:55:33.127 - INFO: draw = 2
2026-07-27 15:55:33.129 - INFO: offset (startIndex) = 0
2026-07-27 15:55:33.129 - INFO: limit (length) = 10
2026-07-27 15:55:33.129 - INFO: sortBy = KD_DIST ASC
2026-07-27 15:55:33.129 - INFO: searchValue = 
2026-07-27 15:55:33.129 - INFO: vbln_usulan = 202607
2026-07-27 15:55:33.130 - INFO: vkd_bank = 200
2026-07-27 15:55:33.130 - INFO: vkd_dist = 11
2026-07-27 15:55:52.247 - INFO: draw = 1
2026-07-27 15:55:52.247 - INFO: offset (startIndex) = 0
2026-07-27 15:55:52.247 - INFO: limit (length) = 10
2026-07-27 15:55:52.247 - INFO: sortBy = KD_DIST ASC
2026-07-27 15:55:52.247 - INFO: searchValue = 
2026-07-27 15:55:52.247 - INFO: vbln_usulan = 
2026-07-27 15:55:52.247 - INFO: vkd_bank = 
2026-07-27 15:55:52.247 - INFO: vkd_dist = 
2026-07-27 15:57:17.242 - INFO: draw = 2
2026-07-27 15:57:17.242 - INFO: offset (startIndex) = 0
2026-07-27 15:57:17.242 - INFO: limit (length) = 10
2026-07-27 15:57:17.242 - INFO: sortBy = KD_DIST ASC
2026-07-27 15:57:17.242 - INFO: searchValue = 
2026-07-27 15:57:17.242 - INFO: vbln_usulan = 202607
2026-07-27 15:57:17.242 - INFO: vkd_bank = 111
2026-07-27 15:57:17.242 - INFO: vkd_dist = 00
2026-07-27 15:57:30.749 - INFO: draw = 1
2026-07-27 15:57:30.749 - INFO: offset (startIndex) = 0
2026-07-27 15:57:30.749 - INFO: limit (length) = 1000
2026-07-27 15:57:30.749 - INFO: sortBy = KD_DIST ASC
2026-07-27 15:57:30.749 - INFO: searchValue = null
2026-07-27 15:57:30.749 - INFO: vbln_usulan = 202607
2026-07-27 15:57:30.749 - INFO: vkd_bank = 111
2026-07-27 15:57:30.749 - INFO: vkd_dist = 00
2026-07-27 16:01:27.783 - INFO: draw = 3
2026-07-27 16:01:27.783 - INFO: offset (startIndex) = 0
2026-07-27 16:01:27.783 - INFO: limit (length) = 10
2026-07-27 16:01:27.783 - INFO: sortBy = KD_DIST ASC
2026-07-27 16:01:27.783 - INFO: searchValue = 
2026-07-27 16:01:27.784 - INFO: vbln_usulan = 202607
2026-07-27 16:01:27.784 - INFO: vkd_bank = 111
2026-07-27 16:01:27.784 - INFO: vkd_dist = 00
2026-07-27 16:02:39.243 - INFO: draw = 4
2026-07-27 16:02:39.244 - INFO: offset (startIndex) = 0
2026-07-27 16:02:39.244 - INFO: limit (length) = 10
2026-07-27 16:02:39.244 - INFO: sortBy = KD_DIST ASC
2026-07-27 16:02:39.244 - INFO: searchValue = 
2026-07-27 16:02:39.244 - INFO: vbln_usulan = 202607
2026-07-27 16:02:39.244 - INFO: vkd_bank = 200
2026-07-27 16:02:39.244 - INFO: vkd_dist = 11
2026-07-27 16:04:33.791 - INFO: draw = 5
2026-07-27 16:04:33.792 - INFO: offset (startIndex) = 0
2026-07-27 16:04:33.792 - INFO: limit (length) = 10
2026-07-27 16:04:33.792 - INFO: sortBy = KD_DIST ASC
2026-07-27 16:04:33.792 - INFO: searchValue = 
2026-07-27 16:04:33.792 - INFO: vbln_usulan = 202607
2026-07-27 16:04:33.792 - INFO: vkd_bank = 200
2026-07-27 16:04:33.792 - INFO: vkd_dist = 51
2026-07-27 16:04:45.816 - INFO: draw = 6
2026-07-27 16:04:45.817 - INFO: offset (startIndex) = 0
2026-07-27 16:04:45.817 - INFO: limit (length) = 10
2026-07-27 16:04:45.817 - INFO: sortBy = KD_DIST ASC
2026-07-27 16:04:45.817 - INFO: searchValue = 
2026-07-27 16:04:45.817 - INFO: vbln_usulan = 202607
2026-07-27 16:04:45.817 - INFO: vkd_bank = 200
2026-07-27 16:04:45.817 - INFO: vkd_dist = 43
2026-07-27 16:04:52.514 - INFO: draw = 7
2026-07-27 16:04:52.514 - INFO: offset (startIndex) = 0
2026-07-27 16:04:52.514 - INFO: limit (length) = 1000
2026-07-27 16:04:52.514 - INFO: sortBy = KD_DIST ASC
2026-07-27 16:04:52.514 - INFO: searchValue = 
2026-07-27 16:04:52.514 - INFO: vbln_usulan = 202607
2026-07-27 16:04:52.514 - INFO: vkd_bank = 200
2026-07-27 16:04:52.514 - INFO: vkd_dist = 43
2026-07-27 16:05:04.923 - INFO: draw = 8
2026-07-27 16:05:04.923 - INFO: offset (startIndex) = 0
2026-07-27 16:05:04.923 - INFO: limit (length) = 1000
2026-07-27 16:05:04.923 - INFO: sortBy = KD_DIST ASC
2026-07-27 16:05:04.924 - INFO: searchValue = 
2026-07-27 16:05:04.924 - INFO: vbln_usulan = 202607
2026-07-27 16:05:04.924 - INFO: vkd_bank = 200
2026-07-27 16:05:04.924 - INFO: vkd_dist = 51
2026-07-27 16:05:12.721 - INFO: draw = 9
2026-07-27 16:05:12.721 - INFO: offset (startIndex) = 0
2026-07-27 16:05:12.721 - INFO: limit (length) = 1000
2026-07-27 16:05:12.721 - INFO: sortBy = KD_DIST ASC
2026-07-27 16:05:12.721 - INFO: searchValue = 
2026-07-27 16:05:12.722 - INFO: vbln_usulan = 202607
2026-07-27 16:05:12.722 - INFO: vkd_bank = 200
2026-07-27 16:05:12.723 - INFO: vkd_dist = 18
2026-07-27 16:07:19.687 - INFO: draw = 1
2026-07-27 16:07:19.687 - INFO: offset (startIndex) = 0
2026-07-27 16:07:19.688 - INFO: limit (length) = 10
2026-07-27 16:07:19.689 - INFO: sortBy = KD_DIST ASC
2026-07-27 16:07:19.689 - INFO: searchValue = 
2026-07-27 16:07:19.689 - INFO: vbln_usulan = 
2026-07-27 16:07:19.689 - INFO: vkd_bank = 
2026-07-27 16:07:19.689 - INFO: vkd_dist = 
2026-07-27 16:07:27.503 - INFO: draw = 2
2026-07-27 16:07:27.503 - INFO: offset (startIndex) = 0
2026-07-27 16:07:27.503 - INFO: limit (length) = 10
2026-07-27 16:07:27.503 - INFO: sortBy = KD_DIST ASC
2026-07-27 16:07:27.503 - INFO: searchValue = 
2026-07-27 16:07:27.503 - INFO: vbln_usulan = 202607
2026-07-27 16:07:27.503 - INFO: vkd_bank = 111
2026-07-27 16:07:27.503 - INFO: vkd_dist = 00
2026-07-27 16:13:36.653 - INFO: draw = 1
2026-07-27 16:13:36.653 - INFO: offset (startIndex) = 0
2026-07-27 16:13:36.653 - INFO: limit (length) = 10
2026-07-27 16:13:36.653 - INFO: sortBy = KD_DIST ASC
2026-07-27 16:13:36.653 - INFO: searchValue = 
2026-07-27 16:13:36.653 - INFO: vbln_usulan = 
2026-07-27 16:13:36.654 - INFO: vkd_bank = 
2026-07-27 16:13:36.654 - INFO: vkd_dist = 
