2026-08-10 08:38:37.920 - INFO: draw = 1
2026-08-10 08:38:37.921 - INFO: offset (startIndex) = 0
2026-08-10 08:38:37.922 - INFO: limit (length) = 10
2026-08-10 08:38:37.922 - INFO: sortBy = KD_DIST ASC
2026-08-10 08:38:37.922 - INFO: searchValue = 
2026-08-10 08:38:37.922 - INFO: vbln_usulan = 
2026-08-10 08:38:37.922 - INFO: vkd_bank = 
2026-08-10 08:38:37.922 - INFO: vkd_dist = 
2026-08-10 08:38:37.922 - INFO: vket_pending = 
2026-08-10 08:39:53.191 - INFO: draw = 1
2026-08-10 08:39:53.193 - INFO: offset (startIndex) = 0
2026-08-10 08:39:53.194 - INFO: limit (length) = 10
2026-08-10 08:39:53.194 - INFO: sortBy = KD_DIST ASC
2026-08-10 08:39:53.194 - INFO: searchValue = 
2026-08-10 08:39:53.194 - INFO: vbln_usulan = 
2026-08-10 08:39:53.194 - INFO: vkd_bank = 
2026-08-10 08:39:53.194 - INFO: vkd_dist = 
2026-08-10 08:40:28.396 - INFO: draw = 2
2026-08-10 08:40:28.396 - INFO: offset (startIndex) = 0
2026-08-10 08:40:28.397 - INFO: limit (length) = 10
2026-08-10 08:40:28.397 - INFO: sortBy = KD_DIST ASC
2026-08-10 08:40:28.397 - INFO: searchValue = 
2026-08-10 08:40:28.397 - INFO: vbln_usulan = 202608
2026-08-10 08:40:28.397 - INFO: vkd_bank = 200
2026-08-10 08:40:28.397 - INFO: vkd_dist = 17
2026-08-10 08:41:05.330 - INFO: draw = 3
2026-08-10 08:41:05.330 - INFO: offset (startIndex) = 0
2026-08-10 08:41:05.330 - INFO: limit (length) = 10
2026-08-10 08:41:05.330 - INFO: sortBy = KD_DIST ASC
2026-08-10 08:41:05.330 - INFO: searchValue = 
2026-08-10 08:41:05.330 - INFO: vbln_usulan = 202608
2026-08-10 08:41:05.331 - INFO: vkd_bank = 200
2026-08-10 08:41:05.331 - INFO: vkd_dist = 17
2026-08-10 08:41:28.788 - INFO: draw = 4
2026-08-10 08:41:28.788 - INFO: offset (startIndex) = 0
2026-08-10 08:41:28.789 - INFO: limit (length) = 10
2026-08-10 08:41:28.789 - INFO: sortBy = KD_DIST ASC
2026-08-10 08:41:28.789 - INFO: searchValue = 
2026-08-10 08:41:28.789 - INFO: vbln_usulan = 202608
2026-08-10 08:41:28.789 - INFO: vkd_bank = 111
2026-08-10 08:41:28.789 - INFO: vkd_dist = 54
2026-08-10 08:41:53.788 - INFO: draw = 5
2026-08-10 08:41:53.788 - INFO: offset (startIndex) = 10
2026-08-10 08:41:53.788 - INFO: limit (length) = 10
2026-08-10 08:41:53.788 - INFO: sortBy = KD_DIST ASC
2026-08-10 08:41:53.788 - INFO: searchValue = 
2026-08-10 08:41:53.788 - INFO: vbln_usulan = 202608
2026-08-10 08:41:53.788 - INFO: vkd_bank = 111
2026-08-10 08:41:53.788 - INFO: vkd_dist = 54
2026-08-10 08:42:01.881 - INFO: draw = 6
2026-08-10 08:42:01.881 - INFO: offset (startIndex) = 0
2026-08-10 08:42:01.881 - INFO: limit (length) = 1000
2026-08-10 08:42:01.881 - INFO: sortBy = KD_DIST ASC
2026-08-10 08:42:01.881 - INFO: searchValue = 
2026-08-10 08:42:01.881 - INFO: vbln_usulan = 202608
2026-08-10 08:42:01.881 - INFO: vkd_bank = 111
2026-08-10 08:42:01.881 - INFO: vkd_dist = 54
2026-08-10 08:55:13.830 - INFO: draw = 1
2026-08-10 08:55:13.831 - INFO: offset (startIndex) = 0
2026-08-10 08:55:13.831 - INFO: limit (length) = 10
2026-08-10 08:55:13.831 - INFO: sortBy = KD_DIST ASC
2026-08-10 08:55:13.831 - INFO: searchValue = 
2026-08-10 08:55:13.831 - INFO: vbln_usulan = 
2026-08-10 08:55:13.831 - INFO: vkd_bank = 
2026-08-10 08:55:13.831 - INFO: vkd_dist = 
2026-08-10 08:55:13.831 - INFO: vket_pending = 
