2026-07-28 14:01:09.188 - INFO: draw = 1
2026-07-28 14:01:09.189 - INFO: offset (startIndex) = 0
2026-07-28 14:01:09.189 - INFO: limit (length) = 10
2026-07-28 14:01:09.189 - INFO: sortBy = KD_DIST ASC
2026-07-28 14:01:09.189 - INFO: searchValue = 
2026-07-28 14:01:09.189 - INFO: vbln_usulan = 
2026-07-28 14:01:09.189 - INFO: vkd_bank = 
2026-07-28 14:01:09.190 - INFO: vkd_dist = 
2026-07-28 14:03:39.015 - INFO: draw = 2
2026-07-28 14:03:39.018 - INFO: offset (startIndex) = 0
2026-07-28 14:03:39.019 - INFO: limit (length) = 10
2026-07-28 14:03:39.019 - INFO: sortBy = KD_DIST ASC
2026-07-28 14:03:39.019 - INFO: searchValue = 
2026-07-28 14:03:39.019 - INFO: vbln_usulan = 202606
2026-07-28 14:03:39.021 - INFO: vkd_bank = 111
2026-07-28 14:03:39.021 - INFO: vkd_dist = 00
2026-07-28 14:03:51.124 - INFO: draw = 3
2026-07-28 14:03:51.124 - INFO: offset (startIndex) = 0
2026-07-28 14:03:51.124 - INFO: limit (length) = 10
2026-07-28 14:03:51.124 - INFO: sortBy = KD_DIST ASC
2026-07-28 14:03:51.124 - INFO: searchValue = P
2026-07-28 14:03:51.124 - INFO: vbln_usulan = 202606
2026-07-28 14:03:51.124 - INFO: vkd_bank = 111
2026-07-28 14:03:51.124 - INFO: vkd_dist = 00
2026-07-28 14:03:51.571 - INFO: draw = 4
2026-07-28 14:03:51.571 - INFO: offset (startIndex) = 0
2026-07-28 14:03:51.571 - INFO: limit (length) = 10
2026-07-28 14:03:51.571 - INFO: sortBy = KD_DIST ASC
2026-07-28 14:03:51.571 - INFO: searchValue = PEN
2026-07-28 14:03:51.571 - INFO: vbln_usulan = 202606
2026-07-28 14:03:51.571 - INFO: vkd_bank = 111
2026-07-28 14:03:51.571 - INFO: vkd_dist = 00
2026-07-28 14:03:52.011 - INFO: draw = 5
2026-07-28 14:03:52.011 - INFO: offset (startIndex) = 0
2026-07-28 14:03:52.011 - INFO: limit (length) = 10
2026-07-28 14:03:52.011 - INFO: sortBy = KD_DIST ASC
2026-07-28 14:03:52.011 - INFO: searchValue = PENDI
2026-07-28 14:03:52.011 - INFO: vbln_usulan = 202606
2026-07-28 14:03:52.011 - INFO: vkd_bank = 111
2026-07-28 14:03:52.011 - INFO: vkd_dist = 00
2026-07-28 14:03:52.437 - INFO: draw = 6
2026-07-28 14:03:52.437 - INFO: offset (startIndex) = 0
2026-07-28 14:03:52.437 - INFO: limit (length) = 10
2026-07-28 14:03:52.437 - INFO: sortBy = KD_DIST ASC
2026-07-28 14:03:52.437 - INFO: searchValue = PENDING
2026-07-28 14:03:52.437 - INFO: vbln_usulan = 202606
2026-07-28 14:03:52.437 - INFO: vkd_bank = 111
2026-07-28 14:03:52.437 - INFO: vkd_dist = 00
2026-07-28 14:04:06.258 - INFO: draw = 7
2026-07-28 14:04:06.258 - INFO: offset (startIndex) = 10
2026-07-28 14:04:06.258 - INFO: limit (length) = 10
2026-07-28 14:04:06.258 - INFO: sortBy = KD_DIST ASC
2026-07-28 14:04:06.258 - INFO: searchValue = PENDING
2026-07-28 14:04:06.258 - INFO: vbln_usulan = 202606
2026-07-28 14:04:06.258 - INFO: vkd_bank = 111
2026-07-28 14:04:06.258 - INFO: vkd_dist = 00
