2026-07-29 06:20:42.785 - INFO: draw = 1
2026-07-29 06:20:42.785 - INFO: offset (startIndex) = 0
2026-07-29 06:20:42.785 - INFO: limit (length) = 10
2026-07-29 06:20:42.785 - INFO: sortBy = KD_DIST ASC
2026-07-29 06:20:42.786 - INFO: searchValue = 
2026-07-29 06:20:42.786 - INFO: vbln_usulan = 
2026-07-29 06:20:42.786 - INFO: vkd_bank = 
2026-07-29 06:20:42.786 - INFO: vkd_dist = 
2026-07-29 07:30:37.519 - INFO: draw = 1
2026-07-29 07:30:37.521 - INFO: offset (startIndex) = 0
2026-07-29 07:30:37.523 - INFO: limit (length) = 10
2026-07-29 07:30:37.523 - INFO: sortBy = KD_DIST ASC
2026-07-29 07:30:37.523 - INFO: searchValue = 
2026-07-29 07:30:37.523 - INFO: vbln_usulan = 
2026-07-29 07:30:37.523 - INFO: vkd_bank = 
2026-07-29 07:30:37.525 - INFO: vkd_dist = 
2026-07-29 09:43:35.425 - INFO: draw = 2
2026-07-29 09:43:35.433 - INFO: offset (startIndex) = 0
2026-07-29 09:43:35.433 - INFO: limit (length) = 10
2026-07-29 09:43:35.433 - INFO: sortBy = KD_DIST ASC
2026-07-29 09:43:35.433 - INFO: searchValue = 
2026-07-29 09:43:35.433 - INFO: vbln_usulan = 202607
2026-07-29 09:43:35.433 - INFO: vkd_bank = 200
2026-07-29 09:43:35.434 - INFO: vkd_dist = 12
2026-07-29 09:52:58.564 - INFO: draw = 1
2026-07-29 09:52:58.564 - INFO: offset (startIndex) = 0
2026-07-29 09:52:58.564 - INFO: limit (length) = 10
2026-07-29 09:52:58.565 - INFO: sortBy = KD_DIST ASC
2026-07-29 09:52:58.565 - INFO: searchValue = 
2026-07-29 09:52:58.565 - INFO: vbln_usulan = 
2026-07-29 09:52:58.565 - INFO: vkd_bank = 
2026-07-29 09:52:58.565 - INFO: vkd_dist = 
2026-07-29 09:53:32.680 - INFO: draw = 1
2026-07-29 09:53:32.680 - INFO: offset (startIndex) = 0
2026-07-29 09:53:32.680 - INFO: limit (length) = 10
2026-07-29 09:53:32.680 - INFO: sortBy = KD_DIST ASC
2026-07-29 09:53:32.680 - INFO: searchValue = 
2026-07-29 09:53:32.680 - INFO: vbln_usulan = 
2026-07-29 09:53:32.680 - INFO: vkd_bank = 
2026-07-29 09:53:32.681 - INFO: vkd_dist = 
2026-07-29 09:54:15.316 - INFO: draw = 2
2026-07-29 09:54:15.316 - INFO: offset (startIndex) = 0
2026-07-29 09:54:15.317 - INFO: limit (length) = 10
2026-07-29 09:54:15.317 - INFO: sortBy = KD_DIST ASC
2026-07-29 09:54:15.317 - INFO: searchValue = 
2026-07-29 09:54:15.317 - INFO: vbln_usulan = 202607
2026-07-29 09:54:15.317 - INFO: vkd_bank = 200
2026-07-29 09:54:15.317 - INFO: vkd_dist = 12
2026-07-29 09:54:57.444 - INFO: draw = 3
2026-07-29 09:54:57.444 - INFO: offset (startIndex) = 0
2026-07-29 09:54:57.445 - INFO: limit (length) = 10
2026-07-29 09:54:57.445 - INFO: sortBy = KD_DIST ASC
2026-07-29 09:54:57.445 - INFO: searchValue = 
2026-07-29 09:54:57.445 - INFO: vbln_usulan = 202607
2026-07-29 09:54:57.445 - INFO: vkd_bank = 200
2026-07-29 09:54:57.445 - INFO: vkd_dist = 21
2026-07-29 09:55:18.929 - INFO: draw = 4
2026-07-29 09:55:18.929 - INFO: offset (startIndex) = 0
2026-07-29 09:55:18.929 - INFO: limit (length) = 10
2026-07-29 09:55:18.929 - INFO: sortBy = KD_DIST ASC
2026-07-29 09:55:18.929 - INFO: searchValue = 
2026-07-29 09:55:18.929 - INFO: vbln_usulan = 202607
2026-07-29 09:55:18.929 - INFO: vkd_bank = 200
2026-07-29 09:55:18.929 - INFO: vkd_dist = 22
2026-07-29 09:55:46.516 - INFO: draw = 5
2026-07-29 09:55:46.516 - INFO: offset (startIndex) = 0
2026-07-29 09:55:46.517 - INFO: limit (length) = 10
2026-07-29 09:55:46.517 - INFO: sortBy = KD_DIST ASC
2026-07-29 09:55:46.517 - INFO: searchValue = 
2026-07-29 09:55:46.517 - INFO: vbln_usulan = 202607
2026-07-29 09:55:46.518 - INFO: vkd_bank = 200
2026-07-29 09:55:46.518 - INFO: vkd_dist = 22
2026-07-29 09:56:02.101 - INFO: draw = 6
2026-07-29 09:56:02.101 - INFO: offset (startIndex) = 0
2026-07-29 09:56:02.101 - INFO: limit (length) = 10
2026-07-29 09:56:02.101 - INFO: sortBy = KD_DIST ASC
2026-07-29 09:56:02.101 - INFO: searchValue = 
2026-07-29 09:56:02.101 - INFO: vbln_usulan = 202607
2026-07-29 09:56:02.101 - INFO: vkd_bank = 200
2026-07-29 09:56:02.101 - INFO: vkd_dist = 23
2026-07-29 09:56:16.460 - INFO: draw = 7
2026-07-29 09:56:16.460 - INFO: offset (startIndex) = 0
2026-07-29 09:56:16.460 - INFO: limit (length) = 10
2026-07-29 09:56:16.460 - INFO: sortBy = KD_DIST ASC
2026-07-29 09:56:16.460 - INFO: searchValue = 
2026-07-29 09:56:16.460 - INFO: vbln_usulan = 202607
2026-07-29 09:56:16.460 - INFO: vkd_bank = 200
2026-07-29 09:56:16.460 - INFO: vkd_dist = 31
2026-07-29 09:56:35.284 - INFO: draw = 8
2026-07-29 09:56:35.284 - INFO: offset (startIndex) = 0
2026-07-29 09:56:35.284 - INFO: limit (length) = 10
2026-07-29 09:56:35.284 - INFO: sortBy = KD_DIST ASC
2026-07-29 09:56:35.284 - INFO: searchValue = 
2026-07-29 09:56:35.284 - INFO: vbln_usulan = 202607
2026-07-29 09:56:35.284 - INFO: vkd_bank = 200
2026-07-29 09:56:35.284 - INFO: vkd_dist = 32
2026-07-29 09:56:51.161 - INFO: draw = 9
2026-07-29 09:56:51.161 - INFO: offset (startIndex) = 0
2026-07-29 09:56:51.161 - INFO: limit (length) = 10
2026-07-29 09:56:51.161 - INFO: sortBy = KD_DIST ASC
2026-07-29 09:56:51.161 - INFO: searchValue = 
2026-07-29 09:56:51.161 - INFO: vbln_usulan = 202607
2026-07-29 09:56:51.161 - INFO: vkd_bank = 200
2026-07-29 09:56:51.161 - INFO: vkd_dist = 41
2026-07-29 09:57:15.472 - INFO: draw = 10
2026-07-29 09:57:15.472 - INFO: offset (startIndex) = 0
2026-07-29 09:57:15.472 - INFO: limit (length) = 10
2026-07-29 09:57:15.472 - INFO: sortBy = KD_DIST ASC
2026-07-29 09:57:15.473 - INFO: searchValue = 
2026-07-29 09:57:15.473 - INFO: vbln_usulan = 202607
2026-07-29 09:57:15.473 - INFO: vkd_bank = 200
2026-07-29 09:57:15.473 - INFO: vkd_dist = 31
2026-07-29 09:57:29.885 - INFO: draw = 11
2026-07-29 09:57:29.885 - INFO: offset (startIndex) = 0
2026-07-29 09:57:29.885 - INFO: limit (length) = 10
2026-07-29 09:57:29.885 - INFO: sortBy = KD_DIST ASC
2026-07-29 09:57:29.885 - INFO: searchValue = 
2026-07-29 09:57:29.885 - INFO: vbln_usulan = 202607
2026-07-29 09:57:29.885 - INFO: vkd_bank = 200
2026-07-29 09:57:29.885 - INFO: vkd_dist = 43
2026-07-29 09:57:39.730 - INFO: draw = 12
2026-07-29 09:57:39.730 - INFO: offset (startIndex) = 0
2026-07-29 09:57:39.730 - INFO: limit (length) = 10
2026-07-29 09:57:39.730 - INFO: sortBy = KD_DIST ASC
2026-07-29 09:57:39.730 - INFO: searchValue = 
2026-07-29 09:57:39.730 - INFO: vbln_usulan = 202607
2026-07-29 09:57:39.730 - INFO: vkd_bank = 200
2026-07-29 09:57:39.731 - INFO: vkd_dist = 52
2026-07-29 09:58:06.472 - INFO: draw = 13
2026-07-29 09:58:06.472 - INFO: offset (startIndex) = 0
2026-07-29 09:58:06.472 - INFO: limit (length) = 10
2026-07-29 09:58:06.472 - INFO: sortBy = KD_DIST ASC
2026-07-29 09:58:06.473 - INFO: searchValue = 
2026-07-29 09:58:06.473 - INFO: vbln_usulan = 202607
2026-07-29 09:58:06.473 - INFO: vkd_bank = 200
2026-07-29 09:58:06.473 - INFO: vkd_dist = 53
2026-07-29 09:58:18.212 - INFO: draw = 14
2026-07-29 09:58:18.212 - INFO: offset (startIndex) = 0
2026-07-29 09:58:18.212 - INFO: limit (length) = 10
2026-07-29 09:58:18.212 - INFO: sortBy = KD_DIST ASC
2026-07-29 09:58:18.212 - INFO: searchValue = 
2026-07-29 09:58:18.212 - INFO: vbln_usulan = 202607
2026-07-29 09:58:18.212 - INFO: vkd_bank = 111
2026-07-29 09:58:18.212 - INFO: vkd_dist = 54
