2026-08-07 06:18:32.408 - INFO: ? Memanggil service.getMasterBank()...
2026-08-07 06:18:32.554 - INFO: ? Berhasil ambil data bank. Jumlah data: 3
2026-08-07 09:29:15.571 - INFO: ? Memanggil service.getMasterBank()...
2026-08-07 09:29:15.749 - INFO: ? Berhasil ambil data bank. Jumlah data: 3
2026-08-07 09:32:27.288 - INFO: ? Memanggil service.getMasterBank()...
2026-08-07 09:32:27.441 - INFO: ? Berhasil ambil data bank. Jumlah data: 3
2026-08-07 10:26:02.282 - INFO: draw = 1
2026-08-07 10:26:02.283 - INFO: offset (startIndex) = 0
2026-08-07 10:26:02.283 - INFO: limit (length) = 10
2026-08-07 10:26:02.283 - INFO: sortBy = KD_DIST ASC
2026-08-07 10:26:02.283 - INFO: searchValue = 
2026-08-07 10:26:02.284 - INFO: vbln_usulan = 
2026-08-07 10:26:02.284 - INFO: vkd_bank = 
2026-08-07 10:26:02.284 - INFO: vkd_dist = 
2026-08-07 10:26:02.284 - INFO: vket_pending = null
2026-08-07 10:27:14.380 - INFO: draw = 1
2026-08-07 10:27:14.382 - INFO: offset (startIndex) = 0
2026-08-07 10:27:14.382 - INFO: limit (length) = 10
2026-08-07 10:27:14.382 - INFO: sortBy = KD_DIST ASC
2026-08-07 10:27:14.382 - INFO: searchValue = 
2026-08-07 10:27:14.382 - INFO: vbln_usulan = 
2026-08-07 10:27:14.382 - INFO: vkd_bank = 
2026-08-07 10:27:14.382 - INFO: vkd_dist = 
2026-08-07 10:27:14.382 - INFO: vket_pending = null
2026-08-07 10:27:38.239 - INFO: draw = 2
2026-08-07 10:27:38.239 - INFO: offset (startIndex) = 0
2026-08-07 10:27:38.239 - INFO: limit (length) = 10
2026-08-07 10:27:38.239 - INFO: sortBy = KD_DIST ASC
2026-08-07 10:27:38.239 - INFO: searchValue = 
2026-08-07 10:27:38.239 - INFO: vbln_usulan = 202608
2026-08-07 10:27:38.240 - INFO: vkd_bank = 111
2026-08-07 10:27:38.240 - INFO: vkd_dist = 00
2026-08-07 10:27:38.240 - INFO: vket_pending = null
2026-08-07 10:27:43.314 - INFO: draw = 3
2026-08-07 10:27:43.315 - INFO: offset (startIndex) = 0
2026-08-07 10:27:43.315 - INFO: limit (length) = 10
2026-08-07 10:27:43.315 - INFO: sortBy = KD_DIST ASC
2026-08-07 10:27:43.315 - INFO: searchValue = 
2026-08-07 10:27:43.315 - INFO: vbln_usulan = 202608
2026-08-07 10:27:43.315 - INFO: vkd_bank = 111
2026-08-07 10:27:43.315 - INFO: vkd_dist = 00
2026-08-07 10:27:43.315 - INFO: vket_pending = null
2026-08-07 10:28:48.802 - INFO: draw = 4
2026-08-07 10:28:48.802 - INFO: offset (startIndex) = 0
2026-08-07 10:28:48.802 - INFO: limit (length) = 10
2026-08-07 10:28:48.802 - INFO: sortBy = KD_DIST ASC
2026-08-07 10:28:48.802 - INFO: searchValue = 
2026-08-07 10:28:48.802 - INFO: vbln_usulan = 202608
2026-08-07 10:28:48.803 - INFO: vkd_bank = 111
2026-08-07 10:28:48.803 - INFO: vkd_dist = 00
2026-08-07 10:28:48.803 - INFO: vket_pending = null
2026-08-07 10:34:37.897 - INFO: draw = 1
2026-08-07 10:34:37.897 - INFO: offset (startIndex) = 0
2026-08-07 10:34:37.897 - INFO: limit (length) = 10
2026-08-07 10:34:37.897 - INFO: sortBy = KD_DIST ASC
2026-08-07 10:34:37.897 - INFO: searchValue = 
2026-08-07 10:34:37.897 - INFO: vbln_usulan = 
2026-08-07 10:34:37.898 - INFO: vkd_bank = 
2026-08-07 10:34:37.898 - INFO: vkd_dist = 
2026-08-07 10:34:37.898 - INFO: vket_pending = null
2026-08-07 10:35:00.208 - INFO: draw = 2
2026-08-07 10:35:00.209 - INFO: offset (startIndex) = 0
2026-08-07 10:35:00.209 - INFO: limit (length) = 10
2026-08-07 10:35:00.209 - INFO: sortBy = KD_DIST ASC
2026-08-07 10:35:00.209 - INFO: searchValue = 
2026-08-07 10:35:00.209 - INFO: vbln_usulan = 202608
2026-08-07 10:35:00.209 - INFO: vkd_bank = 111
2026-08-07 10:35:00.210 - INFO: vkd_dist = 00
2026-08-07 10:35:00.210 - INFO: vket_pending = null
2026-08-07 10:37:02.886 - INFO: draw = 1
2026-08-07 10:37:02.888 - INFO: offset (startIndex) = 0
2026-08-07 10:37:02.888 - INFO: limit (length) = 10
2026-08-07 10:37:02.888 - INFO: sortBy = KD_DIST ASC
2026-08-07 10:37:02.888 - INFO: searchValue = 
2026-08-07 10:37:02.888 - INFO: vbln_usulan = 
2026-08-07 10:37:02.888 - INFO: vkd_bank = 
2026-08-07 10:37:02.888 - INFO: vkd_dist = 
2026-08-07 10:37:02.888 - INFO: vket_pending = 
2026-08-07 10:37:32.894 - INFO: draw = 2
2026-08-07 10:37:32.895 - INFO: offset (startIndex) = 0
2026-08-07 10:37:32.895 - INFO: limit (length) = 10
2026-08-07 10:37:32.895 - INFO: sortBy = KD_DIST ASC
2026-08-07 10:37:32.895 - INFO: searchValue = 
2026-08-07 10:37:32.895 - INFO: vbln_usulan = 202608
2026-08-07 10:37:32.895 - INFO: vkd_bank = 111
2026-08-07 10:37:32.895 - INFO: vkd_dist = 00
2026-08-07 10:37:32.895 - INFO: vket_pending = 1
