2026-08-12 14:32:30.497 - INFO: draw = 1
2026-08-12 14:32:30.499 - INFO: offset (startIndex) = 0
2026-08-12 14:32:30.499 - INFO: limit (length) = 10
2026-08-12 14:32:30.499 - INFO: sortBy = KD_DIST ASC
2026-08-12 14:32:30.500 - INFO: searchValue = 
2026-08-12 14:32:30.500 - INFO: vbln_usulan = 
2026-08-12 14:32:30.500 - INFO: vkd_bank = 
2026-08-12 14:32:30.500 - INFO: vkd_dist = 
2026-08-12 14:32:44.262 - INFO: draw = 2
2026-08-12 14:32:44.265 - INFO: offset (startIndex) = 0
2026-08-12 14:32:44.265 - INFO: limit (length) = 10
2026-08-12 14:32:44.265 - INFO: sortBy = KD_DIST ASC
2026-08-12 14:32:44.265 - INFO: searchValue = 
2026-08-12 14:32:44.265 - INFO: vbln_usulan = 202608
2026-08-12 14:32:44.265 - INFO: vkd_bank = 200
2026-08-12 14:32:44.265 - INFO: vkd_dist = 31
2026-08-12 14:34:01.749 - INFO: draw = 1
2026-08-12 14:34:01.749 - INFO: offset (startIndex) = 0
2026-08-12 14:34:01.749 - INFO: limit (length) = 10
2026-08-12 14:34:01.749 - INFO: sortBy = KD_DIST ASC
2026-08-12 14:34:01.749 - INFO: searchValue = 
2026-08-12 14:34:01.749 - INFO: vbln_usulan = 
2026-08-12 14:34:01.749 - INFO: vkd_bank = 
2026-08-12 14:34:01.749 - INFO: vkd_dist = 
2026-08-12 14:34:09.777 - INFO: draw = 2
2026-08-12 14:34:09.777 - INFO: offset (startIndex) = 0
2026-08-12 14:34:09.777 - INFO: limit (length) = 10
2026-08-12 14:34:09.777 - INFO: sortBy = KD_DIST ASC
2026-08-12 14:34:09.777 - INFO: searchValue = 
2026-08-12 14:34:09.778 - INFO: vbln_usulan = 202608
2026-08-12 14:34:09.778 - INFO: vkd_bank = 200
2026-08-12 14:34:09.778 - INFO: vkd_dist = 31
2026-08-12 16:03:39.225 - INFO: draw = 1
2026-08-12 16:03:39.227 - INFO: offset (startIndex) = 0
2026-08-12 16:03:39.227 - INFO: limit (length) = 10
2026-08-12 16:03:39.227 - INFO: sortBy = KD_DIST ASC
2026-08-12 16:03:39.227 - INFO: searchValue = 
2026-08-12 16:03:39.227 - INFO: vbln_usulan = 
2026-08-12 16:03:39.227 - INFO: vkd_bank = 
2026-08-12 16:03:39.227 - INFO: vkd_dist = 
2026-08-12 16:07:32.047 - INFO: draw = 2
2026-08-12 16:07:32.048 - INFO: offset (startIndex) = 0
2026-08-12 16:07:32.048 - INFO: limit (length) = 10
2026-08-12 16:07:32.048 - INFO: sortBy = KD_DIST ASC
2026-08-12 16:07:32.048 - INFO: searchValue = 
2026-08-12 16:07:32.049 - INFO: vbln_usulan = 202608
2026-08-12 16:07:32.049 - INFO: vkd_bank = 200
2026-08-12 16:07:32.049 - INFO: vkd_dist = 31
2026-08-12 16:11:51.176 - INFO: draw = 1
2026-08-12 16:11:51.176 - INFO: offset (startIndex) = 0
2026-08-12 16:11:51.176 - INFO: limit (length) = 10
2026-08-12 16:11:51.177 - INFO: sortBy = KD_DIST ASC
2026-08-12 16:11:51.177 - INFO: searchValue = 
2026-08-12 16:11:51.177 - INFO: vbln_usulan = 
2026-08-12 16:11:51.177 - INFO: vkd_bank = 
2026-08-12 16:11:51.177 - INFO: vkd_dist = 
2026-08-12 16:12:04.270 - INFO: draw = 2
2026-08-12 16:12:04.271 - INFO: offset (startIndex) = 0
2026-08-12 16:12:04.271 - INFO: limit (length) = 10
2026-08-12 16:12:04.271 - INFO: sortBy = KD_DIST ASC
2026-08-12 16:12:04.271 - INFO: searchValue = 
2026-08-12 16:12:04.271 - INFO: vbln_usulan = 202608
2026-08-12 16:12:04.272 - INFO: vkd_bank = 200
2026-08-12 16:12:04.272 - INFO: vkd_dist = 31
2026-08-12 16:17:57.721 - INFO: draw = 3
2026-08-12 16:17:57.722 - INFO: offset (startIndex) = 0
2026-08-12 16:17:57.722 - INFO: limit (length) = 10
2026-08-12 16:17:57.722 - INFO: sortBy = KD_DIST ASC
2026-08-12 16:17:57.722 - INFO: searchValue = 
2026-08-12 16:17:57.722 - INFO: vbln_usulan = 202608
2026-08-12 16:17:57.722 - INFO: vkd_bank = 200
2026-08-12 16:17:57.723 - INFO: vkd_dist = 31
