2026-08-05 06:55:59.840 - INFO: draw = 1
2026-08-05 06:55:59.840 - INFO: offset (startIndex) = 0
2026-08-05 06:55:59.841 - INFO: limit (length) = 10
2026-08-05 06:55:59.841 - INFO: sortBy = KD_DIST ASC
2026-08-05 06:55:59.841 - INFO: searchValue = 
2026-08-05 06:55:59.841 - INFO: vbln_usulan = 
2026-08-05 06:55:59.841 - INFO: vkd_bank = 
2026-08-05 06:55:59.841 - INFO: vkd_dist = 
2026-08-05 07:00:15.808 - INFO: draw = 1
2026-08-05 07:00:15.809 - INFO: offset (startIndex) = 0
2026-08-05 07:00:15.809 - INFO: limit (length) = 10
2026-08-05 07:00:15.810 - INFO: sortBy = KD_DIST ASC
2026-08-05 07:00:15.810 - INFO: searchValue = 
2026-08-05 07:00:15.810 - INFO: vbln_usulan = 
2026-08-05 07:00:15.810 - INFO: vkd_bank = 
2026-08-05 07:00:15.811 - INFO: vkd_dist = 
2026-08-05 07:00:43.540 - INFO: draw = 2
2026-08-05 07:00:43.541 - INFO: offset (startIndex) = 0
2026-08-05 07:00:43.541 - INFO: limit (length) = 10
2026-08-05 07:00:43.541 - INFO: sortBy = KD_DIST ASC
2026-08-05 07:00:43.541 - INFO: searchValue = 
2026-08-05 07:00:43.541 - INFO: vbln_usulan = 202608
2026-08-05 07:00:43.541 - INFO: vkd_bank = 200
2026-08-05 07:00:43.541 - INFO: vkd_dist = 12
2026-08-05 13:18:57.854 - INFO: draw = 1
2026-08-05 13:18:57.858 - INFO: offset (startIndex) = 0
2026-08-05 13:18:57.859 - INFO: limit (length) = 10
2026-08-05 13:18:57.859 - INFO: sortBy = KD_DIST ASC
2026-08-05 13:18:57.859 - INFO: searchValue = 
2026-08-05 13:18:57.859 - INFO: vbln_usulan = 
2026-08-05 13:18:57.859 - INFO: vkd_bank = 
2026-08-05 13:18:57.859 - INFO: vkd_dist = 
2026-08-05 14:28:14.414 - INFO: draw = 1
2026-08-05 14:28:14.415 - INFO: offset (startIndex) = 0
2026-08-05 14:28:14.415 - INFO: limit (length) = 10
2026-08-05 14:28:14.415 - INFO: sortBy = KD_DIST ASC
2026-08-05 14:28:14.416 - INFO: searchValue = 
2026-08-05 14:28:14.416 - INFO: vbln_usulan = 
2026-08-05 14:28:14.416 - INFO: vkd_bank = 
2026-08-05 14:28:14.416 - INFO: vkd_dist = 
