2026-08-11 06:12:40.247 - INFO: draw = 1
2026-08-11 06:12:40.247 - INFO: offset (startIndex) = 0
2026-08-11 06:12:40.247 - INFO: limit (length) = 10
2026-08-11 06:12:40.248 - INFO: sortBy = KD_DIST ASC
2026-08-11 06:12:40.248 - INFO: searchValue = 
2026-08-11 06:12:40.248 - INFO: vbln_usulan = 
2026-08-11 06:12:40.248 - INFO: vkd_bank = 
2026-08-11 06:12:40.248 - INFO: vkd_dist = 
2026-08-11 06:12:40.248 - INFO: vket_pending = 
2026-08-11 06:48:41.106 - INFO: draw = 1
2026-08-11 06:48:41.107 - INFO: offset (startIndex) = 0
2026-08-11 06:48:41.107 - INFO: limit (length) = 10
2026-08-11 06:48:41.107 - INFO: sortBy = KD_DIST ASC
2026-08-11 06:48:41.107 - INFO: searchValue = 
2026-08-11 06:48:41.107 - INFO: vbln_usulan = 
2026-08-11 06:48:41.108 - INFO: vkd_bank = 
2026-08-11 06:48:41.108 - INFO: vkd_dist = 
2026-08-11 06:58:44.790 - INFO: draw = 1
2026-08-11 06:58:44.790 - INFO: offset (startIndex) = 0
2026-08-11 06:58:44.790 - INFO: limit (length) = 10
2026-08-11 06:58:44.790 - INFO: sortBy = KD_DIST ASC
2026-08-11 06:58:44.790 - INFO: searchValue = 
2026-08-11 06:58:44.790 - INFO: vbln_usulan = 
2026-08-11 06:58:44.790 - INFO: vkd_bank = 
2026-08-11 06:58:44.790 - INFO: vkd_dist = 
2026-08-11 06:58:44.791 - INFO: vket_pending = 
2026-08-11 06:59:43.286 - INFO: draw = 2
2026-08-11 06:59:43.286 - INFO: offset (startIndex) = 0
2026-08-11 06:59:43.286 - INFO: limit (length) = 10
2026-08-11 06:59:43.286 - INFO: sortBy = KD_DIST ASC
2026-08-11 06:59:43.287 - INFO: searchValue = 
2026-08-11 06:59:43.287 - INFO: vbln_usulan = 202608
2026-08-11 06:59:43.287 - INFO: vkd_bank = 200
2026-08-11 06:59:43.287 - INFO: vkd_dist = 52
2026-08-11 06:59:43.287 - INFO: vket_pending = 1
2026-08-11 07:13:53.141 - INFO: draw = 1
2026-08-11 07:13:53.143 - INFO: offset (startIndex) = 0
2026-08-11 07:13:53.143 - INFO: limit (length) = 10
2026-08-11 07:13:53.143 - INFO: sortBy = KD_DIST ASC
2026-08-11 07:13:53.143 - INFO: searchValue = 
2026-08-11 07:13:53.143 - INFO: vbln_usulan = 
2026-08-11 07:13:53.143 - INFO: vkd_bank = 
2026-08-11 07:13:53.143 - INFO: vkd_dist = 
2026-08-11 07:13:53.143 - INFO: vket_pending = 
2026-08-11 07:14:07.857 - INFO: draw = 2
2026-08-11 07:14:07.857 - INFO: offset (startIndex) = 0
2026-08-11 07:14:07.857 - INFO: limit (length) = 10
2026-08-11 07:14:07.858 - INFO: sortBy = KD_DIST ASC
2026-08-11 07:14:07.858 - INFO: searchValue = 
2026-08-11 07:14:07.858 - INFO: vbln_usulan = 202608
2026-08-11 07:14:07.858 - INFO: vkd_bank = 111
2026-08-11 07:14:07.858 - INFO: vkd_dist = 00
2026-08-11 07:14:07.858 - INFO: vket_pending = 1
2026-08-11 07:16:37.298 - INFO: draw = 3
2026-08-11 07:16:37.298 - INFO: offset (startIndex) = 0
2026-08-11 07:16:37.298 - INFO: limit (length) = 10
2026-08-11 07:16:37.298 - INFO: sortBy = KD_DIST ASC
2026-08-11 07:16:37.299 - INFO: searchValue = 
2026-08-11 07:16:37.299 - INFO: vbln_usulan = 202608
2026-08-11 07:16:37.299 - INFO: vkd_bank = 200
2026-08-11 07:16:37.299 - INFO: vkd_dist = 52
2026-08-11 07:16:37.299 - INFO: vket_pending = 1
2026-08-11 07:16:56.721 - INFO: draw = 4
2026-08-11 07:16:56.722 - INFO: offset (startIndex) = 0
2026-08-11 07:16:56.722 - INFO: limit (length) = 10
2026-08-11 07:16:56.723 - INFO: sortBy = KD_DIST ASC
2026-08-11 07:16:56.723 - INFO: searchValue = 
2026-08-11 07:16:56.723 - INFO: vbln_usulan = 202608
2026-08-11 07:16:56.723 - INFO: vkd_bank = 200
2026-08-11 07:16:56.723 - INFO: vkd_dist = 18
2026-08-11 07:16:56.723 - INFO: vket_pending = 
2026-08-11 07:18:38.988 - INFO: draw = 1
2026-08-11 07:18:38.988 - INFO: offset (startIndex) = 0
2026-08-11 07:18:38.988 - INFO: limit (length) = 10
2026-08-11 07:18:38.988 - INFO: sortBy = KD_DIST ASC
2026-08-11 07:18:38.988 - INFO: searchValue = 
2026-08-11 07:18:38.988 - INFO: vbln_usulan = 
2026-08-11 07:18:38.988 - INFO: vkd_bank = 
2026-08-11 07:18:38.988 - INFO: vkd_dist = 
2026-08-11 07:18:38.988 - INFO: vket_pending = 
2026-08-11 07:18:54.994 - INFO: draw = 2
2026-08-11 07:18:55.000 - INFO: offset (startIndex) = 0
2026-08-11 07:18:55.000 - INFO: limit (length) = 10
2026-08-11 07:18:55.000 - INFO: sortBy = KD_DIST ASC
2026-08-11 07:18:55.000 - INFO: searchValue = 
2026-08-11 07:18:55.000 - INFO: vbln_usulan = 202608
2026-08-11 07:18:55.000 - INFO: vkd_bank = 111
2026-08-11 07:18:55.000 - INFO: vkd_dist = 00
2026-08-11 07:18:55.000 - INFO: vket_pending = UNPENDING
2026-08-11 07:23:49.055 - INFO: draw = 1
2026-08-11 07:23:49.056 - INFO: offset (startIndex) = 0
2026-08-11 07:23:49.056 - INFO: limit (length) = 10
2026-08-11 07:23:49.056 - INFO: sortBy = KD_DIST ASC
2026-08-11 07:23:49.057 - INFO: searchValue = 
2026-08-11 07:23:49.057 - INFO: vbln_usulan = 
2026-08-11 07:23:49.057 - INFO: vkd_bank = 
2026-08-11 07:23:49.057 - INFO: vkd_dist = 
2026-08-11 07:24:05.964 - INFO: draw = 1
2026-08-11 07:24:05.965 - INFO: offset (startIndex) = 0
2026-08-11 07:24:05.965 - INFO: limit (length) = 10
2026-08-11 07:24:05.965 - INFO: sortBy = KD_DIST ASC
2026-08-11 07:24:05.965 - INFO: searchValue = 
2026-08-11 07:24:05.965 - INFO: vbln_usulan = 
2026-08-11 07:24:05.965 - INFO: vkd_bank = 
2026-08-11 07:24:05.965 - INFO: vkd_dist = 
2026-08-11 07:24:05.965 - INFO: vket_pending = 
2026-08-11 07:24:24.794 - INFO: draw = 2
2026-08-11 07:24:24.794 - INFO: offset (startIndex) = 0
2026-08-11 07:24:24.794 - INFO: limit (length) = 10
2026-08-11 07:24:24.794 - INFO: sortBy = KD_DIST ASC
2026-08-11 07:24:24.794 - INFO: searchValue = 
2026-08-11 07:24:24.794 - INFO: vbln_usulan = 202608
2026-08-11 07:24:24.794 - INFO: vkd_bank = 111
2026-08-11 07:24:24.795 - INFO: vkd_dist = 00
2026-08-11 07:24:24.795 - INFO: vket_pending = UNPENDING
2026-08-11 07:24:44.157 - INFO: draw = 3
2026-08-11 07:24:44.157 - INFO: offset (startIndex) = 0
2026-08-11 07:24:44.157 - INFO: limit (length) = 10
2026-08-11 07:24:44.157 - INFO: sortBy = KD_DIST ASC
2026-08-11 07:24:44.157 - INFO: searchValue = 
2026-08-11 07:24:44.157 - INFO: vbln_usulan = 202608
2026-08-11 07:24:44.157 - INFO: vkd_bank = 200
2026-08-11 07:24:44.157 - INFO: vkd_dist = 11
2026-08-11 07:24:44.158 - INFO: vket_pending = PENDING
2026-08-11 07:25:01.390 - INFO: draw = 4
2026-08-11 07:25:01.390 - INFO: offset (startIndex) = 0
2026-08-11 07:25:01.390 - INFO: limit (length) = 10
2026-08-11 07:25:01.390 - INFO: sortBy = KD_DIST ASC
2026-08-11 07:25:01.391 - INFO: searchValue = 
2026-08-11 07:25:01.391 - INFO: vbln_usulan = 202608
2026-08-11 07:25:01.391 - INFO: vkd_bank = 200
2026-08-11 07:25:01.391 - INFO: vkd_dist = 18
2026-08-11 07:25:01.391 - INFO: vket_pending = PENDING
2026-08-11 07:26:08.403 - INFO: draw = 5
2026-08-11 07:26:08.403 - INFO: offset (startIndex) = 0
2026-08-11 07:26:08.403 - INFO: limit (length) = 10
2026-08-11 07:26:08.404 - INFO: sortBy = KD_DIST ASC
2026-08-11 07:26:08.404 - INFO: searchValue = 
2026-08-11 07:26:08.404 - INFO: vbln_usulan = 202608
2026-08-11 07:26:08.404 - INFO: vkd_bank = 200
2026-08-11 07:26:08.404 - INFO: vkd_dist = 31
2026-08-11 07:26:08.404 - INFO: vket_pending = PENDING
2026-08-11 07:26:54.161 - INFO: draw = 6
2026-08-11 07:26:54.161 - INFO: offset (startIndex) = 0
2026-08-11 07:26:54.161 - INFO: limit (length) = 10
2026-08-11 07:26:54.161 - INFO: sortBy = KD_DIST ASC
2026-08-11 07:26:54.161 - INFO: searchValue = 
2026-08-11 07:26:54.161 - INFO: vbln_usulan = 202608
2026-08-11 07:26:54.161 - INFO: vkd_bank = 200
2026-08-11 07:26:54.161 - INFO: vkd_dist = 32
2026-08-11 07:26:54.161 - INFO: vket_pending = PENDING
2026-08-11 07:27:20.892 - INFO: draw = 7
2026-08-11 07:27:20.892 - INFO: offset (startIndex) = 0
2026-08-11 07:27:20.892 - INFO: limit (length) = 10
2026-08-11 07:27:20.892 - INFO: sortBy = KD_DIST ASC
2026-08-11 07:27:20.892 - INFO: searchValue = 
2026-08-11 07:27:20.892 - INFO: vbln_usulan = 202608
2026-08-11 07:27:20.892 - INFO: vkd_bank = 200
2026-08-11 07:27:20.892 - INFO: vkd_dist = 42
2026-08-11 07:27:20.892 - INFO: vket_pending = PENDING
2026-08-11 07:27:53.699 - INFO: draw = 8
2026-08-11 07:27:53.699 - INFO: offset (startIndex) = 0
2026-08-11 07:27:53.699 - INFO: limit (length) = 10
2026-08-11 07:27:53.700 - INFO: sortBy = KD_DIST ASC
2026-08-11 07:27:53.700 - INFO: searchValue = 
2026-08-11 07:27:53.700 - INFO: vbln_usulan = 202608
2026-08-11 07:27:53.700 - INFO: vkd_bank = 200
2026-08-11 07:27:53.700 - INFO: vkd_dist = 52
2026-08-11 07:27:53.700 - INFO: vket_pending = PENDING
2026-08-11 07:28:20.550 - INFO: draw = 9
2026-08-11 07:28:20.550 - INFO: offset (startIndex) = 0
2026-08-11 07:28:20.550 - INFO: limit (length) = 10
2026-08-11 07:28:20.550 - INFO: sortBy = KD_DIST ASC
2026-08-11 07:28:20.550 - INFO: searchValue = 
2026-08-11 07:28:20.550 - INFO: vbln_usulan = 202608
2026-08-11 07:28:20.550 - INFO: vkd_bank = 200
2026-08-11 07:28:20.550 - INFO: vkd_dist = 52
2026-08-11 07:28:20.550 - INFO: vket_pending = UNPENDING
2026-08-11 07:28:31.527 - INFO: draw = 10
2026-08-11 07:28:31.527 - INFO: offset (startIndex) = 0
2026-08-11 07:28:31.527 - INFO: limit (length) = 10
2026-08-11 07:28:31.528 - INFO: sortBy = KD_DIST ASC
2026-08-11 07:28:31.528 - INFO: searchValue = 
2026-08-11 07:28:31.528 - INFO: vbln_usulan = 202608
2026-08-11 07:28:31.528 - INFO: vkd_bank = 200
2026-08-11 07:28:31.528 - INFO: vkd_dist = 53
2026-08-11 07:28:31.528 - INFO: vket_pending = PENDING
2026-08-11 07:32:54.754 - INFO: draw = 1
2026-08-11 07:32:54.755 - INFO: offset (startIndex) = 0
2026-08-11 07:32:54.755 - INFO: limit (length) = 10
2026-08-11 07:32:54.755 - INFO: sortBy = KD_DIST ASC
2026-08-11 07:32:54.755 - INFO: searchValue = 
2026-08-11 07:32:54.755 - INFO: vbln_usulan = 
2026-08-11 07:32:54.755 - INFO: vkd_bank = 
2026-08-11 07:32:54.755 - INFO: vkd_dist = 
2026-08-11 07:32:54.755 - INFO: vket_pending = 
2026-08-11 07:35:52.263 - INFO: draw = 1
2026-08-11 07:35:52.264 - INFO: offset (startIndex) = 0
2026-08-11 07:35:52.264 - INFO: limit (length) = 10
2026-08-11 07:35:52.264 - INFO: sortBy = KD_DIST ASC
2026-08-11 07:35:52.264 - INFO: searchValue = 
2026-08-11 07:35:52.264 - INFO: vbln_usulan = 
2026-08-11 07:35:52.264 - INFO: vkd_bank = 
2026-08-11 07:35:52.264 - INFO: vkd_dist = 
2026-08-11 07:35:52.264 - INFO: vket_pending = 
2026-08-11 07:36:08.207 - INFO: draw = 2
2026-08-11 07:36:08.209 - INFO: offset (startIndex) = 0
2026-08-11 07:36:08.209 - INFO: limit (length) = 10
2026-08-11 07:36:08.209 - INFO: sortBy = KD_DIST ASC
2026-08-11 07:36:08.209 - INFO: searchValue = 
2026-08-11 07:36:08.209 - INFO: vbln_usulan = 202608
2026-08-11 07:36:08.209 - INFO: vkd_bank = 111
2026-08-11 07:36:08.209 - INFO: vkd_dist = 00
2026-08-11 07:36:08.210 - INFO: vket_pending = UNPENDING
2026-08-11 07:37:41.301 - INFO: draw = 1
2026-08-11 07:37:41.302 - INFO: offset (startIndex) = 0
2026-08-11 07:37:41.302 - INFO: limit (length) = 10
2026-08-11 07:37:41.302 - INFO: sortBy = KD_DIST ASC
2026-08-11 07:37:41.302 - INFO: searchValue = 
2026-08-11 07:37:41.302 - INFO: vbln_usulan = 
2026-08-11 07:37:41.302 - INFO: vkd_bank = 
2026-08-11 07:37:41.302 - INFO: vkd_dist = 
2026-08-11 07:37:41.302 - INFO: vket_pending = 
2026-08-11 07:39:16.729 - INFO: draw = 2
2026-08-11 07:39:16.729 - INFO: offset (startIndex) = 0
2026-08-11 07:39:16.729 - INFO: limit (length) = 10
2026-08-11 07:39:16.729 - INFO: sortBy = KD_DIST ASC
2026-08-11 07:39:16.730 - INFO: searchValue = 
2026-08-11 07:39:16.730 - INFO: vbln_usulan = 202608
2026-08-11 07:39:16.730 - INFO: vkd_bank = 111
2026-08-11 07:39:16.730 - INFO: vkd_dist = 00
2026-08-11 07:39:16.730 - INFO: vket_pending = UNPENDING
2026-08-11 07:40:42.949 - INFO: draw = 1
2026-08-11 07:40:42.949 - INFO: offset (startIndex) = 0
2026-08-11 07:40:42.949 - INFO: limit (length) = 10
2026-08-11 07:40:42.949 - INFO: sortBy = KD_DIST ASC
2026-08-11 07:40:42.949 - INFO: searchValue = 
2026-08-11 07:40:42.949 - INFO: vbln_usulan = 
2026-08-11 07:40:42.949 - INFO: vkd_bank = 
2026-08-11 07:40:42.949 - INFO: vkd_dist = 
2026-08-11 07:40:42.949 - INFO: vket_pending = 
2026-08-11 07:40:46.440 - INFO: draw = 1
2026-08-11 07:40:46.440 - INFO: offset (startIndex) = 0
2026-08-11 07:40:46.441 - INFO: limit (length) = 10
2026-08-11 07:40:46.442 - INFO: sortBy = KD_DIST ASC
2026-08-11 07:40:46.442 - INFO: searchValue = 
2026-08-11 07:40:46.442 - INFO: vbln_usulan = 
2026-08-11 07:40:46.442 - INFO: vkd_bank = 
2026-08-11 07:40:46.442 - INFO: vkd_dist = 
2026-08-11 07:40:46.442 - INFO: vket_pending = 
2026-08-11 07:41:20.034 - INFO: draw = 2
2026-08-11 07:41:20.034 - INFO: offset (startIndex) = 0
2026-08-11 07:41:20.034 - INFO: limit (length) = 10
2026-08-11 07:41:20.034 - INFO: sortBy = KD_DIST ASC
2026-08-11 07:41:20.034 - INFO: searchValue = 
2026-08-11 07:41:20.034 - INFO: vbln_usulan = 202608
2026-08-11 07:41:20.034 - INFO: vkd_bank = 111
2026-08-11 07:41:20.034 - INFO: vkd_dist = 00
2026-08-11 07:41:20.034 - INFO: vket_pending = UNPENDING
2026-08-11 07:42:07.865 - INFO: draw = 1
2026-08-11 07:42:07.865 - INFO: offset (startIndex) = 0
2026-08-11 07:42:07.865 - INFO: limit (length) = 10
2026-08-11 07:42:07.865 - INFO: sortBy = KD_DIST ASC
2026-08-11 07:42:07.865 - INFO: searchValue = 
2026-08-11 07:42:07.866 - INFO: vbln_usulan = 
2026-08-11 07:42:07.866 - INFO: vkd_bank = 
2026-08-11 07:42:07.866 - INFO: vkd_dist = 
2026-08-11 07:42:07.866 - INFO: vket_pending = 
2026-08-11 07:42:23.266 - INFO: draw = 2
2026-08-11 07:42:23.267 - INFO: offset (startIndex) = 0
2026-08-11 07:42:23.267 - INFO: limit (length) = 10
2026-08-11 07:42:23.267 - INFO: sortBy = KD_DIST ASC
2026-08-11 07:42:23.267 - INFO: searchValue = 
2026-08-11 07:42:23.267 - INFO: vbln_usulan = 202608
2026-08-11 07:42:23.267 - INFO: vkd_bank = 111
2026-08-11 07:42:23.267 - INFO: vkd_dist = 00
2026-08-11 07:42:23.267 - INFO: vket_pending = UNPENDING
2026-08-11 07:46:08.827 - INFO: draw = 1
2026-08-11 07:46:08.828 - INFO: offset (startIndex) = 0
2026-08-11 07:46:08.828 - INFO: limit (length) = 10
2026-08-11 07:46:08.828 - INFO: sortBy = KD_DIST ASC
2026-08-11 07:46:08.828 - INFO: searchValue = 
2026-08-11 07:46:08.828 - INFO: vbln_usulan = 
2026-08-11 07:46:08.828 - INFO: vkd_bank = 
2026-08-11 07:46:08.829 - INFO: vkd_dist = 
2026-08-11 07:46:08.829 - INFO: vket_pending = 
2026-08-11 07:46:24.022 - INFO: draw = 2
2026-08-11 07:46:24.022 - INFO: offset (startIndex) = 0
2026-08-11 07:46:24.022 - INFO: limit (length) = 10
2026-08-11 07:46:24.022 - INFO: sortBy = KD_DIST ASC
2026-08-11 07:46:24.022 - INFO: searchValue = 
2026-08-11 07:46:24.022 - INFO: vbln_usulan = 202608
2026-08-11 07:46:24.022 - INFO: vkd_bank = 111
2026-08-11 07:46:24.022 - INFO: vkd_dist = 00
2026-08-11 07:46:24.022 - INFO: vket_pending = UNPENDING
2026-08-11 07:48:13.303 - INFO: draw = 1
2026-08-11 07:48:13.305 - INFO: offset (startIndex) = 0
2026-08-11 07:48:13.305 - INFO: limit (length) = 10
2026-08-11 07:48:13.305 - INFO: sortBy = KD_DIST ASC
2026-08-11 07:48:13.305 - INFO: searchValue = 
2026-08-11 07:48:13.305 - INFO: vbln_usulan = 
2026-08-11 07:48:13.305 - INFO: vkd_bank = 
2026-08-11 07:48:13.305 - INFO: vkd_dist = 
2026-08-11 07:48:13.305 - INFO: vket_pending = 
2026-08-11 07:48:48.490 - INFO: draw = 1
2026-08-11 07:48:48.490 - INFO: offset (startIndex) = 0
2026-08-11 07:48:48.490 - INFO: limit (length) = 10
2026-08-11 07:48:48.490 - INFO: sortBy = KD_DIST ASC
2026-08-11 07:48:48.490 - INFO: searchValue = 
2026-08-11 07:48:48.490 - INFO: vbln_usulan = 
2026-08-11 07:48:48.490 - INFO: vkd_bank = 
2026-08-11 07:48:48.490 - INFO: vkd_dist = 
2026-08-11 07:48:48.490 - INFO: vket_pending = 
2026-08-11 07:49:49.916 - INFO: draw = 2
2026-08-11 07:49:49.917 - INFO: offset (startIndex) = 0
2026-08-11 07:49:49.917 - INFO: limit (length) = 10
2026-08-11 07:49:49.917 - INFO: sortBy = KD_DIST ASC
2026-08-11 07:49:49.917 - INFO: searchValue = 
2026-08-11 07:49:49.917 - INFO: vbln_usulan = 202608
2026-08-11 07:49:49.917 - INFO: vkd_bank = 111
2026-08-11 07:49:49.917 - INFO: vkd_dist = 00
2026-08-11 07:49:49.917 - INFO: vket_pending = UNPENDING
2026-08-11 07:53:30.872 - INFO: draw = 1
2026-08-11 07:53:30.872 - INFO: offset (startIndex) = 0
2026-08-11 07:53:30.872 - INFO: limit (length) = 10
2026-08-11 07:53:30.872 - INFO: sortBy = KD_DIST ASC
2026-08-11 07:53:30.872 - INFO: searchValue = 
2026-08-11 07:53:30.872 - INFO: vbln_usulan = 
2026-08-11 07:53:30.872 - INFO: vkd_bank = 
2026-08-11 07:53:30.872 - INFO: vkd_dist = 
2026-08-11 07:53:30.872 - INFO: vket_pending = 
2026-08-11 07:54:01.157 - INFO: draw = 2
2026-08-11 07:54:01.157 - INFO: offset (startIndex) = 0
2026-08-11 07:54:01.157 - INFO: limit (length) = 10
2026-08-11 07:54:01.157 - INFO: sortBy = KD_DIST ASC
2026-08-11 07:54:01.157 - INFO: searchValue = 
2026-08-11 07:54:01.157 - INFO: vbln_usulan = 202608
2026-08-11 07:54:01.157 - INFO: vkd_bank = 200
2026-08-11 07:54:01.158 - INFO: vkd_dist = 18
2026-08-11 07:54:01.158 - INFO: vket_pending = PENDING
2026-08-11 07:54:56.539 - INFO: draw = 3
2026-08-11 07:54:56.539 - INFO: offset (startIndex) = 0
2026-08-11 07:54:56.539 - INFO: limit (length) = 10
2026-08-11 07:54:56.539 - INFO: sortBy = KD_DIST ASC
2026-08-11 07:54:56.539 - INFO: searchValue = 
2026-08-11 07:54:56.539 - INFO: vbln_usulan = 202608
2026-08-11 07:54:56.539 - INFO: vkd_bank = 200
2026-08-11 07:54:56.539 - INFO: vkd_dist = 18
2026-08-11 07:54:56.539 - INFO: vket_pending = PENDING
2026-08-11 07:57:08.006 - INFO: draw = 1
2026-08-11 07:57:08.007 - INFO: offset (startIndex) = 0
2026-08-11 07:57:08.007 - INFO: limit (length) = 10
2026-08-11 07:57:08.007 - INFO: sortBy = KD_DIST ASC
2026-08-11 07:57:08.007 - INFO: searchValue = 
2026-08-11 07:57:08.007 - INFO: vbln_usulan = 
2026-08-11 07:57:08.007 - INFO: vkd_bank = 
2026-08-11 07:57:08.007 - INFO: vkd_dist = 
2026-08-11 07:57:08.008 - INFO: vket_pending = 
2026-08-11 07:57:25.094 - INFO: draw = 2
2026-08-11 07:57:25.094 - INFO: offset (startIndex) = 0
2026-08-11 07:57:25.094 - INFO: limit (length) = 10
2026-08-11 07:57:25.094 - INFO: sortBy = KD_DIST ASC
2026-08-11 07:57:25.094 - INFO: searchValue = 
2026-08-11 07:57:25.094 - INFO: vbln_usulan = 202608
2026-08-11 07:57:25.094 - INFO: vkd_bank = 200
2026-08-11 07:57:25.094 - INFO: vkd_dist = 18
2026-08-11 07:57:25.095 - INFO: vket_pending = PENDING
2026-08-11 07:57:38.556 - INFO: draw = 1
2026-08-11 07:57:38.557 - INFO: offset (startIndex) = 0
2026-08-11 07:57:38.557 - INFO: limit (length) = 10
2026-08-11 07:57:38.557 - INFO: sortBy = KD_DIST ASC
2026-08-11 07:57:38.557 - INFO: searchValue = 
2026-08-11 07:57:38.557 - INFO: vbln_usulan = 
2026-08-11 07:57:38.557 - INFO: vkd_bank = 
2026-08-11 07:57:38.557 - INFO: vkd_dist = 
2026-08-11 07:57:38.558 - INFO: vket_pending = 
2026-08-11 07:58:25.950 - INFO: draw = 2
2026-08-11 07:58:25.951 - INFO: offset (startIndex) = 0
2026-08-11 07:58:25.951 - INFO: limit (length) = 10
2026-08-11 07:58:25.951 - INFO: sortBy = KD_DIST ASC
2026-08-11 07:58:25.951 - INFO: searchValue = 
2026-08-11 07:58:25.951 - INFO: vbln_usulan = 202608
2026-08-11 07:58:25.951 - INFO: vkd_bank = 200
2026-08-11 07:58:25.951 - INFO: vkd_dist = 18
2026-08-11 07:58:25.951 - INFO: vket_pending = PENDING
2026-08-11 07:58:49.212 - INFO: draw = 1
2026-08-11 07:58:49.212 - INFO: offset (startIndex) = 0
2026-08-11 07:58:49.212 - INFO: limit (length) = 10
2026-08-11 07:58:49.212 - INFO: sortBy = KD_DIST ASC
2026-08-11 07:58:49.213 - INFO: searchValue = 
2026-08-11 07:58:49.213 - INFO: vbln_usulan = 
2026-08-11 07:58:49.213 - INFO: vkd_bank = 
2026-08-11 07:58:49.213 - INFO: vkd_dist = 
2026-08-11 07:58:49.213 - INFO: vket_pending = 
2026-08-11 07:59:04.374 - INFO: draw = 2
2026-08-11 07:59:04.374 - INFO: offset (startIndex) = 0
2026-08-11 07:59:04.374 - INFO: limit (length) = 10
2026-08-11 07:59:04.375 - INFO: sortBy = KD_DIST ASC
2026-08-11 07:59:04.375 - INFO: searchValue = 
2026-08-11 07:59:04.375 - INFO: vbln_usulan = 202608
2026-08-11 07:59:04.375 - INFO: vkd_bank = 200
2026-08-11 07:59:04.375 - INFO: vkd_dist = 18
2026-08-11 07:59:04.375 - INFO: vket_pending = PENDING
2026-08-11 08:00:19.100 - INFO: draw = 3
2026-08-11 08:00:19.101 - INFO: offset (startIndex) = 0
2026-08-11 08:00:19.101 - INFO: limit (length) = 10
2026-08-11 08:00:19.101 - INFO: sortBy = KD_DIST ASC
2026-08-11 08:00:19.101 - INFO: searchValue = 
2026-08-11 08:00:19.101 - INFO: vbln_usulan = 202608
2026-08-11 08:00:19.102 - INFO: vkd_bank = 111
2026-08-11 08:00:19.102 - INFO: vkd_dist = 00
2026-08-11 08:00:19.102 - INFO: vket_pending = UNPENDING
2026-08-11 08:03:02.758 - INFO: draw = 1
2026-08-11 08:03:02.759 - INFO: offset (startIndex) = 0
2026-08-11 08:03:02.759 - INFO: limit (length) = 10
2026-08-11 08:03:02.759 - INFO: sortBy = KD_DIST ASC
2026-08-11 08:03:02.759 - INFO: searchValue = 
2026-08-11 08:03:02.760 - INFO: vbln_usulan = 
2026-08-11 08:03:02.760 - INFO: vkd_bank = 
2026-08-11 08:03:02.760 - INFO: vkd_dist = 
2026-08-11 08:03:02.761 - INFO: vket_pending = 
2026-08-11 08:03:17.084 - INFO: draw = 2
2026-08-11 08:03:17.084 - INFO: offset (startIndex) = 0
2026-08-11 08:03:17.084 - INFO: limit (length) = 10
2026-08-11 08:03:17.084 - INFO: sortBy = KD_DIST ASC
2026-08-11 08:03:17.084 - INFO: searchValue = 
2026-08-11 08:03:17.084 - INFO: vbln_usulan = 202608
2026-08-11 08:03:17.084 - INFO: vkd_bank = 200
2026-08-11 08:03:17.085 - INFO: vkd_dist = 18
2026-08-11 08:03:17.085 - INFO: vket_pending = PENDING
2026-08-11 08:07:21.416 - INFO: draw = 1
2026-08-11 08:07:21.416 - INFO: offset (startIndex) = 0
2026-08-11 08:07:21.416 - INFO: limit (length) = 10
2026-08-11 08:07:21.417 - INFO: sortBy = KD_DIST ASC
2026-08-11 08:07:21.417 - INFO: searchValue = 
2026-08-11 08:07:21.417 - INFO: vbln_usulan = 
2026-08-11 08:07:21.417 - INFO: vkd_bank = 
2026-08-11 08:07:21.417 - INFO: vkd_dist = 
2026-08-11 08:07:21.417 - INFO: vket_pending = 
2026-08-11 08:07:36.998 - INFO: draw = 2
2026-08-11 08:07:36.998 - INFO: offset (startIndex) = 0
2026-08-11 08:07:36.998 - INFO: limit (length) = 10
2026-08-11 08:07:36.998 - INFO: sortBy = KD_DIST ASC
2026-08-11 08:07:36.999 - INFO: searchValue = 
2026-08-11 08:07:36.999 - INFO: vbln_usulan = 202608
2026-08-11 08:07:36.999 - INFO: vkd_bank = 200
2026-08-11 08:07:36.999 - INFO: vkd_dist = 18
2026-08-11 08:07:36.999 - INFO: vket_pending = PENDING
2026-08-11 09:32:31.659 - INFO: draw = 3
2026-08-11 09:32:31.661 - INFO: offset (startIndex) = 0
2026-08-11 09:32:31.661 - INFO: limit (length) = 10
2026-08-11 09:32:31.661 - INFO: sortBy = KD_DIST ASC
2026-08-11 09:32:31.661 - INFO: searchValue = 
2026-08-11 09:32:31.661 - INFO: vbln_usulan = 202608
2026-08-11 09:32:31.661 - INFO: vkd_bank = 200
2026-08-11 09:32:31.661 - INFO: vkd_dist = 11
2026-08-11 09:32:31.661 - INFO: vket_pending = PENDING
2026-08-11 09:33:01.322 - INFO: draw = 4
2026-08-11 09:33:01.322 - INFO: offset (startIndex) = 10
2026-08-11 09:33:01.322 - INFO: limit (length) = 10
2026-08-11 09:33:01.322 - INFO: sortBy = KD_DIST ASC
2026-08-11 09:33:01.322 - INFO: searchValue = 
2026-08-11 09:33:01.322 - INFO: vbln_usulan = 202608
2026-08-11 09:33:01.322 - INFO: vkd_bank = 200
2026-08-11 09:33:01.322 - INFO: vkd_dist = 11
2026-08-11 09:33:01.322 - INFO: vket_pending = PENDING
2026-08-11 09:33:41.582 - INFO: draw = 1
2026-08-11 09:33:41.582 - INFO: offset (startIndex) = 0
2026-08-11 09:33:41.582 - INFO: limit (length) = 10
2026-08-11 09:33:41.582 - INFO: sortBy = KD_DIST ASC
2026-08-11 09:33:41.582 - INFO: searchValue = 
2026-08-11 09:33:41.582 - INFO: vbln_usulan = 
2026-08-11 09:33:41.583 - INFO: vkd_bank = 
2026-08-11 09:33:41.583 - INFO: vkd_dist = 
2026-08-11 09:34:05.291 - INFO: draw = 2
2026-08-11 09:34:05.292 - INFO: offset (startIndex) = 0
2026-08-11 09:34:05.292 - INFO: limit (length) = 10
2026-08-11 09:34:05.292 - INFO: sortBy = KD_DIST ASC
2026-08-11 09:34:05.292 - INFO: searchValue = 
2026-08-11 09:34:05.292 - INFO: vbln_usulan = 202608
2026-08-11 09:34:05.292 - INFO: vkd_bank = 200
2026-08-11 09:34:05.292 - INFO: vkd_dist = 12
2026-08-11 09:44:20.602 - INFO: draw = 1
2026-08-11 09:44:20.602 - INFO: offset (startIndex) = 0
2026-08-11 09:44:20.603 - INFO: limit (length) = 10
2026-08-11 09:44:20.603 - INFO: sortBy = KD_DIST ASC
2026-08-11 09:44:20.603 - INFO: searchValue = 
2026-08-11 09:44:20.603 - INFO: vbln_usulan = 
2026-08-11 09:44:20.603 - INFO: vkd_bank = 
2026-08-11 09:44:20.603 - INFO: vkd_dist = 
2026-08-11 09:47:28.266 - INFO: draw = 1
2026-08-11 09:47:28.267 - INFO: offset (startIndex) = 0
2026-08-11 09:47:28.267 - INFO: limit (length) = 10
2026-08-11 09:47:28.267 - INFO: sortBy = KD_DIST ASC
2026-08-11 09:47:28.267 - INFO: searchValue = 
2026-08-11 09:47:28.267 - INFO: vbln_usulan = 
2026-08-11 09:47:28.267 - INFO: vkd_bank = 
2026-08-11 09:47:28.267 - INFO: vkd_dist = 
2026-08-11 09:53:52.956 - INFO: draw = 1
2026-08-11 09:53:52.957 - INFO: offset (startIndex) = 0
2026-08-11 09:53:52.958 - INFO: limit (length) = 10
2026-08-11 09:53:52.958 - INFO: sortBy = KD_DIST ASC
2026-08-11 09:53:52.958 - INFO: searchValue = 
2026-08-11 09:53:52.958 - INFO: vbln_usulan = 
2026-08-11 09:53:52.958 - INFO: vkd_bank = 
2026-08-11 09:53:52.958 - INFO: vkd_dist = 
2026-08-11 09:54:00.430 - INFO: draw = 2
2026-08-11 09:54:00.430 - INFO: offset (startIndex) = 0
2026-08-11 09:54:00.430 - INFO: limit (length) = 10
2026-08-11 09:54:00.430 - INFO: sortBy = KD_DIST ASC
2026-08-11 09:54:00.430 - INFO: searchValue = 
2026-08-11 09:54:00.430 - INFO: vbln_usulan = 202608
2026-08-11 09:54:00.430 - INFO: vkd_bank = 200
2026-08-11 09:54:00.431 - INFO: vkd_dist = 12
2026-08-11 09:55:03.298 - INFO: draw = 1
2026-08-11 09:55:03.298 - INFO: offset (startIndex) = 0
2026-08-11 09:55:03.298 - INFO: limit (length) = 10
2026-08-11 09:55:03.298 - INFO: sortBy = KD_DIST ASC
2026-08-11 09:55:03.298 - INFO: searchValue = 
2026-08-11 09:55:03.298 - INFO: vbln_usulan = 
2026-08-11 09:55:03.298 - INFO: vkd_bank = 
2026-08-11 09:55:03.299 - INFO: vkd_dist = 
2026-08-11 09:55:03.299 - INFO: vket_pending = 
2026-08-11 09:55:04.492 - INFO: draw = 1
2026-08-11 09:55:04.493 - INFO: offset (startIndex) = 0
2026-08-11 09:55:04.493 - INFO: limit (length) = 10
2026-08-11 09:55:04.493 - INFO: sortBy = KD_DIST ASC
2026-08-11 09:55:04.493 - INFO: searchValue = 
2026-08-11 09:55:04.493 - INFO: vbln_usulan = 
2026-08-11 09:55:04.493 - INFO: vkd_bank = 
2026-08-11 09:55:04.493 - INFO: vkd_dist = 
2026-08-11 09:56:22.037 - INFO: draw = 1
2026-08-11 09:56:22.038 - INFO: offset (startIndex) = 0
2026-08-11 09:56:22.038 - INFO: limit (length) = 10
2026-08-11 09:56:22.038 - INFO: sortBy = KD_DIST ASC
2026-08-11 09:56:22.038 - INFO: searchValue = 
2026-08-11 09:56:22.038 - INFO: vbln_usulan = 
2026-08-11 09:56:22.038 - INFO: vkd_bank = 
2026-08-11 09:56:22.039 - INFO: vkd_dist = 
2026-08-11 09:56:58.144 - INFO: draw = 1
2026-08-11 09:56:58.144 - INFO: offset (startIndex) = 0
2026-08-11 09:56:58.144 - INFO: limit (length) = 10
2026-08-11 09:56:58.144 - INFO: sortBy = KD_DIST ASC
2026-08-11 09:56:58.144 - INFO: searchValue = 
2026-08-11 09:56:58.144 - INFO: vbln_usulan = 
2026-08-11 09:56:58.144 - INFO: vkd_bank = 
2026-08-11 09:56:58.144 - INFO: vkd_dist = 
2026-08-11 09:57:31.728 - INFO: draw = 1
2026-08-11 09:57:31.728 - INFO: offset (startIndex) = 0
2026-08-11 09:57:31.728 - INFO: limit (length) = 10
2026-08-11 09:57:31.728 - INFO: sortBy = KD_DIST ASC
2026-08-11 09:57:31.728 - INFO: searchValue = 
2026-08-11 09:57:31.728 - INFO: vbln_usulan = 
2026-08-11 09:57:31.728 - INFO: vkd_bank = 
2026-08-11 09:57:31.728 - INFO: vkd_dist = 
2026-08-11 10:06:51.353 - INFO: draw = 1
2026-08-11 10:06:51.354 - INFO: offset (startIndex) = 0
2026-08-11 10:06:51.354 - INFO: limit (length) = 10
2026-08-11 10:06:51.354 - INFO: sortBy = KD_DIST ASC
2026-08-11 10:06:51.354 - INFO: searchValue = 
2026-08-11 10:06:51.354 - INFO: vbln_usulan = 
2026-08-11 10:06:51.354 - INFO: vkd_bank = 
2026-08-11 10:06:51.355 - INFO: vkd_dist = 
2026-08-11 10:08:30.269 - INFO: draw = 1
2026-08-11 10:08:30.270 - INFO: offset (startIndex) = 0
2026-08-11 10:08:30.270 - INFO: limit (length) = 10
2026-08-11 10:08:30.271 - INFO: sortBy = KD_DIST ASC
2026-08-11 10:08:30.271 - INFO: searchValue = 
2026-08-11 10:08:30.271 - INFO: vbln_usulan = 
2026-08-11 10:08:30.271 - INFO: vkd_bank = 
2026-08-11 10:08:30.271 - INFO: vkd_dist = 
2026-08-11 10:16:05.601 - INFO: draw = 1
2026-08-11 10:16:05.602 - INFO: offset (startIndex) = 0
2026-08-11 10:16:05.602 - INFO: limit (length) = 10
2026-08-11 10:16:05.602 - INFO: sortBy = KD_DIST ASC
2026-08-11 10:16:05.602 - INFO: searchValue = 
2026-08-11 10:16:05.602 - INFO: vbln_usulan = 
2026-08-11 10:16:05.602 - INFO: vkd_bank = 
2026-08-11 10:16:05.602 - INFO: vkd_dist = 
2026-08-11 10:16:52.257 - INFO: draw = 1
2026-08-11 10:16:52.257 - INFO: offset (startIndex) = 0
2026-08-11 10:16:52.258 - INFO: limit (length) = 10
2026-08-11 10:16:52.258 - INFO: sortBy = KD_DIST ASC
2026-08-11 10:16:52.258 - INFO: searchValue = 
2026-08-11 10:16:52.258 - INFO: vbln_usulan = 
2026-08-11 10:16:52.258 - INFO: vkd_bank = 
2026-08-11 10:16:52.258 - INFO: vkd_dist = 
2026-08-11 10:20:12.820 - INFO: draw = 1
2026-08-11 10:20:12.820 - INFO: offset (startIndex) = 0
2026-08-11 10:20:12.820 - INFO: limit (length) = 10
2026-08-11 10:20:12.820 - INFO: sortBy = KD_DIST ASC
2026-08-11 10:20:12.820 - INFO: searchValue = 
2026-08-11 10:20:12.820 - INFO: vbln_usulan = 
2026-08-11 10:20:12.820 - INFO: vkd_bank = 
2026-08-11 10:20:12.820 - INFO: vkd_dist = 
2026-08-11 10:20:56.721 - INFO: draw = 1
2026-08-11 10:20:56.722 - INFO: offset (startIndex) = 0
2026-08-11 10:20:56.722 - INFO: limit (length) = 10
2026-08-11 10:20:56.722 - INFO: sortBy = KD_DIST ASC
2026-08-11 10:20:56.722 - INFO: searchValue = 
2026-08-11 10:20:56.722 - INFO: vbln_usulan = 
2026-08-11 10:20:56.722 - INFO: vkd_bank = 
2026-08-11 10:20:56.722 - INFO: vkd_dist = 
2026-08-11 10:22:56.165 - INFO: draw = 1
2026-08-11 10:22:56.165 - INFO: offset (startIndex) = 0
2026-08-11 10:22:56.166 - INFO: limit (length) = 10
2026-08-11 10:22:56.166 - INFO: sortBy = KD_DIST ASC
2026-08-11 10:22:56.166 - INFO: searchValue = 
2026-08-11 10:22:56.166 - INFO: vbln_usulan = 
2026-08-11 10:22:56.166 - INFO: vkd_bank = 
2026-08-11 10:22:56.166 - INFO: vkd_dist = 
2026-08-11 10:23:36.425 - INFO: draw = 1
2026-08-11 10:23:36.425 - INFO: offset (startIndex) = 0
2026-08-11 10:23:36.425 - INFO: limit (length) = 10
2026-08-11 10:23:36.425 - INFO: sortBy = KD_DIST ASC
2026-08-11 10:23:36.425 - INFO: searchValue = 
2026-08-11 10:23:36.425 - INFO: vbln_usulan = 
2026-08-11 10:23:36.425 - INFO: vkd_bank = 
2026-08-11 10:23:36.425 - INFO: vkd_dist = 
2026-08-11 10:25:28.863 - INFO: draw = 1
2026-08-11 10:25:28.864 - INFO: offset (startIndex) = 0
2026-08-11 10:25:28.865 - INFO: limit (length) = 10
2026-08-11 10:25:28.865 - INFO: sortBy = KD_DIST ASC
2026-08-11 10:25:28.865 - INFO: searchValue = 
2026-08-11 10:25:28.865 - INFO: vbln_usulan = 
2026-08-11 10:25:28.866 - INFO: vkd_bank = 
2026-08-11 10:25:28.866 - INFO: vkd_dist = 
2026-08-11 10:28:26.886 - INFO: draw = 1
2026-08-11 10:28:26.887 - INFO: offset (startIndex) = 0
2026-08-11 10:28:26.887 - INFO: limit (length) = 10
2026-08-11 10:28:26.887 - INFO: sortBy = KD_DIST ASC
2026-08-11 10:28:26.887 - INFO: searchValue = 
2026-08-11 10:28:26.887 - INFO: vbln_usulan = 
2026-08-11 10:28:26.887 - INFO: vkd_bank = 
2026-08-11 10:28:26.887 - INFO: vkd_dist = 
2026-08-11 10:28:58.472 - INFO: draw = 1
2026-08-11 10:28:58.473 - INFO: offset (startIndex) = 0
2026-08-11 10:28:58.473 - INFO: limit (length) = 10
2026-08-11 10:28:58.473 - INFO: sortBy = KD_DIST ASC
2026-08-11 10:28:58.473 - INFO: searchValue = 
2026-08-11 10:28:58.473 - INFO: vbln_usulan = 
2026-08-11 10:28:58.473 - INFO: vkd_bank = 
2026-08-11 10:28:58.473 - INFO: vkd_dist = 
2026-08-11 10:28:58.473 - INFO: vket_pending = 
2026-08-11 10:29:58.125 - INFO: draw = 1
2026-08-11 10:29:58.125 - INFO: offset (startIndex) = 0
2026-08-11 10:29:58.125 - INFO: limit (length) = 10
2026-08-11 10:29:58.125 - INFO: sortBy = KD_DIST ASC
2026-08-11 10:29:58.125 - INFO: searchValue = 
2026-08-11 10:29:58.126 - INFO: vbln_usulan = 
2026-08-11 10:29:58.126 - INFO: vkd_bank = 
2026-08-11 10:29:58.126 - INFO: vkd_dist = 
2026-08-11 10:30:58.752 - INFO: draw = 1
2026-08-11 10:30:58.752 - INFO: offset (startIndex) = 0
2026-08-11 10:30:58.752 - INFO: limit (length) = 10
2026-08-11 10:30:58.752 - INFO: sortBy = KD_DIST ASC
2026-08-11 10:30:58.752 - INFO: searchValue = 
2026-08-11 10:30:58.752 - INFO: vbln_usulan = 
2026-08-11 10:30:58.752 - INFO: vkd_bank = 
2026-08-11 10:30:58.752 - INFO: vkd_dist = 
2026-08-11 10:31:59.008 - INFO: draw = 1
2026-08-11 10:31:59.008 - INFO: offset (startIndex) = 0
2026-08-11 10:31:59.008 - INFO: limit (length) = 10
2026-08-11 10:31:59.008 - INFO: sortBy = KD_DIST ASC
2026-08-11 10:31:59.008 - INFO: searchValue = 
2026-08-11 10:31:59.008 - INFO: vbln_usulan = 
2026-08-11 10:31:59.009 - INFO: vkd_bank = 
2026-08-11 10:31:59.009 - INFO: vkd_dist = 
2026-08-11 10:32:47.889 - INFO: draw = 1
2026-08-11 10:32:47.889 - INFO: offset (startIndex) = 0
2026-08-11 10:32:47.889 - INFO: limit (length) = 10
2026-08-11 10:32:47.889 - INFO: sortBy = KD_DIST ASC
2026-08-11 10:32:47.889 - INFO: searchValue = 
2026-08-11 10:32:47.889 - INFO: vbln_usulan = 
2026-08-11 10:32:47.889 - INFO: vkd_bank = 
2026-08-11 10:32:47.889 - INFO: vkd_dist = 
2026-08-11 10:33:47.979 - INFO: draw = 1
2026-08-11 10:33:47.980 - INFO: offset (startIndex) = 0
2026-08-11 10:33:47.980 - INFO: limit (length) = 10
2026-08-11 10:33:47.980 - INFO: sortBy = KD_DIST ASC
2026-08-11 10:33:47.980 - INFO: searchValue = 
2026-08-11 10:33:47.980 - INFO: vbln_usulan = 
2026-08-11 10:33:47.980 - INFO: vkd_bank = 
2026-08-11 10:33:47.980 - INFO: vkd_dist = 
2026-08-11 10:35:13.871 - INFO: draw = 1
2026-08-11 10:35:13.872 - INFO: offset (startIndex) = 0
2026-08-11 10:35:13.872 - INFO: limit (length) = 10
2026-08-11 10:35:13.872 - INFO: sortBy = KD_DIST ASC
2026-08-11 10:35:13.872 - INFO: searchValue = 
2026-08-11 10:35:13.872 - INFO: vbln_usulan = 
2026-08-11 10:35:13.872 - INFO: vkd_bank = 
2026-08-11 10:35:13.872 - INFO: vkd_dist = 
2026-08-11 10:35:49.382 - INFO: draw = 1
2026-08-11 10:35:49.383 - INFO: offset (startIndex) = 0
2026-08-11 10:35:49.383 - INFO: limit (length) = 10
2026-08-11 10:35:49.383 - INFO: sortBy = KD_DIST ASC
2026-08-11 10:35:49.383 - INFO: searchValue = 
2026-08-11 10:35:49.383 - INFO: vbln_usulan = 
2026-08-11 10:35:49.383 - INFO: vkd_bank = 
2026-08-11 10:35:49.383 - INFO: vkd_dist = 
2026-08-11 10:36:17.004 - INFO: draw = 1
2026-08-11 10:36:17.004 - INFO: offset (startIndex) = 0
2026-08-11 10:36:17.004 - INFO: limit (length) = 10
2026-08-11 10:36:17.004 - INFO: sortBy = KD_DIST ASC
2026-08-11 10:36:17.005 - INFO: searchValue = 
2026-08-11 10:36:17.005 - INFO: vbln_usulan = 
2026-08-11 10:36:17.005 - INFO: vkd_bank = 
2026-08-11 10:36:17.005 - INFO: vkd_dist = 
2026-08-11 10:36:47.626 - INFO: draw = 1
2026-08-11 10:36:47.626 - INFO: offset (startIndex) = 0
2026-08-11 10:36:47.626 - INFO: limit (length) = 10
2026-08-11 10:36:47.626 - INFO: sortBy = KD_DIST ASC
2026-08-11 10:36:47.626 - INFO: searchValue = 
2026-08-11 10:36:47.626 - INFO: vbln_usulan = 
2026-08-11 10:36:47.626 - INFO: vkd_bank = 
2026-08-11 10:36:47.627 - INFO: vkd_dist = 
2026-08-11 10:37:43.818 - INFO: draw = 1
2026-08-11 10:37:43.819 - INFO: offset (startIndex) = 0
2026-08-11 10:37:43.819 - INFO: limit (length) = 10
2026-08-11 10:37:43.819 - INFO: sortBy = KD_DIST ASC
2026-08-11 10:37:43.819 - INFO: searchValue = 
2026-08-11 10:37:43.819 - INFO: vbln_usulan = 
2026-08-11 10:37:43.819 - INFO: vkd_bank = 
2026-08-11 10:37:43.819 - INFO: vkd_dist = 
2026-08-11 10:39:44.505 - INFO: draw = 1
2026-08-11 10:39:44.505 - INFO: offset (startIndex) = 0
2026-08-11 10:39:44.505 - INFO: limit (length) = 10
2026-08-11 10:39:44.505 - INFO: sortBy = KD_DIST ASC
2026-08-11 10:39:44.505 - INFO: searchValue = 
2026-08-11 10:39:44.505 - INFO: vbln_usulan = 
2026-08-11 10:39:44.505 - INFO: vkd_bank = 
2026-08-11 10:39:44.505 - INFO: vkd_dist = 
2026-08-11 10:40:17.956 - INFO: draw = 1
2026-08-11 10:40:17.956 - INFO: offset (startIndex) = 0
2026-08-11 10:40:17.956 - INFO: limit (length) = 10
2026-08-11 10:40:17.956 - INFO: sortBy = KD_DIST ASC
2026-08-11 10:40:17.956 - INFO: searchValue = 
2026-08-11 10:40:17.957 - INFO: vbln_usulan = 
2026-08-11 10:40:17.957 - INFO: vkd_bank = 
2026-08-11 10:40:17.957 - INFO: vkd_dist = 
2026-08-11 10:41:28.364 - INFO: draw = 1
2026-08-11 10:41:28.365 - INFO: offset (startIndex) = 0
2026-08-11 10:41:28.365 - INFO: limit (length) = 10
2026-08-11 10:41:28.365 - INFO: sortBy = KD_DIST ASC
2026-08-11 10:41:28.365 - INFO: searchValue = 
2026-08-11 10:41:28.365 - INFO: vbln_usulan = 
2026-08-11 10:41:28.365 - INFO: vkd_bank = 
2026-08-11 10:41:28.365 - INFO: vkd_dist = 
2026-08-11 10:43:15.582 - INFO: draw = 1
2026-08-11 10:43:15.582 - INFO: offset (startIndex) = 0
2026-08-11 10:43:15.582 - INFO: limit (length) = 10
2026-08-11 10:43:15.582 - INFO: sortBy = KD_DIST ASC
2026-08-11 10:43:15.584 - INFO: searchValue = 
2026-08-11 10:43:15.584 - INFO: vbln_usulan = 
2026-08-11 10:43:15.584 - INFO: vkd_bank = 
2026-08-11 10:43:15.584 - INFO: vkd_dist = 
2026-08-11 10:43:42.284 - INFO: draw = 1
2026-08-11 10:43:42.284 - INFO: offset (startIndex) = 0
2026-08-11 10:43:42.284 - INFO: limit (length) = 10
2026-08-11 10:43:42.284 - INFO: sortBy = KD_DIST ASC
2026-08-11 10:43:42.284 - INFO: searchValue = 
2026-08-11 10:43:42.284 - INFO: vbln_usulan = 
2026-08-11 10:43:42.284 - INFO: vkd_bank = 
2026-08-11 10:43:42.284 - INFO: vkd_dist = 
2026-08-11 10:43:42.284 - INFO: vket_pending = 
2026-08-11 10:45:04.332 - INFO: draw = 1
2026-08-11 10:45:04.332 - INFO: offset (startIndex) = 0
2026-08-11 10:45:04.332 - INFO: limit (length) = 10
2026-08-11 10:45:04.332 - INFO: sortBy = KD_DIST ASC
2026-08-11 10:45:04.332 - INFO: searchValue = 
2026-08-11 10:45:04.332 - INFO: vbln_usulan = 
2026-08-11 10:45:04.332 - INFO: vkd_bank = 
2026-08-11 10:45:04.332 - INFO: vkd_dist = 
2026-08-11 10:45:04.332 - INFO: vket_pending = 
2026-08-11 10:45:51.031 - INFO: draw = 1
2026-08-11 10:45:51.031 - INFO: offset (startIndex) = 0
2026-08-11 10:45:51.031 - INFO: limit (length) = 10
2026-08-11 10:45:51.031 - INFO: sortBy = KD_DIST ASC
2026-08-11 10:45:51.031 - INFO: searchValue = 
2026-08-11 10:45:51.031 - INFO: vbln_usulan = 
2026-08-11 10:45:51.031 - INFO: vkd_bank = 
2026-08-11 10:45:51.031 - INFO: vkd_dist = 
2026-08-11 10:45:51.031 - INFO: vket_pending = 
2026-08-11 10:45:52.044 - INFO: draw = 1
2026-08-11 10:45:52.044 - INFO: offset (startIndex) = 0
2026-08-11 10:45:52.044 - INFO: limit (length) = 10
2026-08-11 10:45:52.044 - INFO: sortBy = KD_DIST ASC
2026-08-11 10:45:52.044 - INFO: searchValue = 
2026-08-11 10:45:52.044 - INFO: vbln_usulan = 
2026-08-11 10:45:52.044 - INFO: vkd_bank = 
2026-08-11 10:45:52.044 - INFO: vkd_dist = 
2026-08-11 10:46:30.692 - INFO: draw = 1
2026-08-11 10:46:30.692 - INFO: offset (startIndex) = 0
2026-08-11 10:46:30.692 - INFO: limit (length) = 10
2026-08-11 10:46:30.692 - INFO: sortBy = KD_DIST ASC
2026-08-11 10:46:30.692 - INFO: searchValue = 
2026-08-11 10:46:30.692 - INFO: vbln_usulan = 
2026-08-11 10:46:30.692 - INFO: vkd_bank = 
2026-08-11 10:46:30.692 - INFO: vkd_dist = 
2026-08-11 10:46:30.692 - INFO: vket_pending = 
2026-08-11 10:47:01.993 - INFO: draw = 2
2026-08-11 10:47:01.994 - INFO: offset (startIndex) = 0
2026-08-11 10:47:01.994 - INFO: limit (length) = 10
2026-08-11 10:47:01.994 - INFO: sortBy = KD_DIST ASC
2026-08-11 10:47:01.994 - INFO: searchValue = 
2026-08-11 10:47:01.994 - INFO: vbln_usulan = 202608
2026-08-11 10:47:01.994 - INFO: vkd_bank = 111
2026-08-11 10:47:01.994 - INFO: vkd_dist = 00
2026-08-11 10:47:01.994 - INFO: vket_pending = 1
2026-08-11 10:48:20.063 - INFO: draw = 3
2026-08-11 10:48:20.063 - INFO: offset (startIndex) = 0
2026-08-11 10:48:20.063 - INFO: limit (length) = 10
2026-08-11 10:48:20.063 - INFO: sortBy = KD_DIST ASC
2026-08-11 10:48:20.064 - INFO: searchValue = 
2026-08-11 10:48:20.064 - INFO: vbln_usulan = 202608
2026-08-11 10:48:20.064 - INFO: vkd_bank = 200
2026-08-11 10:48:20.064 - INFO: vkd_dist = 18
2026-08-11 10:48:20.064 - INFO: vket_pending = 
2026-08-11 10:48:27.693 - INFO: draw = 4
2026-08-11 10:48:27.693 - INFO: offset (startIndex) = 0
2026-08-11 10:48:27.693 - INFO: limit (length) = 10
2026-08-11 10:48:27.693 - INFO: sortBy = KD_DIST ASC
2026-08-11 10:48:27.693 - INFO: searchValue = 
2026-08-11 10:48:27.693 - INFO: vbln_usulan = 202608
2026-08-11 10:48:27.693 - INFO: vkd_bank = 200
2026-08-11 10:48:27.693 - INFO: vkd_dist = 31
2026-08-11 10:48:27.693 - INFO: vket_pending = 
2026-08-11 10:49:06.894 - INFO: draw = 1
2026-08-11 10:49:06.895 - INFO: offset (startIndex) = 0
2026-08-11 10:49:06.895 - INFO: limit (length) = 10
2026-08-11 10:49:06.895 - INFO: sortBy = KD_DIST ASC
2026-08-11 10:49:06.895 - INFO: searchValue = 
2026-08-11 10:49:06.895 - INFO: vbln_usulan = 
2026-08-11 10:49:06.895 - INFO: vkd_bank = 
2026-08-11 10:49:06.895 - INFO: vkd_dist = 
2026-08-11 10:49:06.895 - INFO: vket_pending = 
2026-08-11 10:49:28.872 - INFO: draw = 2
2026-08-11 10:49:28.873 - INFO: offset (startIndex) = 0
2026-08-11 10:49:28.873 - INFO: limit (length) = 10
2026-08-11 10:49:28.873 - INFO: sortBy = KD_DIST ASC
2026-08-11 10:49:28.873 - INFO: searchValue = 
2026-08-11 10:49:28.873 - INFO: vbln_usulan = 202608
2026-08-11 10:49:28.873 - INFO: vkd_bank = 111
2026-08-11 10:49:28.873 - INFO: vkd_dist = 00
2026-08-11 10:49:28.873 - INFO: vket_pending = 1
2026-08-11 10:50:46.030 - INFO: draw = 3
2026-08-11 10:50:46.030 - INFO: offset (startIndex) = 0
2026-08-11 10:50:46.032 - INFO: limit (length) = 10
2026-08-11 10:50:46.032 - INFO: sortBy = KD_DIST ASC
2026-08-11 10:50:46.032 - INFO: searchValue = 
2026-08-11 10:50:46.032 - INFO: vbln_usulan = 202608
2026-08-11 10:50:46.032 - INFO: vkd_bank = 200
2026-08-11 10:50:46.032 - INFO: vkd_dist = 18
2026-08-11 10:50:46.032 - INFO: vket_pending = 
2026-08-11 10:50:55.395 - INFO: draw = 4
2026-08-11 10:50:55.395 - INFO: offset (startIndex) = 0
2026-08-11 10:50:55.395 - INFO: limit (length) = 10
2026-08-11 10:50:55.396 - INFO: sortBy = KD_DIST ASC
2026-08-11 10:50:55.396 - INFO: searchValue = 
2026-08-11 10:50:55.396 - INFO: vbln_usulan = 202608
2026-08-11 10:50:55.396 - INFO: vkd_bank = 200
2026-08-11 10:50:55.396 - INFO: vkd_dist = 18
2026-08-11 10:50:55.396 - INFO: vket_pending = 
2026-08-11 10:51:05.110 - INFO: draw = 5
2026-08-11 10:51:05.110 - INFO: offset (startIndex) = 0
2026-08-11 10:51:05.110 - INFO: limit (length) = 10
2026-08-11 10:51:05.110 - INFO: sortBy = KD_DIST ASC
2026-08-11 10:51:05.110 - INFO: searchValue = 
2026-08-11 10:51:05.110 - INFO: vbln_usulan = 202608
2026-08-11 10:51:05.110 - INFO: vkd_bank = 111
2026-08-11 10:51:05.110 - INFO: vkd_dist = 00
2026-08-11 10:51:05.110 - INFO: vket_pending = 1
2026-08-11 10:51:44.969 - INFO: draw = 6
2026-08-11 10:51:44.970 - INFO: offset (startIndex) = 0
2026-08-11 10:51:44.970 - INFO: limit (length) = 10
2026-08-11 10:51:44.970 - INFO: sortBy = KD_DIST ASC
2026-08-11 10:51:44.970 - INFO: searchValue = 
2026-08-11 10:51:44.970 - INFO: vbln_usulan = 202608
2026-08-11 10:51:44.970 - INFO: vkd_bank = 200
2026-08-11 10:51:44.970 - INFO: vkd_dist = 18
2026-08-11 10:51:44.970 - INFO: vket_pending = 
2026-08-11 10:52:32.000 - INFO: draw = 1
2026-08-11 10:52:32.000 - INFO: offset (startIndex) = 0
2026-08-11 10:52:32.000 - INFO: limit (length) = 10
2026-08-11 10:52:32.001 - INFO: sortBy = KD_DIST ASC
2026-08-11 10:52:32.001 - INFO: searchValue = 
2026-08-11 10:52:32.001 - INFO: vbln_usulan = 
2026-08-11 10:52:32.001 - INFO: vkd_bank = 
2026-08-11 10:52:32.001 - INFO: vkd_dist = 
2026-08-11 10:52:32.001 - INFO: vket_pending = 
2026-08-11 10:53:12.412 - INFO: draw = 2
2026-08-11 10:53:12.412 - INFO: offset (startIndex) = 0
2026-08-11 10:53:12.412 - INFO: limit (length) = 10
2026-08-11 10:53:12.412 - INFO: sortBy = KD_DIST ASC
2026-08-11 10:53:12.412 - INFO: searchValue = 
2026-08-11 10:53:12.412 - INFO: vbln_usulan = 202608
2026-08-11 10:53:12.412 - INFO: vkd_bank = 200
2026-08-11 10:53:12.412 - INFO: vkd_dist = 18
2026-08-11 10:53:12.412 - INFO: vket_pending = PENDING
2026-08-11 13:07:26.451 - INFO: draw = 1
2026-08-11 13:07:26.451 - INFO: offset (startIndex) = 0
2026-08-11 13:07:26.451 - INFO: limit (length) = 10
2026-08-11 13:07:26.451 - INFO: sortBy = KD_DIST ASC
2026-08-11 13:07:26.451 - INFO: searchValue = 
2026-08-11 13:07:26.451 - INFO: vbln_usulan = 
2026-08-11 13:07:26.451 - INFO: vkd_bank = 
2026-08-11 13:07:26.451 - INFO: vkd_dist = 
2026-08-11 13:07:26.451 - INFO: vket_pending = 
2026-08-11 13:08:37.741 - INFO: draw = 2
2026-08-11 13:08:37.741 - INFO: offset (startIndex) = 0
2026-08-11 13:08:37.741 - INFO: limit (length) = 10
2026-08-11 13:08:37.742 - INFO: sortBy = KD_DIST ASC
2026-08-11 13:08:37.742 - INFO: searchValue = 
2026-08-11 13:08:37.742 - INFO: vbln_usulan = 202608
2026-08-11 13:08:37.742 - INFO: vkd_bank = 111
2026-08-11 13:08:37.742 - INFO: vkd_dist = 00
2026-08-11 13:08:37.742 - INFO: vket_pending = UNPENDING
2026-08-11 13:09:12.845 - INFO: draw = 3
2026-08-11 13:09:12.846 - INFO: offset (startIndex) = 0
2026-08-11 13:09:12.846 - INFO: limit (length) = 10
2026-08-11 13:09:12.846 - INFO: sortBy = KD_DIST ASC
2026-08-11 13:09:12.846 - INFO: searchValue = 
2026-08-11 13:09:12.846 - INFO: vbln_usulan = 202608
2026-08-11 13:09:12.846 - INFO: vkd_bank = 111
2026-08-11 13:09:12.846 - INFO: vkd_dist = 00
2026-08-11 13:09:12.846 - INFO: vket_pending = UNPENDING
2026-08-11 13:09:57.910 - INFO: draw = 1
2026-08-11 13:09:57.912 - INFO: offset (startIndex) = 0
2026-08-11 13:09:57.912 - INFO: limit (length) = 10
2026-08-11 13:09:57.912 - INFO: sortBy = KD_DIST ASC
2026-08-11 13:09:57.912 - INFO: searchValue = 
2026-08-11 13:09:57.912 - INFO: vbln_usulan = 
2026-08-11 13:09:57.912 - INFO: vkd_bank = 
2026-08-11 13:09:57.912 - INFO: vkd_dist = 
2026-08-11 13:09:57.913 - INFO: vket_pending = 
2026-08-11 13:12:47.216 - INFO: draw = 2
2026-08-11 13:12:47.217 - INFO: offset (startIndex) = 0
2026-08-11 13:12:47.217 - INFO: limit (length) = 10
2026-08-11 13:12:47.217 - INFO: sortBy = KD_DIST ASC
2026-08-11 13:12:47.217 - INFO: searchValue = 
2026-08-11 13:12:47.217 - INFO: vbln_usulan = 202608
2026-08-11 13:12:47.217 - INFO: vkd_bank = 111
2026-08-11 13:12:47.217 - INFO: vkd_dist = 00
2026-08-11 13:12:47.217 - INFO: vket_pending = UNPENDING
2026-08-11 13:13:25.358 - INFO: draw = 1
2026-08-11 13:13:25.358 - INFO: offset (startIndex) = 0
2026-08-11 13:13:25.359 - INFO: limit (length) = 10
2026-08-11 13:13:25.359 - INFO: sortBy = KD_DIST ASC
2026-08-11 13:13:25.359 - INFO: searchValue = 
2026-08-11 13:13:25.359 - INFO: vbln_usulan = 
2026-08-11 13:13:25.359 - INFO: vkd_bank = 
2026-08-11 13:13:25.359 - INFO: vkd_dist = 
2026-08-11 13:13:25.359 - INFO: vket_pending = 
2026-08-11 13:13:48.524 - INFO: draw = 2
2026-08-11 13:13:48.524 - INFO: offset (startIndex) = 0
2026-08-11 13:13:48.524 - INFO: limit (length) = 10
2026-08-11 13:13:48.524 - INFO: sortBy = KD_DIST ASC
2026-08-11 13:13:48.524 - INFO: searchValue = 
2026-08-11 13:13:48.524 - INFO: vbln_usulan = 202608
2026-08-11 13:13:48.524 - INFO: vkd_bank = 111
2026-08-11 13:13:48.524 - INFO: vkd_dist = 00
2026-08-11 13:13:48.524 - INFO: vket_pending = UNPENDING
2026-08-11 13:15:28.807 - INFO: draw = 1
2026-08-11 13:15:28.808 - INFO: offset (startIndex) = 0
2026-08-11 13:15:28.808 - INFO: limit (length) = 10
2026-08-11 13:15:28.808 - INFO: sortBy = KD_DIST ASC
2026-08-11 13:15:28.808 - INFO: searchValue = 
2026-08-11 13:15:28.808 - INFO: vbln_usulan = 
2026-08-11 13:15:28.808 - INFO: vkd_bank = 
2026-08-11 13:15:28.808 - INFO: vkd_dist = 
2026-08-11 13:15:28.808 - INFO: vket_pending = 
2026-08-11 13:15:45.581 - INFO: draw = 2
2026-08-11 13:15:45.581 - INFO: offset (startIndex) = 0
2026-08-11 13:15:45.581 - INFO: limit (length) = 10
2026-08-11 13:15:45.581 - INFO: sortBy = KD_DIST ASC
2026-08-11 13:15:45.581 - INFO: searchValue = 
2026-08-11 13:15:45.581 - INFO: vbln_usulan = 202608
2026-08-11 13:15:45.581 - INFO: vkd_bank = 111
2026-08-11 13:15:45.581 - INFO: vkd_dist = 00
2026-08-11 13:15:45.581 - INFO: vket_pending = UNPENDING
2026-08-11 13:16:14.997 - INFO: draw = 1
2026-08-11 13:16:14.998 - INFO: offset (startIndex) = 0
2026-08-11 13:16:14.998 - INFO: limit (length) = 1000
2026-08-11 13:16:14.998 - INFO: sortBy = KD_DIST ASC
2026-08-11 13:16:14.998 - INFO: searchValue = null
2026-08-11 13:16:14.998 - INFO: vbln_usulan = 202608
2026-08-11 13:16:14.998 - INFO: vkd_bank = 111
2026-08-11 13:16:14.998 - INFO: vkd_dist = 00
2026-08-11 13:16:14.998 - INFO: vket_pending = null
2026-08-11 13:17:18.211 - INFO: draw = 1
2026-08-11 13:17:18.211 - INFO: offset (startIndex) = 0
2026-08-11 13:17:18.211 - INFO: limit (length) = 10
2026-08-11 13:17:18.211 - INFO: sortBy = KD_DIST ASC
2026-08-11 13:17:18.211 - INFO: searchValue = 
2026-08-11 13:17:18.211 - INFO: vbln_usulan = 
2026-08-11 13:17:18.211 - INFO: vkd_bank = 
2026-08-11 13:17:18.211 - INFO: vkd_dist = 
2026-08-11 13:17:18.211 - INFO: vket_pending = 
2026-08-11 13:17:35.117 - INFO: draw = 2
2026-08-11 13:17:35.117 - INFO: offset (startIndex) = 0
2026-08-11 13:17:35.117 - INFO: limit (length) = 10
2026-08-11 13:17:35.117 - INFO: sortBy = KD_DIST ASC
2026-08-11 13:17:35.117 - INFO: searchValue = 
2026-08-11 13:17:35.117 - INFO: vbln_usulan = 202608
2026-08-11 13:17:35.117 - INFO: vkd_bank = 111
2026-08-11 13:17:35.117 - INFO: vkd_dist = 00
2026-08-11 13:17:35.117 - INFO: vket_pending = UNPENDING
2026-08-11 13:18:03.105 - INFO: draw = 3
2026-08-11 13:18:03.105 - INFO: offset (startIndex) = 0
2026-08-11 13:18:03.105 - INFO: limit (length) = 10
2026-08-11 13:18:03.105 - INFO: sortBy = KD_DIST ASC
2026-08-11 13:18:03.105 - INFO: searchValue = 
2026-08-11 13:18:03.105 - INFO: vbln_usulan = 202608
2026-08-11 13:18:03.105 - INFO: vkd_bank = 200
2026-08-11 13:18:03.105 - INFO: vkd_dist = 18
2026-08-11 13:18:03.105 - INFO: vket_pending = PENDING
2026-08-11 13:18:24.457 - INFO: draw = 1
2026-08-11 13:18:24.458 - INFO: offset (startIndex) = 0
2026-08-11 13:18:24.458 - INFO: limit (length) = 1000
2026-08-11 13:18:24.458 - INFO: sortBy = KD_DIST ASC
2026-08-11 13:18:24.458 - INFO: searchValue = null
2026-08-11 13:18:24.458 - INFO: vbln_usulan = 202608
2026-08-11 13:18:24.458 - INFO: vkd_bank = 200
2026-08-11 13:18:24.458 - INFO: vkd_dist = 18
2026-08-11 13:18:24.458 - INFO: vket_pending = null
2026-08-11 13:21:31.150 - INFO: draw = 1
2026-08-11 13:21:31.150 - INFO: offset (startIndex) = 0
2026-08-11 13:21:31.150 - INFO: limit (length) = 10
2026-08-11 13:21:31.150 - INFO: sortBy = KD_DIST ASC
2026-08-11 13:21:31.150 - INFO: searchValue = 
2026-08-11 13:21:31.150 - INFO: vbln_usulan = 
2026-08-11 13:21:31.150 - INFO: vkd_bank = 
2026-08-11 13:21:31.150 - INFO: vkd_dist = 
2026-08-11 13:21:31.150 - INFO: vket_pending = 
2026-08-11 13:22:39.998 - INFO: draw = 2
2026-08-11 13:22:39.998 - INFO: offset (startIndex) = 0
2026-08-11 13:22:39.998 - INFO: limit (length) = 10
2026-08-11 13:22:39.999 - INFO: sortBy = KD_DIST ASC
2026-08-11 13:22:39.999 - INFO: searchValue = 
2026-08-11 13:22:39.999 - INFO: vbln_usulan = 202608
2026-08-11 13:22:39.999 - INFO: vkd_bank = 200
2026-08-11 13:22:39.999 - INFO: vkd_dist = 18
2026-08-11 13:22:39.999 - INFO: vket_pending = PENDING
2026-08-11 13:22:44.175 - INFO: draw = 1
2026-08-11 13:22:44.175 - INFO: offset (startIndex) = 0
2026-08-11 13:22:44.175 - INFO: limit (length) = 1000
2026-08-11 13:22:44.175 - INFO: sortBy = KD_DIST ASC
2026-08-11 13:22:44.175 - INFO: searchValue = null
2026-08-11 13:22:44.176 - INFO: vbln_usulan = 202608
2026-08-11 13:22:44.176 - INFO: vkd_bank = 200
2026-08-11 13:22:44.176 - INFO: vkd_dist = 18
2026-08-11 13:22:44.176 - INFO: vket_pending = PENDING
2026-08-11 13:25:40.559 - INFO: draw = 1
2026-08-11 13:25:40.559 - INFO: offset (startIndex) = 0
2026-08-11 13:25:40.559 - INFO: limit (length) = 10
2026-08-11 13:25:40.559 - INFO: sortBy = KD_DIST ASC
2026-08-11 13:25:40.567 - INFO: searchValue = 
2026-08-11 13:25:40.567 - INFO: vbln_usulan = 
2026-08-11 13:25:40.568 - INFO: vkd_bank = 
2026-08-11 13:25:40.568 - INFO: vkd_dist = 
2026-08-11 13:25:40.568 - INFO: vket_pending = 
2026-08-11 13:25:57.638 - INFO: draw = 2
2026-08-11 13:25:57.639 - INFO: offset (startIndex) = 0
2026-08-11 13:25:57.639 - INFO: limit (length) = 10
2026-08-11 13:25:57.639 - INFO: sortBy = KD_DIST ASC
2026-08-11 13:25:57.639 - INFO: searchValue = 
2026-08-11 13:25:57.639 - INFO: vbln_usulan = 202608
2026-08-11 13:25:57.639 - INFO: vkd_bank = 200
2026-08-11 13:25:57.639 - INFO: vkd_dist = 18
2026-08-11 13:25:57.639 - INFO: vket_pending = PENDING
2026-08-11 13:26:03.428 - INFO: draw = 1
2026-08-11 13:26:03.428 - INFO: offset (startIndex) = 0
2026-08-11 13:26:03.428 - INFO: limit (length) = 1000
2026-08-11 13:26:03.428 - INFO: sortBy = KD_DIST ASC
2026-08-11 13:26:03.428 - INFO: searchValue = null
2026-08-11 13:26:03.428 - INFO: vbln_usulan = 202608
2026-08-11 13:26:03.428 - INFO: vkd_bank = 200
2026-08-11 13:26:03.428 - INFO: vkd_dist = 18
2026-08-11 13:26:03.428 - INFO: vket_pending = PENDING
2026-08-11 13:27:03.616 - INFO: draw = 1
2026-08-11 13:27:03.616 - INFO: offset (startIndex) = 0
2026-08-11 13:27:03.616 - INFO: limit (length) = 10
2026-08-11 13:27:03.616 - INFO: sortBy = KD_DIST ASC
2026-08-11 13:27:03.616 - INFO: searchValue = 
2026-08-11 13:27:03.616 - INFO: vbln_usulan = 
2026-08-11 13:27:03.616 - INFO: vkd_bank = 
2026-08-11 13:27:03.616 - INFO: vkd_dist = 
2026-08-11 13:27:03.616 - INFO: vket_pending = 
2026-08-11 13:27:30.789 - INFO: draw = 2
2026-08-11 13:27:30.790 - INFO: offset (startIndex) = 0
2026-08-11 13:27:30.790 - INFO: limit (length) = 10
2026-08-11 13:27:30.790 - INFO: sortBy = KD_DIST ASC
2026-08-11 13:27:30.790 - INFO: searchValue = 
2026-08-11 13:27:30.790 - INFO: vbln_usulan = 202608
2026-08-11 13:27:30.790 - INFO: vkd_bank = 200
2026-08-11 13:27:30.790 - INFO: vkd_dist = 18
2026-08-11 13:27:30.790 - INFO: vket_pending = PENDING
2026-08-11 13:28:10.580 - INFO: draw = 1
2026-08-11 13:28:10.580 - INFO: offset (startIndex) = 0
2026-08-11 13:28:10.580 - INFO: limit (length) = 1000
2026-08-11 13:28:10.580 - INFO: sortBy = KD_DIST ASC
2026-08-11 13:28:10.581 - INFO: searchValue = null
2026-08-11 13:28:10.581 - INFO: vbln_usulan = 202608
2026-08-11 13:28:10.581 - INFO: vkd_bank = 200
2026-08-11 13:28:10.581 - INFO: vkd_dist = 18
2026-08-11 13:28:10.581 - INFO: vket_pending = PENDING
2026-08-11 13:29:35.063 - INFO: draw = 1
2026-08-11 13:29:35.064 - INFO: offset (startIndex) = 0
2026-08-11 13:29:35.064 - INFO: limit (length) = 10
2026-08-11 13:29:35.064 - INFO: sortBy = KD_DIST ASC
2026-08-11 13:29:35.064 - INFO: searchValue = 
2026-08-11 13:29:35.064 - INFO: vbln_usulan = 
2026-08-11 13:29:35.064 - INFO: vkd_bank = 
2026-08-11 13:29:35.064 - INFO: vkd_dist = 
2026-08-11 13:31:06.539 - INFO: draw = 1
2026-08-11 13:31:06.539 - INFO: offset (startIndex) = 0
2026-08-11 13:31:06.539 - INFO: limit (length) = 10
2026-08-11 13:31:06.539 - INFO: sortBy = KD_DIST ASC
2026-08-11 13:31:06.539 - INFO: searchValue = 
2026-08-11 13:31:06.539 - INFO: vbln_usulan = 
2026-08-11 13:31:06.539 - INFO: vkd_bank = 
2026-08-11 13:31:06.539 - INFO: vkd_dist = 
2026-08-11 13:32:43.674 - INFO: draw = 1
2026-08-11 13:32:43.674 - INFO: offset (startIndex) = 0
2026-08-11 13:32:43.674 - INFO: limit (length) = 10
2026-08-11 13:32:43.674 - INFO: sortBy = KD_DIST ASC
2026-08-11 13:32:43.674 - INFO: searchValue = 
2026-08-11 13:32:43.674 - INFO: vbln_usulan = 
2026-08-11 13:32:43.674 - INFO: vkd_bank = 
2026-08-11 13:32:43.674 - INFO: vkd_dist = 
2026-08-11 13:33:57.416 - INFO: draw = 1
2026-08-11 13:33:57.416 - INFO: offset (startIndex) = 0
2026-08-11 13:33:57.416 - INFO: limit (length) = 10
2026-08-11 13:33:57.416 - INFO: sortBy = KD_DIST ASC
2026-08-11 13:33:57.416 - INFO: searchValue = 
2026-08-11 13:33:57.416 - INFO: vbln_usulan = 
2026-08-11 13:33:57.416 - INFO: vkd_bank = 
2026-08-11 13:33:57.416 - INFO: vkd_dist = 
2026-08-11 13:34:12.699 - INFO: draw = 1
2026-08-11 13:34:12.699 - INFO: offset (startIndex) = 0
2026-08-11 13:34:12.699 - INFO: limit (length) = 10
2026-08-11 13:34:12.699 - INFO: sortBy = KD_DIST ASC
2026-08-11 13:34:12.699 - INFO: searchValue = 
2026-08-11 13:34:12.699 - INFO: vbln_usulan = 
2026-08-11 13:34:12.699 - INFO: vkd_bank = 
2026-08-11 13:34:12.699 - INFO: vkd_dist = 
2026-08-11 13:34:50.416 - INFO: draw = 1
2026-08-11 13:34:50.416 - INFO: offset (startIndex) = 0
2026-08-11 13:34:50.416 - INFO: limit (length) = 10
2026-08-11 13:34:50.416 - INFO: sortBy = KD_DIST ASC
2026-08-11 13:34:50.416 - INFO: searchValue = 
2026-08-11 13:34:50.416 - INFO: vbln_usulan = 
2026-08-11 13:34:50.416 - INFO: vkd_bank = 
2026-08-11 13:34:50.416 - INFO: vkd_dist = 
2026-08-11 13:35:28.740 - INFO: draw = 1
2026-08-11 13:35:28.740 - INFO: offset (startIndex) = 0
2026-08-11 13:35:28.740 - INFO: limit (length) = 10
2026-08-11 13:35:28.740 - INFO: sortBy = KD_DIST ASC
2026-08-11 13:35:28.740 - INFO: searchValue = 
2026-08-11 13:35:28.741 - INFO: vbln_usulan = 
2026-08-11 13:35:28.741 - INFO: vkd_bank = 
2026-08-11 13:35:28.741 - INFO: vkd_dist = 
2026-08-11 13:37:55.019 - INFO: draw = 1
2026-08-11 13:37:55.020 - INFO: offset (startIndex) = 0
2026-08-11 13:37:55.020 - INFO: limit (length) = 10
2026-08-11 13:37:55.020 - INFO: sortBy = KD_DIST ASC
2026-08-11 13:37:55.020 - INFO: searchValue = 
2026-08-11 13:37:55.020 - INFO: vbln_usulan = 
2026-08-11 13:37:55.021 - INFO: vkd_bank = 
2026-08-11 13:37:55.021 - INFO: vkd_dist = 
2026-08-11 13:38:29.415 - INFO: draw = 1
2026-08-11 13:38:29.416 - INFO: offset (startIndex) = 0
2026-08-11 13:38:29.416 - INFO: limit (length) = 10
2026-08-11 13:38:29.416 - INFO: sortBy = KD_DIST ASC
2026-08-11 13:38:29.416 - INFO: searchValue = 
2026-08-11 13:38:29.416 - INFO: vbln_usulan = 
2026-08-11 13:38:29.416 - INFO: vkd_bank = 
2026-08-11 13:38:29.416 - INFO: vkd_dist = 
2026-08-11 13:39:08.909 - INFO: draw = 1
2026-08-11 13:39:08.911 - INFO: offset (startIndex) = 0
2026-08-11 13:39:08.911 - INFO: limit (length) = 10
2026-08-11 13:39:08.911 - INFO: sortBy = KD_DIST ASC
2026-08-11 13:39:08.911 - INFO: searchValue = 
2026-08-11 13:39:08.911 - INFO: vbln_usulan = 
2026-08-11 13:39:08.911 - INFO: vkd_bank = 
2026-08-11 13:39:08.911 - INFO: vkd_dist = 
2026-08-11 13:39:59.795 - INFO: draw = 1
2026-08-11 13:39:59.796 - INFO: offset (startIndex) = 0
2026-08-11 13:39:59.796 - INFO: limit (length) = 10
2026-08-11 13:39:59.796 - INFO: sortBy = KD_DIST ASC
2026-08-11 13:39:59.796 - INFO: searchValue = 
2026-08-11 13:39:59.796 - INFO: vbln_usulan = 
2026-08-11 13:39:59.796 - INFO: vkd_bank = 
2026-08-11 13:39:59.796 - INFO: vkd_dist = 
2026-08-11 13:40:27.867 - INFO: draw = 1
2026-08-11 13:40:27.867 - INFO: offset (startIndex) = 0
2026-08-11 13:40:27.867 - INFO: limit (length) = 10
2026-08-11 13:40:27.867 - INFO: sortBy = KD_DIST ASC
2026-08-11 13:40:27.867 - INFO: searchValue = 
2026-08-11 13:40:27.867 - INFO: vbln_usulan = 
2026-08-11 13:40:27.867 - INFO: vkd_bank = 
2026-08-11 13:40:27.867 - INFO: vkd_dist = 
2026-08-11 13:41:58.958 - INFO: draw = 1
2026-08-11 13:41:58.958 - INFO: offset (startIndex) = 0
2026-08-11 13:41:58.958 - INFO: limit (length) = 10
2026-08-11 13:41:58.958 - INFO: sortBy = KD_DIST ASC
2026-08-11 13:41:58.958 - INFO: searchValue = 
2026-08-11 13:41:58.958 - INFO: vbln_usulan = 
2026-08-11 13:41:58.958 - INFO: vkd_bank = 
2026-08-11 13:41:58.958 - INFO: vkd_dist = 
2026-08-11 13:42:16.993 - INFO: draw = 3
2026-08-11 13:42:16.993 - INFO: offset (startIndex) = 0
2026-08-11 13:42:16.993 - INFO: limit (length) = 10
2026-08-11 13:42:16.993 - INFO: draw = 2
2026-08-11 13:42:16.993 - INFO: sortBy = KD_DIST ASC
2026-08-11 13:42:16.993 - INFO: offset (startIndex) = 0
2026-08-11 13:42:16.993 - INFO: limit (length) = 10
2026-08-11 13:42:16.993 - INFO: sortBy = KD_DIST ASC
2026-08-11 13:42:16.993 - INFO: searchValue = 
2026-08-11 13:42:16.993 - INFO: vbln_usulan = 202608
2026-08-11 13:42:16.993 - INFO: vkd_bank = 200
2026-08-11 13:42:16.993 - INFO: searchValue = 
2026-08-11 13:42:16.993 - INFO: vkd_dist = 17
2026-08-11 13:42:16.993 - INFO: vbln_usulan = 202608
2026-08-11 13:42:16.996 - INFO: vkd_bank = 200
2026-08-11 13:42:16.996 - INFO: vkd_dist = 17
2026-08-11 13:42:32.347 - INFO: draw = 1
2026-08-11 13:42:32.347 - INFO: offset (startIndex) = 0
2026-08-11 13:42:32.347 - INFO: limit (length) = 1000
2026-08-11 13:42:32.347 - INFO: sortBy = KD_DIST asc
2026-08-11 13:42:32.347 - INFO: searchValue = 
2026-08-11 13:42:32.347 - INFO: vbln_usulan = 202608
2026-08-11 13:42:32.347 - INFO: vkd_bank = 200
2026-08-11 13:42:32.347 - INFO: vkd_dist = 17
2026-08-11 13:45:51.206 - INFO: draw = 1
2026-08-11 13:45:51.208 - INFO: offset (startIndex) = 0
2026-08-11 13:45:51.208 - INFO: limit (length) = 10
2026-08-11 13:45:51.208 - INFO: sortBy = KD_DIST ASC
2026-08-11 13:45:51.208 - INFO: searchValue = 
2026-08-11 13:45:51.208 - INFO: vbln_usulan = 
2026-08-11 13:45:51.208 - INFO: vkd_bank = 
2026-08-11 13:45:51.208 - INFO: vkd_dist = 
2026-08-11 13:48:34.540 - INFO: draw = 1
2026-08-11 13:48:34.541 - INFO: offset (startIndex) = 0
2026-08-11 13:48:34.541 - INFO: limit (length) = 10
2026-08-11 13:48:34.541 - INFO: sortBy = KD_DIST ASC
2026-08-11 13:48:34.541 - INFO: searchValue = 
2026-08-11 13:48:34.541 - INFO: vbln_usulan = 
2026-08-11 13:48:34.541 - INFO: vkd_bank = 
2026-08-11 13:48:34.541 - INFO: vkd_dist = 
2026-08-11 13:48:40.151 - INFO: draw = 1
2026-08-11 13:48:40.151 - INFO: offset (startIndex) = 0
2026-08-11 13:48:40.151 - INFO: limit (length) = 10
2026-08-11 13:48:40.151 - INFO: sortBy = KD_DIST ASC
2026-08-11 13:48:40.151 - INFO: searchValue = 
2026-08-11 13:48:40.151 - INFO: vbln_usulan = 
2026-08-11 13:48:40.151 - INFO: vkd_bank = 
2026-08-11 13:48:40.151 - INFO: vkd_dist = 
2026-08-11 13:48:40.151 - INFO: vket_pending = 
2026-08-11 13:48:43.591 - INFO: draw = 1
2026-08-11 13:48:43.597 - INFO: offset (startIndex) = 0
2026-08-11 13:48:43.597 - INFO: limit (length) = 10
2026-08-11 13:48:43.597 - INFO: sortBy = KD_DIST ASC
2026-08-11 13:48:43.597 - INFO: searchValue = 
2026-08-11 13:48:43.597 - INFO: vbln_usulan = 
2026-08-11 13:48:43.597 - INFO: vkd_bank = 
2026-08-11 13:48:43.597 - INFO: vkd_dist = 
2026-08-11 13:49:01.126 - INFO: draw = 1
2026-08-11 13:49:01.126 - INFO: offset (startIndex) = 0
2026-08-11 13:49:01.126 - INFO: limit (length) = 10
2026-08-11 13:49:01.126 - INFO: sortBy = KD_DIST ASC
2026-08-11 13:49:01.126 - INFO: searchValue = 
2026-08-11 13:49:01.126 - INFO: vbln_usulan = 
2026-08-11 13:49:01.126 - INFO: vkd_bank = 
2026-08-11 13:49:01.127 - INFO: vkd_dist = 
2026-08-11 13:49:11.180 - INFO: draw = 1
2026-08-11 13:49:11.180 - INFO: offset (startIndex) = 0
2026-08-11 13:49:11.180 - INFO: limit (length) = 10
2026-08-11 13:49:11.180 - INFO: sortBy = KD_DIST ASC
2026-08-11 13:49:11.180 - INFO: searchValue = 
2026-08-11 13:49:11.180 - INFO: vbln_usulan = 
2026-08-11 13:49:11.180 - INFO: vkd_bank = 
2026-08-11 13:49:11.180 - INFO: vkd_dist = 
2026-08-11 13:49:17.880 - INFO: draw = 1
2026-08-11 13:49:17.880 - INFO: offset (startIndex) = 0
2026-08-11 13:49:17.880 - INFO: limit (length) = 10
2026-08-11 13:49:17.880 - INFO: sortBy = KD_DIST ASC
2026-08-11 13:49:17.880 - INFO: searchValue = 
2026-08-11 13:49:17.880 - INFO: vbln_usulan = 
2026-08-11 13:49:17.880 - INFO: vkd_bank = 
2026-08-11 13:49:17.880 - INFO: vkd_dist = 
2026-08-11 13:51:21.657 - INFO: draw = 1
2026-08-11 13:51:21.657 - INFO: offset (startIndex) = 0
2026-08-11 13:51:21.657 - INFO: limit (length) = 10
2026-08-11 13:51:21.657 - INFO: sortBy = KD_DIST ASC
2026-08-11 13:51:21.657 - INFO: searchValue = 
2026-08-11 13:51:21.657 - INFO: vbln_usulan = 
2026-08-11 13:51:21.657 - INFO: vkd_bank = 
2026-08-11 13:51:21.657 - INFO: vkd_dist = 
2026-08-11 13:51:34.758 - INFO: draw = 1
2026-08-11 13:51:34.758 - INFO: offset (startIndex) = 0
2026-08-11 13:51:34.759 - INFO: limit (length) = 10
2026-08-11 13:51:34.759 - INFO: sortBy = KD_DIST ASC
2026-08-11 13:51:34.759 - INFO: searchValue = 
2026-08-11 13:51:34.759 - INFO: vbln_usulan = 
2026-08-11 13:51:34.759 - INFO: vkd_bank = 
2026-08-11 13:51:34.759 - INFO: vkd_dist = 
2026-08-11 13:51:34.759 - INFO: vket_pending = 
2026-08-11 13:51:37.307 - INFO: draw = 1
2026-08-11 13:51:37.307 - INFO: offset (startIndex) = 0
2026-08-11 13:51:37.307 - INFO: limit (length) = 10
2026-08-11 13:51:37.307 - INFO: sortBy = KD_DIST ASC
2026-08-11 13:51:37.307 - INFO: searchValue = 
2026-08-11 13:51:37.307 - INFO: vbln_usulan = 
2026-08-11 13:51:37.307 - INFO: vkd_bank = 
2026-08-11 13:51:37.307 - INFO: vkd_dist = 
2026-08-11 13:55:16.082 - INFO: draw = 1
2026-08-11 13:55:16.082 - INFO: offset (startIndex) = 0
2026-08-11 13:55:16.083 - INFO: limit (length) = 10
2026-08-11 13:55:16.083 - INFO: sortBy = KD_DIST ASC
2026-08-11 13:55:16.083 - INFO: searchValue = 
2026-08-11 13:55:16.083 - INFO: vbln_usulan = 
2026-08-11 13:55:16.083 - INFO: vkd_bank = 
2026-08-11 13:55:16.083 - INFO: vkd_dist = 
2026-08-11 13:55:35.594 - INFO: draw = 2
2026-08-11 13:55:35.595 - INFO: offset (startIndex) = 0
2026-08-11 13:55:35.595 - INFO: limit (length) = 10
2026-08-11 13:55:35.595 - INFO: sortBy = KD_DIST ASC
2026-08-11 13:55:35.595 - INFO: searchValue = 
2026-08-11 13:55:35.595 - INFO: vbln_usulan = 202608
2026-08-11 13:55:35.595 - INFO: vkd_bank = 200
2026-08-11 13:55:35.595 - INFO: vkd_dist = 22
2026-08-11 13:55:35.595 - INFO: draw = 3
2026-08-11 13:55:35.595 - INFO: offset (startIndex) = 0
2026-08-11 13:55:35.595 - INFO: limit (length) = 10
2026-08-11 13:55:35.595 - INFO: sortBy = KD_DIST ASC
2026-08-11 13:55:35.595 - INFO: searchValue = 
2026-08-11 13:55:35.595 - INFO: vbln_usulan = 202608
2026-08-11 13:55:35.595 - INFO: vkd_bank = 200
2026-08-11 13:55:35.595 - INFO: vkd_dist = 22
2026-08-11 13:55:48.456 - INFO: draw = 4
2026-08-11 13:55:48.456 - INFO: offset (startIndex) = 10
2026-08-11 13:55:48.456 - INFO: limit (length) = 10
2026-08-11 13:55:48.456 - INFO: sortBy = KD_DIST ASC
2026-08-11 13:55:48.456 - INFO: searchValue = 
2026-08-11 13:55:48.456 - INFO: vbln_usulan = 202608
2026-08-11 13:55:48.456 - INFO: vkd_bank = 200
2026-08-11 13:55:48.456 - INFO: vkd_dist = 22
2026-08-11 13:57:42.067 - INFO: draw = 1
2026-08-11 13:57:42.068 - INFO: offset (startIndex) = 0
2026-08-11 13:57:42.068 - INFO: limit (length) = 10
2026-08-11 13:57:42.068 - INFO: sortBy = KD_DIST ASC
2026-08-11 13:57:42.068 - INFO: searchValue = 
2026-08-11 13:57:42.068 - INFO: vbln_usulan = 
2026-08-11 13:57:42.068 - INFO: vkd_bank = 
2026-08-11 13:57:42.068 - INFO: vkd_dist = 
2026-08-11 13:57:49.641 - INFO: draw = 2
2026-08-11 13:57:49.641 - INFO: offset (startIndex) = 0
2026-08-11 13:57:49.641 - INFO: limit (length) = 10
2026-08-11 13:57:49.641 - INFO: sortBy = KD_DIST ASC
2026-08-11 13:57:49.641 - INFO: searchValue = 
2026-08-11 13:57:49.641 - INFO: vbln_usulan = 202608
2026-08-11 13:57:49.641 - INFO: vkd_bank = 200
2026-08-11 13:57:49.641 - INFO: vkd_dist = 14
2026-08-11 13:57:49.642 - INFO: draw = 3
2026-08-11 13:57:49.642 - INFO: offset (startIndex) = 0
2026-08-11 13:57:49.642 - INFO: limit (length) = 10
2026-08-11 13:57:49.642 - INFO: sortBy = KD_DIST ASC
2026-08-11 13:57:49.642 - INFO: searchValue = 
2026-08-11 13:57:49.642 - INFO: vbln_usulan = 202608
2026-08-11 13:57:49.642 - INFO: vkd_bank = 200
2026-08-11 13:57:49.642 - INFO: vkd_dist = 14
2026-08-11 13:59:40.549 - INFO: draw = 1
2026-08-11 13:59:40.550 - INFO: offset (startIndex) = 0
2026-08-11 13:59:40.550 - INFO: limit (length) = 10
2026-08-11 13:59:40.550 - INFO: sortBy = KD_DIST ASC
2026-08-11 13:59:40.550 - INFO: searchValue = 
2026-08-11 13:59:40.550 - INFO: vbln_usulan = 
2026-08-11 13:59:40.550 - INFO: vkd_bank = 
2026-08-11 13:59:40.550 - INFO: vkd_dist = 
2026-08-11 13:59:47.330 - INFO: draw = 2
2026-08-11 13:59:47.330 - INFO: offset (startIndex) = 0
2026-08-11 13:59:47.330 - INFO: limit (length) = 10
2026-08-11 13:59:47.330 - INFO: sortBy = KD_DIST ASC
2026-08-11 13:59:47.330 - INFO: searchValue = 
2026-08-11 13:59:47.330 - INFO: vbln_usulan = 202608
2026-08-11 13:59:47.330 - INFO: vkd_bank = 200
2026-08-11 13:59:47.330 - INFO: vkd_dist = 14
2026-08-11 14:05:02.784 - INFO: draw = 1
2026-08-11 14:05:02.784 - INFO: offset (startIndex) = 0
2026-08-11 14:05:02.784 - INFO: limit (length) = 10
2026-08-11 14:05:02.784 - INFO: sortBy = KD_DIST ASC
2026-08-11 14:05:02.784 - INFO: searchValue = 
2026-08-11 14:05:02.784 - INFO: vbln_usulan = 
2026-08-11 14:05:02.784 - INFO: vkd_bank = 
2026-08-11 14:05:02.784 - INFO: vkd_dist = 
2026-08-11 14:07:05.740 - INFO: draw = 1
2026-08-11 14:07:05.740 - INFO: offset (startIndex) = 0
2026-08-11 14:07:05.740 - INFO: limit (length) = 10
2026-08-11 14:07:05.740 - INFO: sortBy = KD_DIST ASC
2026-08-11 14:07:05.740 - INFO: searchValue = 
2026-08-11 14:07:05.740 - INFO: vbln_usulan = 
2026-08-11 14:07:05.740 - INFO: vkd_bank = 
2026-08-11 14:07:05.740 - INFO: vkd_dist = 
2026-08-11 14:07:12.707 - INFO: draw = 2
2026-08-11 14:07:12.707 - INFO: offset (startIndex) = 0
2026-08-11 14:07:12.707 - INFO: limit (length) = 10
2026-08-11 14:07:12.707 - INFO: sortBy = KD_DIST ASC
2026-08-11 14:07:12.708 - INFO: searchValue = 
2026-08-11 14:07:12.708 - INFO: vbln_usulan = 202608
2026-08-11 14:07:12.708 - INFO: vkd_bank = 200
2026-08-11 14:07:12.708 - INFO: vkd_dist = 14
2026-08-11 14:07:55.734 - INFO: draw = 1
2026-08-11 14:07:55.734 - INFO: offset (startIndex) = 0
2026-08-11 14:07:55.734 - INFO: limit (length) = 10
2026-08-11 14:07:55.734 - INFO: sortBy = KD_DIST ASC
2026-08-11 14:07:55.734 - INFO: searchValue = 
2026-08-11 14:07:55.734 - INFO: vbln_usulan = 
2026-08-11 14:07:55.734 - INFO: vkd_bank = 
2026-08-11 14:07:55.734 - INFO: vkd_dist = 
2026-08-11 14:07:55.734 - INFO: vket_pending = 
2026-08-11 14:08:13.556 - INFO: draw = 2
2026-08-11 14:08:13.556 - INFO: offset (startIndex) = 0
2026-08-11 14:08:13.556 - INFO: limit (length) = 10
2026-08-11 14:08:13.556 - INFO: sortBy = KD_DIST ASC
2026-08-11 14:08:13.556 - INFO: searchValue = 
2026-08-11 14:08:13.556 - INFO: vbln_usulan = 202608
2026-08-11 14:08:13.556 - INFO: vkd_bank = 111
2026-08-11 14:08:13.556 - INFO: vkd_dist = 00
2026-08-11 14:08:13.556 - INFO: vket_pending = UNPENDING
2026-08-11 14:11:01.252 - INFO: draw = 1
2026-08-11 14:11:01.252 - INFO: offset (startIndex) = 0
2026-08-11 14:11:01.252 - INFO: limit (length) = 10
2026-08-11 14:11:01.252 - INFO: sortBy = KD_DIST ASC
2026-08-11 14:11:01.252 - INFO: searchValue = 
2026-08-11 14:11:01.252 - INFO: vbln_usulan = 
2026-08-11 14:11:01.252 - INFO: vkd_bank = 
2026-08-11 14:11:01.252 - INFO: vkd_dist = 
2026-08-11 14:11:02.914 - INFO: draw = 1
2026-08-11 14:11:02.914 - INFO: offset (startIndex) = 0
2026-08-11 14:11:02.914 - INFO: limit (length) = 10
2026-08-11 14:11:02.914 - INFO: sortBy = KD_DIST ASC
2026-08-11 14:11:02.914 - INFO: searchValue = 
2026-08-11 14:11:02.914 - INFO: vbln_usulan = 
2026-08-11 14:11:02.914 - INFO: vkd_bank = 
2026-08-11 14:11:02.914 - INFO: vkd_dist = 
2026-08-11 14:11:09.375 - INFO: draw = 2
2026-08-11 14:11:09.377 - INFO: offset (startIndex) = 0
2026-08-11 14:11:09.377 - INFO: limit (length) = 10
2026-08-11 14:11:09.377 - INFO: sortBy = KD_DIST ASC
2026-08-11 14:11:09.377 - INFO: searchValue = 
2026-08-11 14:11:09.377 - INFO: vbln_usulan = 202608
2026-08-11 14:11:09.377 - INFO: vkd_bank = 200
2026-08-11 14:11:09.377 - INFO: vkd_dist = 12
2026-08-11 14:11:53.649 - INFO: draw = 1
2026-08-11 14:11:53.649 - INFO: offset (startIndex) = 0
2026-08-11 14:11:53.649 - INFO: limit (length) = 10
2026-08-11 14:11:53.649 - INFO: sortBy = KD_DIST ASC
2026-08-11 14:11:53.649 - INFO: searchValue = 
2026-08-11 14:11:53.649 - INFO: vbln_usulan = 
2026-08-11 14:11:53.649 - INFO: vkd_bank = 
2026-08-11 14:11:53.649 - INFO: vkd_dist = 
2026-08-11 14:12:00.184 - INFO: draw = 2
2026-08-11 14:12:00.184 - INFO: offset (startIndex) = 0
2026-08-11 14:12:00.184 - INFO: limit (length) = 10
2026-08-11 14:12:00.184 - INFO: sortBy = KD_DIST ASC
2026-08-11 14:12:00.184 - INFO: searchValue = 
2026-08-11 14:12:00.184 - INFO: vbln_usulan = 202608
2026-08-11 14:12:00.184 - INFO: vkd_bank = 200
2026-08-11 14:12:00.184 - INFO: vkd_dist = 12
2026-08-11 14:12:42.628 - INFO: draw = 1
2026-08-11 14:12:42.628 - INFO: offset (startIndex) = 0
2026-08-11 14:12:42.628 - INFO: limit (length) = 10
2026-08-11 14:12:42.628 - INFO: sortBy = KD_DIST ASC
2026-08-11 14:12:42.628 - INFO: searchValue = 
2026-08-11 14:12:42.628 - INFO: vbln_usulan = 
2026-08-11 14:12:42.628 - INFO: vkd_bank = 
2026-08-11 14:12:42.628 - INFO: vkd_dist = 
2026-08-11 14:12:42.628 - INFO: vket_pending = 
2026-08-11 14:13:00.613 - INFO: draw = 2
2026-08-11 14:13:00.614 - INFO: offset (startIndex) = 0
2026-08-11 14:13:00.614 - INFO: limit (length) = 10
2026-08-11 14:13:00.614 - INFO: sortBy = KD_DIST ASC
2026-08-11 14:13:00.615 - INFO: searchValue = 
2026-08-11 14:13:00.615 - INFO: vbln_usulan = 202608
2026-08-11 14:13:00.615 - INFO: vkd_bank = 200
2026-08-11 14:13:00.615 - INFO: vkd_dist = 18
2026-08-11 14:13:00.615 - INFO: vket_pending = PENDING
2026-08-11 14:13:07.894 - INFO: draw = 1
2026-08-11 14:13:07.894 - INFO: offset (startIndex) = 0
2026-08-11 14:13:07.894 - INFO: limit (length) = 1000
2026-08-11 14:13:07.894 - INFO: sortBy = KD_DIST ASC
2026-08-11 14:13:07.894 - INFO: searchValue = null
2026-08-11 14:13:07.894 - INFO: vbln_usulan = 202608
2026-08-11 14:13:07.894 - INFO: vkd_bank = 200
2026-08-11 14:13:07.894 - INFO: vkd_dist = 18
2026-08-11 14:13:07.894 - INFO: vket_pending = PENDING
2026-08-11 14:14:38.846 - INFO: draw = 1
2026-08-11 14:14:38.846 - INFO: offset (startIndex) = 0
2026-08-11 14:14:38.846 - INFO: limit (length) = 10
2026-08-11 14:14:38.846 - INFO: sortBy = KD_DIST ASC
2026-08-11 14:14:38.846 - INFO: searchValue = 
2026-08-11 14:14:38.846 - INFO: vbln_usulan = 
2026-08-11 14:14:38.846 - INFO: vkd_bank = 
2026-08-11 14:14:38.846 - INFO: vkd_dist = 
2026-08-11 14:14:38.846 - INFO: vket_pending = 
2026-08-11 14:15:07.565 - INFO: draw = 2
2026-08-11 14:15:07.565 - INFO: offset (startIndex) = 0
2026-08-11 14:15:07.565 - INFO: limit (length) = 10
2026-08-11 14:15:07.565 - INFO: sortBy = KD_DIST ASC
2026-08-11 14:15:07.565 - INFO: searchValue = 
2026-08-11 14:15:07.565 - INFO: vbln_usulan = 202608
2026-08-11 14:15:07.565 - INFO: vkd_bank = 200
2026-08-11 14:15:07.565 - INFO: vkd_dist = 18
2026-08-11 14:15:07.565 - INFO: vket_pending = PENDING
2026-08-11 14:15:10.548 - INFO: draw = 1
2026-08-11 14:15:10.548 - INFO: offset (startIndex) = 0
2026-08-11 14:15:10.548 - INFO: limit (length) = 1000
2026-08-11 14:15:10.548 - INFO: sortBy = KD_DIST ASC
2026-08-11 14:15:10.548 - INFO: searchValue = null
2026-08-11 14:15:10.548 - INFO: vbln_usulan = 202608
2026-08-11 14:15:10.548 - INFO: vkd_bank = 200
2026-08-11 14:15:10.549 - INFO: vkd_dist = 18
2026-08-11 14:15:10.549 - INFO: vket_pending = PENDING
2026-08-11 14:16:06.405 - INFO: draw = 1
2026-08-11 14:16:06.405 - INFO: offset (startIndex) = 0
2026-08-11 14:16:06.405 - INFO: limit (length) = 10
2026-08-11 14:16:06.405 - INFO: sortBy = KD_DIST ASC
2026-08-11 14:16:06.405 - INFO: searchValue = 
2026-08-11 14:16:06.405 - INFO: vbln_usulan = 
2026-08-11 14:16:06.405 - INFO: vkd_bank = 
2026-08-11 14:16:06.405 - INFO: vkd_dist = 
2026-08-11 14:16:06.405 - INFO: vket_pending = 
2026-08-11 14:16:07.093 - INFO: draw = 1
2026-08-11 14:16:07.093 - INFO: offset (startIndex) = 0
2026-08-11 14:16:07.093 - INFO: limit (length) = 10
2026-08-11 14:16:07.094 - INFO: sortBy = KD_DIST ASC
2026-08-11 14:16:07.094 - INFO: searchValue = 
2026-08-11 14:16:07.094 - INFO: vbln_usulan = 
2026-08-11 14:16:07.094 - INFO: vkd_bank = 
2026-08-11 14:16:07.094 - INFO: vkd_dist = 
2026-08-11 14:16:14.148 - INFO: draw = 2
2026-08-11 14:16:14.149 - INFO: offset (startIndex) = 0
2026-08-11 14:16:14.149 - INFO: limit (length) = 10
2026-08-11 14:16:14.149 - INFO: sortBy = KD_DIST ASC
2026-08-11 14:16:14.149 - INFO: searchValue = 
2026-08-11 14:16:14.149 - INFO: vbln_usulan = 202608
2026-08-11 14:16:14.149 - INFO: vkd_bank = 200
2026-08-11 14:16:14.149 - INFO: vkd_dist = 22
2026-08-11 14:16:34.259 - INFO: draw = 1
2026-08-11 14:16:34.259 - INFO: offset (startIndex) = 0
2026-08-11 14:16:34.259 - INFO: limit (length) = 1000
2026-08-11 14:16:34.259 - INFO: sortBy = KD_DIST ASC
2026-08-11 14:16:34.259 - INFO: searchValue = null
2026-08-11 14:16:34.259 - INFO: vbln_usulan = 202608
2026-08-11 14:16:34.259 - INFO: vkd_bank = 200
2026-08-11 14:16:34.259 - INFO: vkd_dist = 22
2026-08-11 14:24:45.336 - INFO: draw = 1
2026-08-11 14:24:45.336 - INFO: offset (startIndex) = 0
2026-08-11 14:24:45.336 - INFO: limit (length) = 10
2026-08-11 14:24:45.336 - INFO: sortBy = KD_DIST ASC
2026-08-11 14:24:45.337 - INFO: searchValue = 
2026-08-11 14:24:45.337 - INFO: vbln_usulan = 
2026-08-11 14:24:45.337 - INFO: vkd_bank = 
2026-08-11 14:24:45.337 - INFO: vkd_dist = 
2026-08-11 14:24:51.945 - INFO: draw = 2
2026-08-11 14:24:51.945 - INFO: offset (startIndex) = 0
2026-08-11 14:24:51.945 - INFO: limit (length) = 10
2026-08-11 14:24:51.946 - INFO: sortBy = KD_DIST ASC
2026-08-11 14:24:51.946 - INFO: searchValue = 
2026-08-11 14:24:51.946 - INFO: vbln_usulan = 202608
2026-08-11 14:24:51.946 - INFO: vkd_bank = 200
2026-08-11 14:24:51.946 - INFO: vkd_dist = 32
