2026-07-30 07:54:06.052 - INFO: draw = 1
2026-07-30 07:54:06.053 - INFO: offset (startIndex) = 0
2026-07-30 07:54:06.053 - INFO: limit (length) = 10
2026-07-30 07:54:06.053 - INFO: sortBy = KD_DIST ASC
2026-07-30 07:54:06.053 - INFO: searchValue = 
2026-07-30 07:54:06.053 - INFO: vbln_usulan = 
2026-07-30 07:54:06.053 - INFO: vkd_bank = 
2026-07-30 07:54:06.053 - INFO: vkd_dist = 
2026-07-30 07:58:00.042 - INFO: draw = 2
2026-07-30 07:58:00.045 - INFO: offset (startIndex) = 0
2026-07-30 07:58:00.045 - INFO: limit (length) = 10
2026-07-30 07:58:00.045 - INFO: sortBy = KD_DIST ASC
2026-07-30 07:58:00.045 - INFO: searchValue = 
2026-07-30 07:58:00.045 - INFO: vbln_usulan = 202607
2026-07-30 07:58:00.046 - INFO: vkd_bank = 200
2026-07-30 07:58:00.046 - INFO: vkd_dist = 11
2026-07-30 07:58:14.999 - INFO: draw = 3
2026-07-30 07:58:14.999 - INFO: offset (startIndex) = 0
2026-07-30 07:58:14.999 - INFO: limit (length) = 10
2026-07-30 07:58:14.999 - INFO: sortBy = KD_DIST ASC
2026-07-30 07:58:14.999 - INFO: searchValue = 
2026-07-30 07:58:14.999 - INFO: vbln_usulan = 202607
2026-07-30 07:58:14.999 - INFO: vkd_bank = 200
2026-07-30 07:58:14.999 - INFO: vkd_dist = 11
2026-07-30 07:58:19.441 - INFO: draw = 4
2026-07-30 07:58:19.441 - INFO: offset (startIndex) = 0
2026-07-30 07:58:19.441 - INFO: limit (length) = 10
2026-07-30 07:58:19.441 - INFO: sortBy = KD_DIST ASC
2026-07-30 07:58:19.442 - INFO: searchValue = 111000044676
2026-07-30 07:58:19.442 - INFO: vbln_usulan = 202607
2026-07-30 07:58:19.442 - INFO: vkd_bank = 200
2026-07-30 07:58:19.442 - INFO: vkd_dist = 11
2026-07-30 07:58:40.512 - INFO: draw = 5
2026-07-30 07:58:40.512 - INFO: offset (startIndex) = 0
2026-07-30 07:58:40.512 - INFO: limit (length) = 10
2026-07-30 07:58:40.512 - INFO: sortBy = KD_DIST ASC
2026-07-30 07:58:40.512 - INFO: searchValue = 111000044676
2026-07-30 07:58:40.512 - INFO: vbln_usulan = 202607
2026-07-30 07:58:40.512 - INFO: vkd_bank = 200
2026-07-30 07:58:40.514 - INFO: vkd_dist = 11
2026-07-30 07:59:36.636 - INFO: draw = 6
2026-07-30 07:59:36.636 - INFO: offset (startIndex) = 0
2026-07-30 07:59:36.636 - INFO: limit (length) = 10
2026-07-30 07:59:36.636 - INFO: sortBy = KD_DIST ASC
2026-07-30 07:59:36.636 - INFO: searchValue = 
2026-07-30 07:59:36.637 - INFO: vbln_usulan = 202607
2026-07-30 07:59:36.637 - INFO: vkd_bank = 200
2026-07-30 07:59:36.637 - INFO: vkd_dist = 11
2026-07-30 07:59:49.537 - INFO: draw = 7
2026-07-30 07:59:49.537 - INFO: offset (startIndex) = 0
2026-07-30 07:59:49.538 - INFO: limit (length) = 10
2026-07-30 07:59:49.538 - INFO: sortBy = KD_DIST ASC
2026-07-30 07:59:49.538 - INFO: searchValue = 111000044676
2026-07-30 07:59:49.538 - INFO: vbln_usulan = 202607
2026-07-30 07:59:49.538 - INFO: vkd_bank = 200
2026-07-30 07:59:49.538 - INFO: vkd_dist = 11
2026-07-30 08:00:08.577 - INFO: draw = 8
2026-07-30 08:00:08.578 - INFO: offset (startIndex) = 0
2026-07-30 08:00:08.578 - INFO: limit (length) = 10
2026-07-30 08:00:08.578 - INFO: sortBy = KD_DIST ASC
2026-07-30 08:00:08.578 - INFO: searchValue = 
2026-07-30 08:00:08.578 - INFO: vbln_usulan = 202607
2026-07-30 08:00:08.578 - INFO: vkd_bank = 200
2026-07-30 08:00:08.578 - INFO: vkd_dist = 11
2026-07-30 08:00:21.737 - INFO: draw = 9
2026-07-30 08:00:21.738 - INFO: offset (startIndex) = 0
2026-07-30 08:00:21.738 - INFO: limit (length) = 10
2026-07-30 08:00:21.738 - INFO: sortBy = KD_DIST ASC
2026-07-30 08:00:21.738 - INFO: searchValue = 
2026-07-30 08:00:21.738 - INFO: vbln_usulan = 202607
2026-07-30 08:00:21.738 - INFO: vkd_bank = 200
2026-07-30 08:00:21.738 - INFO: vkd_dist = 14
2026-07-30 08:00:48.702 - INFO: draw = 10
2026-07-30 08:00:48.704 - INFO: offset (startIndex) = 0
2026-07-30 08:00:48.704 - INFO: limit (length) = 10
2026-07-30 08:00:48.704 - INFO: sortBy = KD_DIST ASC
2026-07-30 08:00:48.704 - INFO: searchValue = 
2026-07-30 08:00:48.704 - INFO: vbln_usulan = 202607
2026-07-30 08:00:48.704 - INFO: vkd_bank = 200
2026-07-30 08:00:48.704 - INFO: vkd_dist = 18
2026-07-30 08:01:24.141 - INFO: draw = 11
2026-07-30 08:01:24.141 - INFO: offset (startIndex) = 0
2026-07-30 08:01:24.141 - INFO: limit (length) = 10
2026-07-30 08:01:24.141 - INFO: sortBy = KD_DIST ASC
2026-07-30 08:01:24.142 - INFO: searchValue = 
2026-07-30 08:01:24.142 - INFO: vbln_usulan = 202607
2026-07-30 08:01:24.142 - INFO: vkd_bank = 200
2026-07-30 08:01:24.142 - INFO: vkd_dist = 21
2026-07-30 08:03:12.674 - INFO: draw = 12
2026-07-30 08:03:12.675 - INFO: offset (startIndex) = 0
2026-07-30 08:03:12.675 - INFO: limit (length) = 10
2026-07-30 08:03:12.675 - INFO: sortBy = KD_DIST ASC
2026-07-30 08:03:12.675 - INFO: searchValue = 
2026-07-30 08:03:12.675 - INFO: vbln_usulan = 202607
2026-07-30 08:03:12.675 - INFO: vkd_bank = 200
2026-07-30 08:03:12.675 - INFO: vkd_dist = 23
2026-07-30 08:05:17.743 - INFO: draw = 13
2026-07-30 08:05:17.743 - INFO: offset (startIndex) = 0
2026-07-30 08:05:17.743 - INFO: limit (length) = 10
2026-07-30 08:05:17.743 - INFO: sortBy = KD_DIST ASC
2026-07-30 08:05:17.743 - INFO: searchValue = 
2026-07-30 08:05:17.743 - INFO: vbln_usulan = 202607
2026-07-30 08:05:17.743 - INFO: vkd_bank = 200
2026-07-30 08:05:17.743 - INFO: vkd_dist = 32
2026-07-30 08:05:38.666 - INFO: draw = 14
2026-07-30 08:05:38.667 - INFO: offset (startIndex) = 0
2026-07-30 08:05:38.667 - INFO: limit (length) = 10
2026-07-30 08:05:38.667 - INFO: sortBy = KD_DIST ASC
2026-07-30 08:05:38.667 - INFO: searchValue = 
2026-07-30 08:05:38.667 - INFO: vbln_usulan = 202607
2026-07-30 08:05:38.667 - INFO: vkd_bank = 200
2026-07-30 08:05:38.667 - INFO: vkd_dist = 41
2026-07-30 08:05:52.650 - INFO: draw = 15
2026-07-30 08:05:52.651 - INFO: offset (startIndex) = 10
2026-07-30 08:05:52.651 - INFO: limit (length) = 10
2026-07-30 08:05:52.651 - INFO: sortBy = KD_DIST ASC
2026-07-30 08:05:52.651 - INFO: searchValue = 
2026-07-30 08:05:52.651 - INFO: vbln_usulan = 202607
2026-07-30 08:05:52.651 - INFO: vkd_bank = 200
2026-07-30 08:05:52.651 - INFO: vkd_dist = 41
2026-07-30 08:06:19.785 - INFO: draw = 16
2026-07-30 08:06:19.786 - INFO: offset (startIndex) = 0
2026-07-30 08:06:19.786 - INFO: limit (length) = 10
2026-07-30 08:06:19.786 - INFO: sortBy = KD_DIST ASC
2026-07-30 08:06:19.786 - INFO: searchValue = 
2026-07-30 08:06:19.786 - INFO: vbln_usulan = 202607
2026-07-30 08:06:19.786 - INFO: vkd_bank = 200
2026-07-30 08:06:19.786 - INFO: vkd_dist = 43
2026-07-30 08:06:40.646 - INFO: draw = 17
2026-07-30 08:06:40.646 - INFO: offset (startIndex) = 0
2026-07-30 08:06:40.646 - INFO: limit (length) = 10
2026-07-30 08:06:40.646 - INFO: sortBy = KD_DIST ASC
2026-07-30 08:06:40.646 - INFO: searchValue = 
2026-07-30 08:06:40.646 - INFO: vbln_usulan = 202607
2026-07-30 08:06:40.646 - INFO: vkd_bank = 200
2026-07-30 08:06:40.646 - INFO: vkd_dist = 44
2026-07-30 08:06:53.703 - INFO: draw = 18
2026-07-30 08:06:53.704 - INFO: offset (startIndex) = 0
2026-07-30 08:06:53.704 - INFO: limit (length) = 10
2026-07-30 08:06:53.704 - INFO: sortBy = KD_DIST ASC
2026-07-30 08:06:53.704 - INFO: searchValue = 
2026-07-30 08:06:53.704 - INFO: vbln_usulan = 202607
2026-07-30 08:06:53.704 - INFO: vkd_bank = 200
2026-07-30 08:06:53.704 - INFO: vkd_dist = 52
2026-07-30 08:07:38.340 - INFO: draw = 19
2026-07-30 08:07:38.340 - INFO: offset (startIndex) = 0
2026-07-30 08:07:38.340 - INFO: limit (length) = 10
2026-07-30 08:07:38.340 - INFO: sortBy = KD_DIST ASC
2026-07-30 08:07:38.340 - INFO: searchValue = 
2026-07-30 08:07:38.340 - INFO: vbln_usulan = 202607
2026-07-30 08:07:38.340 - INFO: vkd_bank = 200
2026-07-30 08:07:38.342 - INFO: vkd_dist = 53
2026-07-30 08:07:48.117 - INFO: draw = 20
2026-07-30 08:07:48.117 - INFO: offset (startIndex) = 10
2026-07-30 08:07:48.117 - INFO: limit (length) = 10
2026-07-30 08:07:48.117 - INFO: sortBy = KD_DIST ASC
2026-07-30 08:07:48.117 - INFO: searchValue = 
2026-07-30 08:07:48.117 - INFO: vbln_usulan = 202607
2026-07-30 08:07:48.117 - INFO: vkd_bank = 200
2026-07-30 08:07:48.117 - INFO: vkd_dist = 53
2026-07-30 08:07:53.983 - INFO: draw = 21
2026-07-30 08:07:53.983 - INFO: offset (startIndex) = 30
2026-07-30 08:07:53.983 - INFO: limit (length) = 10
2026-07-30 08:07:53.983 - INFO: sortBy = KD_DIST ASC
2026-07-30 08:07:53.983 - INFO: searchValue = 
2026-07-30 08:07:53.983 - INFO: vbln_usulan = 202607
2026-07-30 08:07:53.984 - INFO: vkd_bank = 200
2026-07-30 08:07:53.984 - INFO: vkd_dist = 53
2026-07-30 08:08:00.586 - INFO: draw = 22
2026-07-30 08:08:00.586 - INFO: offset (startIndex) = 90
2026-07-30 08:08:00.586 - INFO: limit (length) = 10
2026-07-30 08:08:00.586 - INFO: sortBy = KD_DIST ASC
2026-07-30 08:08:00.586 - INFO: searchValue = 
2026-07-30 08:08:00.586 - INFO: vbln_usulan = 202607
2026-07-30 08:08:00.586 - INFO: vkd_bank = 200
2026-07-30 08:08:00.586 - INFO: vkd_dist = 53
2026-07-30 08:08:14.294 - INFO: draw = 1
2026-07-30 08:08:14.295 - INFO: offset (startIndex) = 0
2026-07-30 08:08:14.295 - INFO: limit (length) = 10
2026-07-30 08:08:14.295 - INFO: sortBy = KD_DIST ASC
2026-07-30 08:08:14.295 - INFO: searchValue = 
2026-07-30 08:08:14.295 - INFO: vbln_usulan = 
2026-07-30 08:08:14.295 - INFO: vkd_bank = 
2026-07-30 08:08:14.295 - INFO: vkd_dist = 
2026-07-30 10:16:31.211 - INFO: draw = 1
2026-07-30 10:16:31.211 - INFO: offset (startIndex) = 0
2026-07-30 10:16:31.211 - INFO: limit (length) = 10
2026-07-30 10:16:31.211 - INFO: sortBy = KD_DIST ASC
2026-07-30 10:16:31.211 - INFO: searchValue = 
2026-07-30 10:16:31.211 - INFO: vbln_usulan = 
2026-07-30 10:16:31.211 - INFO: vkd_bank = 
2026-07-30 10:16:31.211 - INFO: vkd_dist = 
2026-07-30 10:34:45.316 - INFO: draw = 1
2026-07-30 10:34:45.318 - INFO: offset (startIndex) = 0
2026-07-30 10:34:45.318 - INFO: limit (length) = 10
2026-07-30 10:34:45.318 - INFO: sortBy = KD_DIST ASC
2026-07-30 10:34:45.318 - INFO: searchValue = 
2026-07-30 10:34:45.318 - INFO: vbln_usulan = 
2026-07-30 10:34:45.318 - INFO: vkd_bank = 
2026-07-30 10:34:45.319 - INFO: vkd_dist = 
2026-07-30 13:16:14.844 - INFO: draw = 1
2026-07-30 13:16:14.844 - INFO: offset (startIndex) = 0
2026-07-30 13:16:14.844 - INFO: limit (length) = 10
2026-07-30 13:16:14.844 - INFO: sortBy = KD_DIST ASC
2026-07-30 13:16:14.845 - INFO: searchValue = 
2026-07-30 13:16:14.845 - INFO: vbln_usulan = 
2026-07-30 13:16:14.845 - INFO: vkd_bank = 
2026-07-30 13:16:14.845 - INFO: vkd_dist = 
2026-07-30 13:17:32.552 - INFO: draw = 1
2026-07-30 13:17:32.553 - INFO: offset (startIndex) = 0
2026-07-30 13:17:32.553 - INFO: limit (length) = 10
2026-07-30 13:17:32.553 - INFO: sortBy = KD_DIST ASC
2026-07-30 13:17:32.553 - INFO: searchValue = 
2026-07-30 13:17:32.553 - INFO: vbln_usulan = 
2026-07-30 13:17:32.553 - INFO: vkd_bank = 
2026-07-30 13:17:32.553 - INFO: vkd_dist = 
2026-07-30 13:23:20.020 - INFO: draw = 1
2026-07-30 13:23:20.021 - INFO: offset (startIndex) = 0
2026-07-30 13:23:20.021 - INFO: limit (length) = 10
2026-07-30 13:23:20.021 - INFO: sortBy = KD_DIST ASC
2026-07-30 13:23:20.021 - INFO: searchValue = 
2026-07-30 13:23:20.021 - INFO: vbln_usulan = 
2026-07-30 13:23:20.021 - INFO: vkd_bank = 
2026-07-30 13:23:20.021 - INFO: vkd_dist = 
2026-07-30 13:26:05.767 - INFO: draw = 1
2026-07-30 13:26:05.767 - INFO: offset (startIndex) = 0
2026-07-30 13:26:05.767 - INFO: limit (length) = 10
2026-07-30 13:26:05.767 - INFO: sortBy = KD_DIST ASC
2026-07-30 13:26:05.767 - INFO: searchValue = 
2026-07-30 13:26:05.767 - INFO: vbln_usulan = 
2026-07-30 13:26:05.768 - INFO: vkd_bank = 
2026-07-30 13:26:05.768 - INFO: vkd_dist = 
2026-07-30 13:26:20.279 - INFO: draw = 1
2026-07-30 13:26:20.279 - INFO: offset (startIndex) = 0
2026-07-30 13:26:20.279 - INFO: limit (length) = 10
2026-07-30 13:26:20.279 - INFO: sortBy = KD_DIST ASC
2026-07-30 13:26:20.279 - INFO: searchValue = 
2026-07-30 13:26:20.279 - INFO: vbln_usulan = 
2026-07-30 13:26:20.279 - INFO: vkd_bank = 
2026-07-30 13:26:20.279 - INFO: vkd_dist = 
2026-07-30 13:26:42.112 - INFO: draw = 1
2026-07-30 13:26:42.112 - INFO: offset (startIndex) = 0
2026-07-30 13:26:42.112 - INFO: limit (length) = 10
2026-07-30 13:26:42.112 - INFO: sortBy = KD_DIST ASC
2026-07-30 13:26:42.112 - INFO: searchValue = 
2026-07-30 13:26:42.112 - INFO: vbln_usulan = 
2026-07-30 13:26:42.112 - INFO: vkd_bank = 
2026-07-30 13:26:42.112 - INFO: vkd_dist = 
2026-07-30 14:16:26.597 - INFO: ? Memanggil service.getMasterBank()...
2026-07-30 14:16:27.111 - INFO: ? Berhasil ambil data bank. Jumlah data: 3
