2026-08-03 09:32:13.246 - INFO: draw = 1
2026-08-03 09:32:13.247 - INFO: offset (startIndex) = 0
2026-08-03 09:32:13.247 - INFO: limit (length) = 10
2026-08-03 09:32:13.247 - INFO: sortBy = KD_DIST ASC
2026-08-03 09:32:13.247 - INFO: searchValue = 
2026-08-03 09:32:13.247 - INFO: vbln_usulan = 
2026-08-03 09:32:13.248 - INFO: vkd_bank = 
2026-08-03 09:32:13.248 - INFO: vkd_dist = 
2026-08-03 10:03:14.714 - INFO: draw = 2
2026-08-03 10:03:14.719 - INFO: offset (startIndex) = 0
2026-08-03 10:03:14.719 - INFO: limit (length) = 10
2026-08-03 10:03:14.720 - INFO: sortBy = KD_DIST ASC
2026-08-03 10:03:14.720 - INFO: searchValue = 
2026-08-03 10:03:14.721 - INFO: vbln_usulan = 202607
2026-08-03 10:03:14.721 - INFO: vkd_bank = 111
2026-08-03 10:03:14.721 - INFO: vkd_dist = 00
2026-08-03 10:08:09.684 - INFO: draw = 3
2026-08-03 10:08:09.685 - INFO: offset (startIndex) = 0
2026-08-03 10:08:09.685 - INFO: limit (length) = 10
2026-08-03 10:08:09.685 - INFO: sortBy = KD_DIST ASC
2026-08-03 10:08:09.685 - INFO: searchValue = 
2026-08-03 10:08:09.685 - INFO: vbln_usulan = 202607
2026-08-03 10:08:09.685 - INFO: vkd_bank = 111
2026-08-03 10:08:09.685 - INFO: vkd_dist = 00
2026-08-03 10:10:11.333 - INFO: draw = 4
2026-08-03 10:10:11.333 - INFO: offset (startIndex) = 0
2026-08-03 10:10:11.333 - INFO: limit (length) = 10
2026-08-03 10:10:11.333 - INFO: sortBy = KD_DIST ASC
2026-08-03 10:10:11.333 - INFO: searchValue = 
2026-08-03 10:10:11.333 - INFO: vbln_usulan = 202607
2026-08-03 10:10:11.335 - INFO: vkd_bank = 200
2026-08-03 10:10:11.335 - INFO: vkd_dist = 43
